Component: ARM Compiler 5.06 update 7 (build 960) Tool: armlink [4d3601]

==============================================================================

Section Cross References

    host.o(i.get_generate_host_rf_idx) refers to persist.o(i.persist_read) for persist_read
    host.o(i.get_generate_host_rf_idx) refers to sys.o(i.sys_rand_get) for sys_rand_get
    host.o(i.get_generate_host_rf_idx) refers to persist.o(i.persist_write) for persist_write
    host.o(i.get_generate_host_rf_idx) refers to nrf_log_frontend.o(i.nrf_log_frontend_std_0) for nrf_log_frontend_std_0
    host.o(i.get_generate_host_rf_idx) refers to nrf_log_frontend.o(log_const_data) for m_nrf_log_app_logs_data_const
    host.o(i.logging_init) refers to nrf_log_frontend.o(i.nrf_log_init) for nrf_log_init
    host.o(i.logging_init) refers to nrf_log_default_backends.o(i.nrf_log_default_backends_init) for nrf_log_default_backends_init
    host.o(i.main) refers to host.o(i.tem_init) for tem_init
    host.o(i.main) refers to host.o(i.logging_init) for logging_init
    host.o(i.main) refers to sys.o(i.app_error_handler_bare) for app_error_handler_bare
    host.o(i.main) refers to nrf_log_frontend.o(i.nrf_log_frontend_std_0) for nrf_log_frontend_std_0
    host.o(i.main) refers to nrf_log_frontend.o(i.nrf_log_frontend_dequeue) for nrf_log_frontend_dequeue
    host.o(i.main) refers to app_scheduler.o(i.app_sched_init) for app_sched_init
    host.o(i.main) refers to app_timer.o(i.app_timer_init) for app_timer_init
    host.o(i.main) refers to nrf_log_frontend.o(i.nrf_log_frontend_std_1) for nrf_log_frontend_std_1
    host.o(i.main) refers to rled_ctl.o(i.rled_init) for rled_init
    host.o(i.main) refers to d_packet.o(i.d_packet_init) for d_packet_init
    host.o(i.main) refers to persist.o(i.persist_init) for persist_init
    host.o(i.main) refers to sys.o(i.sys_clocks_switch) for sys_clocks_switch
    host.o(i.main) refers to sys.o(i.sys_tick_init) for sys_tick_init
    host.o(i.main) refers to sys.o(i.sys_tick_start) for sys_tick_start
    host.o(i.main) refers to host.o(i.get_generate_host_rf_idx) for get_generate_host_rf_idx
    host.o(i.main) refers to m_rf.o(i.rf_module_init_and_start) for rf_module_init_and_start
    host.o(i.main) refers to xcg.o(i.sc_spiSlave_init) for sc_spiSlave_init
    host.o(i.main) refers to xcg.o(i.sc_spi_transfer_timer_init) for sc_spi_transfer_timer_init
    host.o(i.main) refers to xcg.o(i.sc_spi_transfer_timer_start) for sc_spi_transfer_timer_start
    host.o(i.main) refers to app_scheduler.o(i.app_sched_execute) for app_sched_execute
    host.o(i.main) refers to m_rf.o(i.get_req_cnt) for get_req_cnt
    host.o(i.main) refers to nrf_log_frontend.o(i.nrf_log_frontend_std_4) for nrf_log_frontend_std_4
    host.o(i.main) refers to nrf_log_frontend.o(log_const_data) for m_nrf_log_app_logs_data_const
    host.o(i.main) refers to host.o(.bss) for .bss
    host.o(i.main) refers to host.o(i.protocal_data_cb) for protocal_data_cb
    host.o(i.main) refers to host.o(i.protocal_data_start) for protocal_data_start
    host.o(i.main) refers to host.o(i.protocal_req_cb) for protocal_req_cb
    host.o(i.main) refers to host.o(.data) for .data
    host.o(i.protocal_data_cb) refers to data.o(i.set_entry) for set_entry
    host.o(i.protocal_data_cb) refers to m_rf.o(i.get_req_tick) for get_req_tick
    host.o(i.protocal_data_cb) refers to memcpya.o(.text) for __aeabi_memcpy
    host.o(i.protocal_data_cb) refers to d_packet.o(i.d_packet_add) for d_packet_add
    host.o(i.protocal_data_cb) refers to host.o(.data) for .data
    host.o(i.protocal_data_start) refers to xcg.o(i.xcg_set_freq) for xcg_set_freq
    host.o(i.protocal_req_cb) refers to xcg.o(.data) for gleden
    host.o(i.protocal_req_cb) refers to rled_ctl.o(.data) for gledval
    host.o(i.protocal_req_cb) refers to xcg.o(.data) for gvib
    m_rf.o(i.bondSpecifiedJoyStick) refers to nrf_esb.o(i.nrf_esb_stop_rx) for nrf_esb_stop_rx
    m_rf.o(i.bondSpecifiedJoyStick) refers to nrf_esb.o(i.nrf_esb_disable) for nrf_esb_disable
    m_rf.o(i.bondSpecifiedJoyStick) refers to m_rf.o(i.rf_change_ramup) for rf_change_ramup
    m_rf.o(i.bondSpecifiedJoyStick) refers to nrf_esb.o(i.nrf_esb_init) for nrf_esb_init
    m_rf.o(i.bondSpecifiedJoyStick) refers to m_rf.o(i.rf_change_address) for rf_change_address
    m_rf.o(i.bondSpecifiedJoyStick) refers to nrf_esb.o(i.nrf_esb_set_rf_channel) for nrf_esb_set_rf_channel
    m_rf.o(i.bondSpecifiedJoyStick) refers to sys.o(i.app_error_handler_bare) for app_error_handler_bare
    m_rf.o(i.bondSpecifiedJoyStick) refers to nrf_esb.o(i.nrf_esb_start_rx) for nrf_esb_start_rx
    m_rf.o(i.bondSpecifiedJoyStick) refers to nrfx_timer.o(i.nrfx_timer_init) for nrfx_timer_init
    m_rf.o(i.bondSpecifiedJoyStick) refers to nrfx_timer.o(i.nrfx_timer_extended_compare) for nrfx_timer_extended_compare
    m_rf.o(i.bondSpecifiedJoyStick) refers to nrfx_timer.o(i.nrfx_timer_enable) for nrfx_timer_enable
[...]
    m_gc                                     0x20002a1c   Data          16  fds.o(.bss)
    .bss                                     0x20002a2c   Section      268  app_timer.o(.bss)
    m_op_queue                               0x20002a2c   Data         268  app_timer.o(.bss)
    .bss                                     0x20002b38   Section       64  nrf_log_backend_rtt.o(.bss)
    m_string_buff                            0x20002b38   Data          64  nrf_log_backend_rtt.o(.bss)
    .bss                                     0x20002b78   Section       64  nrf_log_backend_uart.o(.bss)
    m_string_buff                            0x20002b78   Data          64  nrf_log_backend_uart.o(.bss)
    .bss                                     0x20002bb8   Section      192  nrf_log_frontend.o(.bss)
    log_mempool_nrf_balloc_pool_mem          0x20002bb8   Data         192  nrf_log_frontend.o(.bss)
    .bss                                     0x20002c78   Section      128  nrf_log_frontend.o(.bss)
    m_log_push_ringbuf_buf                   0x20002c78   Data         128  nrf_log_frontend.o(.bss)
    .bss                                     0x20002cf8   Section       24  nrf_log_frontend.o(.bss)
    m_log_push_ringbuf_cb                    0x20002cf8   Data          24  nrf_log_frontend.o(.bss)
    .bss                                     0x20002d10   Section     1060  nrf_log_frontend.o(.bss)
    m_log_data                               0x20002d10   Data        1060  nrf_log_frontend.o(.bss)
    .bss                                     0x20003134   Section      804  nrf_esb.o(.bss)
    m_config_local                           0x20003134   Data          24  nrf_esb.o(.bss)
    m_tx_fifo_payload                        0x2000314c   Data         296  nrf_esb.o(.bss)
    m_tx_fifo                                0x20003274   Data          44  nrf_esb.o(.bss)
    m_rx_fifo_payload                        0x200032a0   Data         296  nrf_esb.o(.bss)
    m_rx_fifo                                0x200033c8   Data          44  nrf_esb.o(.bss)
    m_tx_payload_buffer                      0x200033f4   Data          34  nrf_esb.o(.bss)
    m_rx_payload_buffer                      0x20003416   Data          34  nrf_esb.o(.bss)
    m_rx_pipe_info                           0x20003438   Data          32  nrf_esb.o(.bss)
    .bss                                     0x20003458   Section      648  segger_rtt.o(.bss)
    _acUpBuffer                              0x200034d0   Data         512  segger_rtt.o(.bss)
    _acDownBuffer                            0x200036d0   Data          16  segger_rtt.o(.bss)
    STACK                                    0x200036e0   Section     8192  arm_startup_nrf52.o(STACK)

    Global Symbols

    Symbol Name                              Value     Ov Type        Size  Object(Section)

    BuildAttributes$$THM_ISAv4$E$P$D$K$B$S$7EM$VFPi3$EXTD16$VFPS$VFMA$PE$A:L22UL41UL21$X:L11$S22US41US21$IEEE1$IW$USESV6$~STKCKD$USESV7$~SHL$OSPACE$EBA8$MICROLIB$REQ8$EABIv2 0x00000000   Number         0  anon$$obj.o ABSOLUTE
    __ARM_use_no_argv                        0x00000000   Number         0  host.o ABSOLUTE
    __use_no_errno                           0x00000000   Number         0  useno.o ABSOLUTE
    __use_no_exception_handling              0x00000000   Number         0  useno.o ABSOLUTE
    __use_no_fp                              0x00000000   Number         0  useno.o ABSOLUTE
    __use_no_heap                            0x00000000   Number         0  useno.o ABSOLUTE
    __use_no_heap_region                     0x00000000   Number         0  useno.o ABSOLUTE
    __use_no_semihosting                     0x00000000   Number         0  useno.o ABSOLUTE
    __use_no_semihosting_swi                 0x00000000   Number         0  useno.o ABSOLUTE
    __use_no_signal_handling                 0x00000000   Number         0  useno.o ABSOLUTE
    __arm_fini_                               - Undefined Weak Reference
    __cpp_initialize__aeabi_                  - Undefined Weak Reference
    __cxa_finalize                            - Undefined Weak Reference
    _clock_init                               - Undefined Weak Reference
    _microlib_exit                            - Undefined Weak Reference
    log_dynamic_data$$Base                    - Undefined Reference
    __Vectors_Size                           0x00000200   Number         0  arm_startup_nrf52.o ABSOLUTE
    __Vectors                                0x00026000   Data           4  arm_startup_nrf52.o(RESET)
    __Vectors_End                            0x00026200   Data           0  arm_startup_nrf52.o(RESET)
    __main                                   0x00026201   Thumb Code     0  entry.o(.ARM.Collect$$$$00000000)
    _main_stk                                0x00026201   Thumb Code     0  entry2.o(.ARM.Collect$$$$00000001)
    _main_scatterload                        0x00026205   Thumb Code     0  entry5.o(.ARM.Collect$$$$00000004)
    __main_after_scatterload                 0x00026209   Thumb Code     0  entry5.o(.ARM.Collect$$$$00000004)
    _main_clock                              0x00026209   Thumb Code     0  entry7b.o(.ARM.Collect$$$$00000008)
    _main_cpp_init                           0x00026209   Thumb Code     0  entry8b.o(.ARM.Collect$$$$0000000A)
    _main_init                               0x00026209   Thumb Code     0  entry9a.o(.ARM.Collect$$$$0000000B)
    __rt_lib_shutdown_fini                   0x00026211   Thumb Code     0  entry12b.o(.ARM.Collect$$$$0000000E)
    __rt_final_cpp                           0x00026215   Thumb Code     0  entry10a.o(.ARM.Collect$$$$0000000F)
    __rt_final_exit                          0x00026215   Thumb Code     0  entry11a.o(.ARM.Collect$$$$00000011)
    __asm___12_nrf_atomic_c_85ca2469__nrf_atomic_internal_mov 0x00026219   Thumb Code    24  nrf_atomic.o(.emb_text)
    __asm___12_nrf_atomic_c_85ca2469__nrf_atomic_internal_orr 0x00026231   Thumb Code    26  nrf_atomic.o(.emb_text)
    __asm___12_nrf_atomic_c_85ca2469__nrf_atomic_internal_and 0x0002624b   Thumb Code    26  nrf_atomic.o(.emb_text)
    __asm___12_nrf_atomic_c_85ca2469__nrf_atomic_internal_eor 0x00026265   Thumb Code    26  nrf_atomic.o(.emb_text)
    __asm___12_nrf_atomic_c_85ca2469__nrf_atomic_internal_add 0x0002627f   Thumb Code    26  nrf_atomic.o(.emb_text)
    __asm___12_nrf_atomic_c_85ca2469__nrf_atomic_internal_sub 0x00026299   Thumb Code    26  nrf_atomic.o(.emb_text)
    __asm___12_nrf_atomic_c_85ca2469__nrf_atomic_internal_cmp_exch 0x000262b3   Thumb Code    42  nrf_atomic.o(.emb_text)
    __asm___12_nrf_atomic_c_85ca2469__nrf_atomic_internal_sub_hs 0x000262dd   Thumb Code    30  nrf_atomic.o(.emb_text)
    __asm___12_nrf_atfifo_c_51f461e1__nrf_atfifo_wspace_req 0x000262fd   Thumb Code    56  nrf_atfifo.o(.emb_text)
    __asm___12_nrf_atfifo_c_51f461e1__nrf_atfifo_wspace_close 0x00026335   Thumb Code    18  nrf_atfifo.o(.emb_text)
    __asm___12_nrf_atfifo_c_51f461e1__nrf_atfifo_rspace_req 0x00026347   Thumb Code    58  nrf_atfifo.o(.emb_text)
    __asm___12_nrf_atfifo_c_51f461e1__nrf_atfifo_rspace_close 0x00026381   Thumb Code    18  nrf_atfifo.o(.emb_text)
    __asm___12_nrf_atfifo_c_51f461e1__nrf_atfifo_space_clear 0x00026393   Thumb Code    50  nrf_atfifo.o(.emb_text)
    Reset_Handler                            0x000263c5   Thumb Code     8  arm_startup_nrf52.o(.text)
    NMI_Handler                              0x000263cd   Thumb Code     2  arm_startup_nrf52.o(.text)
    HardFault_Handler                        0x000263cf   Thumb Code     2  arm_startup_nrf52.o(.text)
    MemoryManagement_Handler                 0x000263d1   Thumb Code     2  arm_startup_nrf52.o(.text)
    BusFault_Handler                         0x000263d3   Thumb Code     2  arm_startup_nrf52.o(.text)
    UsageFault_Handler                       0x000263d5   Thumb Code     2  arm_startup_nrf52.o(.text)
    SVC_Handler                              0x000263d7   Thumb Code     2  arm_startup_nrf52.o(.text)
    DebugMon_Handler                         0x000263d9   Thumb Code     2  arm_startup_nrf52.o(.text)
    PendSV_Handler                           0x000263db   Thumb Code     2  arm_startup_nrf52.o(.text)
    SysTick_Handler                          0x000263dd   Thumb Code     2  arm_startup_nrf52.o(.text)
    CCM_AAR_IRQHandler                       0x000263df   Thumb Code     0  arm_startup_nrf52.o(.text)
    COMP_LPCOMP_IRQHandler                   0x000263df   Thumb Code     0  arm_startup_nrf52.o(.text)
    ECB_IRQHandler                           0x000263df   Thumb Code     0  arm_startup_nrf52.o(.text)
    FPU_IRQHandler                           0x000263df   Thumb Code     0  arm_startup_nrf52.o(.text)
    I2S_IRQHandler                           0x000263df   Thumb Code     0  arm_startup_nrf52.o(.text)
    MWU_IRQHandler                           0x000263df   Thumb Code     0  arm_startup_nrf52.o(.text)
    NFCT_IRQHandler                          0x000263df   Thumb Code     0  arm_startup_nrf52.o(.text)
    PDM_IRQHandler                           0x000263df   Thumb Code     0  arm_startup_nrf52.o(.text)
    POWER_CLOCK_IRQHandler                   0x000263df   Thumb Code     0  arm_startup_nrf52.o(.text)
    PWM0_IRQHandler                          0x000263df   Thumb Code     0  arm_startup_nrf52.o(.text)
    PWM1_IRQHandler                          0x000263df   Thumb Code     0  arm_startup_nrf52.o(.text)
    PWM2_IRQHandler                          0x000263df   Thumb Code     0  arm_startup_nrf52.o(.text)
    QDEC_IRQHandler                          0x000263df   Thumb Code     0  arm_startup_nrf52.o(.text)
    RNG_IRQHandler                           0x000263df   Thumb Code     0  arm_startup_nrf52.o(.text)
    RTC0_IRQHandler                          0x000263df   Thumb Code     0  arm_startup_nrf52.o(.text)
    RTC2_IRQHandler                          0x000263df   Thumb Code     0  arm_startup_nrf52.o(.text)
    SAADC_IRQHandler                         0x000263df   Thumb Code     0  arm_startup_nrf52.o(.text)
    SPIM1_SPIS1_TWIM1_TWIS1_SPI1_TWI1_IRQHandler 0x000263df   Thumb Code     0  arm_startup_nrf52.o(.text)
    SPIM2_SPIS2_SPI2_IRQHandler              0x000263df   Thumb Code     0  arm_startup_nrf52.o(.text)
    SWI2_EGU2_IRQHandler                     0x000263df   Thumb Code     0  arm_startup_nrf52.o(.text)
    SWI3_EGU3_IRQHandler                     0x000263df   Thumb Code     0  arm_startup_nrf52.o(.text)
    SWI4_EGU4_IRQHandler                     0x000263df   Thumb Code     0  arm_startup_nrf52.o(.text)
    SWI5_EGU5_IRQHandler                     0x000263df   Thumb Code     0  arm_startup_nrf52.o(.text)
    TEMP_IRQHandler                          0x000263df   Thumb Code     0  arm_startup_nrf52.o(.text)
    TIMER0_IRQHandler                        0x000263df   Thumb Code     0  arm_startup_nrf52.o(.text)
    WDT_IRQHandler                           0x000263df   Thumb Code     0  arm_startup_nrf52.o(.text)
    __aeabi_uldivmod                         0x000263e9   Thumb Code    98  uldiv.o(.text)
    __rt_ctype_table                         0x0002644d   Thumb Code     4  ctype_o.o(.text)
    __aeabi_memcpy                           0x00026455   Thumb Code    36  memcpya.o(.text)
    __aeabi_memcpy4                          0x00026455   Thumb Code     0  memcpya.o(.text)
    __aeabi_memcpy8                          0x00026455   Thumb Code     0  memcpya.o(.text)
    __aeabi_memset                           0x00026479   Thumb Code    14  memseta.o(.text)
    __aeabi_memset4                          0x00026479   Thumb Code     0  memseta.o(.text)
    __aeabi_memset8                          0x00026479   Thumb Code     0  memseta.o(.text)
    __aeabi_memclr                           0x00026487   Thumb Code     4  memseta.o(.text)
    __aeabi_memclr4                          0x00026487   Thumb Code     0  memseta.o(.text)
    __aeabi_memclr8                          0x00026487   Thumb Code     0  memseta.o(.text)
    _memset$wrapper                          0x0002648b   Thumb Code    18  memseta.o(.text)
    strlen                                   0x0002649d   Thumb Code    14  strlen.o(.text)
    strcpy                                   0x000264ab   Thumb Code    18  strcpy.o(.text)
    __aeabi_llsl                             0x000264bd   Thumb Code    30  llshl.o(.text)
    _ll_shift_l                              0x000264bd   Thumb Code     0  llshl.o(.text)
    __aeabi_llsr                             0x000264db   Thumb Code    32  llushr.o(.text)
    _ll_ushift_r                             0x000264db   Thumb Code     0  llushr.o(.text)
    __scatterload                            0x000264fd   Thumb Code    28  init.o(.text)
    __scatterload_rt2                        0x000264fd   Thumb Code     0  init.o(.text)
    __decompress                             0x00026521   Thumb Code     0  __dczerorl2.o(.text)
    __decompress1                            0x00026521   Thumb Code    86  __dczerorl2.o(.text)
    GPIOTE_IRQHandler                        0x00026579   Thumb Code   346  nrfx_gpiote.o(i.GPIOTE_IRQHandler)
    RADIO_IRQHandler                         0x000267b9   Thumb Code    84  nrf_esb.o(i.RADIO_IRQHandler)
    RTC1_IRQHandler                          0x00026815   Thumb Code    32  app_timer.o(i.RTC1_IRQHandler)
    SEGGER_RTT_Init                          0x00026839   Thumb Code     4  segger_rtt.o(i.SEGGER_RTT_Init)
    SEGGER_RTT_WriteNoLock                   0x0002683d   Thumb Code    86  segger_rtt.o(i.SEGGER_RTT_WriteNoLock)
    SPIM0_SPIS0_TWIM0_TWIS0_SPI0_TWI0_IRQHandler 0x00026899   Thumb Code     8  nrfx_spis.o(i.SPIM0_SPIS0_TWIM0_TWIS0_SPI0_TWI0_IRQHandler)
    SWI0_EGU0_IRQHandler                     0x000268a9   Thumb Code    84  nrf_esb.o(i.SWI0_EGU0_IRQHandler)
    SWI1_EGU1_IRQHandler                     0x00026901   Thumb Code     4  app_timer.o(i.SWI1_EGU1_IRQHandler)
    SystemInit                               0x00026905   Thumb Code   726  system_nrf52.o(i.SystemInit)
    TIMER1_IRQHandler                        0x00026c21   Thumb Code    10  nrfx_timer.o(i.TIMER1_IRQHandler)
    TIMER2_IRQHandler                        0x00026c35   Thumb Code    10  nrfx_timer.o(i.TIMER2_IRQHandler)
    TIMER3_IRQHandler                        0x00026c49   Thumb Code    32  nrf_esb.o(i.TIMER3_IRQHandler)
    TIMER4_IRQHandler                        0x00026c75   Thumb Code    10  nrfx_timer.o(i.TIMER4_IRQHandler)
    UARTE0_UART0_IRQHandler                  0x00026c89   Thumb Code     6  nrfx_prs.o(i.UARTE0_UART0_IRQHandler)
    __scatterload_copy                       0x00026daf   Thumb Code    14  handlers.o(i.__scatterload_copy)
    __scatterload_null                       0x00026dbd   Thumb Code     2  handlers.o(i.__scatterload_null)
    __scatterload_zeroinit                   0x00026dbf   Thumb Code    14  handlers.o(i.__scatterload_zeroinit)
    app_error_handler_bare                   0x00026dfd   Thumb Code    26  sys.o(i.app_error_handler_bare)
    app_sched_event_put                      0x00026e41   Thumb Code   150  app_scheduler.o(i.app_sched_event_put)
    app_sched_execute                        0x00026edd   Thumb Code    58  app_scheduler.o(i.app_sched_execute)
    app_sched_init                           0x00026f1d   Thumb Code    40  app_scheduler.o(i.app_sched_init)
    app_timer_create                         0x00026f49   Thumb Code    36  app_timer.o(i.app_timer_create)
    app_timer_init                           0x00026f71   Thumb Code    70  app_timer.o(i.app_timer_init)
    app_timer_start                          0x00026fc5   Thumb Code   120  app_timer.o(i.app_timer_start)
    app_util_critical_region_enter           0x00027045   Thumb Code     4  app_util_platform.o(i.app_util_critical_region_enter)
    app_util_critical_region_exit            0x00027049   Thumb Code     4  app_util_platform.o(i.app_util_critical_region_exit)
    app_util_disable_irq                     0x0002704d   Thumb Code    12  app_util_platform.o(i.app_util_disable_irq)
    app_util_enable_irq                      0x0002705d   Thumb Code    14  app_util_platform.o(i.app_util_enable_irq)
    bondSpecifiedJoyStick                    0x00027249   Thumb Code   244  m_rf.o(i.bondSpecifiedJoyStick)
    bond_event_handler                       0x0002736d   Thumb Code   378  m_rf.o(i.bond_event_handler)
    buffer_is_empty                          0x000276dd   Thumb Code    16  nrf_log_frontend.o(i.buffer_is_empty)
    clear_SpecifiedJoyStick_bondInfo         0x00027771   Thumb Code   142  m_rf.o(i.clear_SpecifiedJoyStick_bondInfo)
    d_packet_add                             0x00027941   Thumb Code    48  d_packet.o(i.d_packet_add)
    d_packet_get_next_usr                    0x00027975   Thumb Code    84  d_packet.o(i.d_packet_get_next_usr)
    d_packet_get_size                        0x000279cd   Thumb Code    44  d_packet.o(i.d_packet_get_size)
    d_packet_init                            0x000279fd   Thumb Code    12  d_packet.o(i.d_packet_init)
    d_packet_skip_next                       0x00027a0d   Thumb Code    24  d_packet.o(i.d_packet_skip_next)
    fds_gc                                   0x00027c35   Thumb Code    52  fds.o(i.fds_gc)
    fds_init                                 0x00027c71   Thumb Code   180  fds.o(i.fds_init)
    fds_record_close                         0x00027d39   Thumb Code    60  fds.o(i.fds_record_close)
    fds_record_find                          0x00027d79   Thumb Code    14  fds.o(i.fds_record_find)
    fds_record_open                          0x00027d89   Thumb Code    66  fds.o(i.fds_record_open)
    fds_record_update                        0x00027dd1   Thumb Code    14  fds.o(i.fds_record_update)
    fds_record_write                         0x00027ddf   Thumb Code     8  fds.o(i.fds_record_write)
    fds_register                             0x00027de9   Thumb Code    36  fds.o(i.fds_register)
    get_generate_host_rf_idx                 0x00028005   Thumb Code    72  host.o(i.get_generate_host_rf_idx)
    get_req_cnt                              0x0002806d   Thumb Code     6  m_rf.o(i.get_req_cnt)
    get_req_tick                             0x00028079   Thumb Code     6  m_rf.o(i.get_req_tick)
    logging_init                             0x00028525   Thumb Code    22  host.o(i.logging_init)
    main                                     0x0002853d   Thumb Code   290  host.o(i.main)
    needAckHost                              0x000287a1   Thumb Code    10  xcg.o(i.needAckHost)
    nrf_atfifo_init                          0x000287b1   Thumb Code    38  nrf_atfifo.o(i.nrf_atfifo_init)
    nrf_atfifo_item_alloc                    0x000287d7   Thumb Code    22  nrf_atfifo.o(i.nrf_atfifo_item_alloc)
    nrf_atfifo_item_free                     0x000287ed   Thumb Code    22  nrf_atfifo.o(i.nrf_atfifo_item_free)
    nrf_atfifo_item_get                      0x00028803   Thumb Code    22  nrf_atfifo.o(i.nrf_atfifo_item_get)
    nrf_atfifo_item_put                      0x00028819   Thumb Code    22  nrf_atfifo.o(i.nrf_atfifo_item_put)
    nrf_atomic_flag_clear                    0x0002882f   Thumb Code     6  nrf_atomic.o(i.nrf_atomic_flag_clear)
    nrf_atomic_flag_clear_fetch              0x00028835   Thumb Code     6  nrf_atomic.o(i.nrf_atomic_flag_clear_fetch)
    nrf_atomic_flag_set                      0x0002883b   Thumb Code     6  nrf_atomic.o(i.nrf_atomic_flag_set)
    nrf_atomic_flag_set_fetch                0x00028841   Thumb Code     6  nrf_atomic.o(i.nrf_atomic_flag_set_fetch)
    nrf_atomic_u32_add                       0x00028847   Thumb Code    12  nrf_atomic.o(i.nrf_atomic_u32_add)
    nrf_atomic_u32_and                       0x00028853   Thumb Code    12  nrf_atomic.o(i.nrf_atomic_u32_and)
    nrf_atomic_u32_fetch_add                 0x0002885f   Thumb Code    10  nrf_atomic.o(i.nrf_atomic_u32_fetch_add)
    nrf_atomic_u32_fetch_and                 0x00028869   Thumb Code    10  nrf_atomic.o(i.nrf_atomic_u32_fetch_and)
    nrf_atomic_u32_fetch_or                  0x00028873   Thumb Code    10  nrf_atomic.o(i.nrf_atomic_u32_fetch_or)
    nrf_atomic_u32_fetch_store               0x0002887d   Thumb Code    10  nrf_atomic.o(i.nrf_atomic_u32_fetch_store)
    nrf_atomic_u32_or                        0x00028887   Thumb Code    12  nrf_atomic.o(i.nrf_atomic_u32_or)
    nrf_atomic_u32_sub                       0x00028893   Thumb Code    12  nrf_atomic.o(i.nrf_atomic_u32_sub)
    nrf_balloc_alloc                         0x0002889f   Thumb Code    62  nrf_balloc.o(i.nrf_balloc_alloc)
    nrf_balloc_free                          0x000288dd   Thumb Code    42  nrf_balloc.o(i.nrf_balloc_free)
    nrf_balloc_init                          0x00028907   Thumb Code    48  nrf_balloc.o(i.nrf_balloc_init)
    nrf_drv_spis_init                        0x0002895d   Thumb Code    18  nrf_drv_spis.o(i.nrf_drv_spis_init)
    nrf_drv_uart_init                        0x00028979   Thumb Code    90  nrf_drv_uart.o(i.nrf_drv_uart_init)
    nrf_esb_disable                          0x000289e1   Thumb Code    52  nrf_esb.o(i.nrf_esb_disable)
    nrf_esb_flush_rx                         0x00028a25   Thumb Code    46  nrf_esb.o(i.nrf_esb_flush_rx)
    nrf_esb_flush_tx                         0x00028a5d   Thumb Code    38  nrf_esb.o(i.nrf_esb_flush_tx)
    nrf_esb_init                             0x00028a8d   Thumb Code   308  nrf_esb.o(i.nrf_esb_init)
    nrf_esb_read_rx_payload                  0x00028bf9   Thumb Code   126  nrf_esb.o(i.nrf_esb_read_rx_payload)
    nrf_esb_set_base_address_0               0x00028c81   Thumb Code    98  nrf_esb.o(i.nrf_esb_set_base_address_0)
    nrf_esb_set_base_address_1               0x00028cf1   Thumb Code   144  nrf_esb.o(i.nrf_esb_set_base_address_1)
    nrf_esb_set_prefixes                     0x00028d8d   Thumb Code   142  nrf_esb.o(i.nrf_esb_set_prefixes)
    nrf_esb_set_rf_channel                   0x00028e29   Thumb Code    28  nrf_esb.o(i.nrf_esb_set_rf_channel)
    nrf_esb_skip_tx                          0x00028e49   Thumb Code    60  nrf_esb.o(i.nrf_esb_skip_tx)
    nrf_esb_start_rx                         0x00028e8d   Thumb Code   106  nrf_esb.o(i.nrf_esb_start_rx)
    nrf_esb_stop_rx                          0x00028f0d   Thumb Code    58  nrf_esb.o(i.nrf_esb_stop_rx)
    nrf_esb_write_payload                    0x00028f51   Thumb Code   160  nrf_esb.o(i.nrf_esb_write_payload)
    nrf_fprintf                              0x00028ffd   Thumb Code    26  nrf_fprintf.o(i.nrf_fprintf)
    nrf_fprintf_buffer_flush                 0x00029017   Thumb Code    24  nrf_fprintf.o(i.nrf_fprintf_buffer_flush)
    nrf_fprintf_fmt                          0x0002902f   Thumb Code   474  nrf_fprintf_format.o(i.nrf_fprintf_fmt)
    nrf_fstorage_erase                       0x00029209   Thumb Code   188  nrf_fstorage.o(i.nrf_fstorage_erase)
    nrf_fstorage_init                        0x00029341   Thumb Code    74  nrf_fstorage.o(i.nrf_fstorage_init)
    nrf_fstorage_write                       0x000293d5   Thumb Code   242  nrf_fstorage.o(i.nrf_fstorage_write)
    nrf_log_backend_add                      0x00029751   Thumb Code    86  nrf_log_frontend.o(i.nrf_log_backend_add)
    nrf_log_backend_rtt_init                 0x000297af   Thumb Code     4  nrf_log_backend_rtt.o(i.nrf_log_backend_rtt_init)
    nrf_log_backend_serial_put               0x000297cd   Thumb Code   194  nrf_log_backend_serial.o(i.nrf_log_backend_serial_put)
    nrf_log_backend_uart_init                0x00029891   Thumb Code     6  nrf_log_backend_uart.o(i.nrf_log_backend_uart_init)
    nrf_log_color_id_get                     0x000298dd   Thumb Code    42  nrf_log_frontend.o(i.nrf_log_color_id_get)
    nrf_log_default_backends_init            0x0002990d   Thumb Code    46  nrf_log_default_backends.o(i.nrf_log_default_backends_init)
    nrf_log_frontend_dequeue                 0x00029941   Thumb Code   514  nrf_log_frontend.o(i.nrf_log_frontend_dequeue)
    nrf_log_frontend_std_0                   0x00029b69   Thumb Code     8  nrf_log_frontend.o(i.nrf_log_frontend_std_0)
    nrf_log_frontend_std_1                   0x00029b71   Thumb Code    14  nrf_log_frontend.o(i.nrf_log_frontend_std_1)
    nrf_log_frontend_std_2                   0x00029b7f   Thumb Code    16  nrf_log_frontend.o(i.nrf_log_frontend_std_2)
    nrf_log_frontend_std_3                   0x00029b8f   Thumb Code    18  nrf_log_frontend.o(i.nrf_log_frontend_std_3)
    nrf_log_frontend_std_4                   0x00029ba1   Thumb Code    20  nrf_log_frontend.o(i.nrf_log_frontend_std_4)
    nrf_log_hexdump_entry_process            0x00029bb5   Thumb Code   150  nrf_log_str_formatter.o(i.nrf_log_hexdump_entry_process)
    nrf_log_init                             0x00029c65   Thumb Code    46  nrf_log_frontend.o(i.nrf_log_init)
    nrf_log_module_cnt_get                   0x00029ca1   Thumb Code    10  nrf_log_frontend.o(i.nrf_log_module_cnt_get)
    nrf_log_module_name_get                  0x00029cb5   Thumb Code    24  nrf_log_frontend.o(i.nrf_log_module_name_get)
    nrf_log_panic                            0x00029cd1   Thumb Code    38  nrf_log_frontend.o(i.nrf_log_panic)
    nrf_log_std_entry_process                0x00029cfd   Thumb Code   182  nrf_log_str_formatter.o(i.nrf_log_std_entry_process)
    nrf_memobj_alloc                         0x00029db3   Thumb Code    96  nrf_memobj.o(i.nrf_memobj_alloc)
    nrf_memobj_free                          0x00029e13   Thumb Code    50  nrf_memobj.o(i.nrf_memobj_free)
    nrf_memobj_get                           0x00029e45   Thumb Code     8  nrf_memobj.o(i.nrf_memobj_get)
    nrf_memobj_pool_init                     0x00029e4d   Thumb Code     4  nrf_memobj.o(i.nrf_memobj_pool_init)
    nrf_memobj_put                           0x00029e51   Thumb Code    30  nrf_memobj.o(i.nrf_memobj_put)
    nrf_memobj_read                          0x00029e6f   Thumb Code    16  nrf_memobj.o(i.nrf_memobj_read)
    nrf_memobj_write                         0x00029e7f   Thumb Code    16  nrf_memobj.o(i.nrf_memobj_write)
    nrf_nvmc_page_erase                      0x00029e91   Thumb Code    40  nrf_nvmc.o(i.nrf_nvmc_page_erase)
    nrf_nvmc_write_words                     0x00029ec1   Thumb Code    58  nrf_nvmc.o(i.nrf_nvmc_write_words)
    nrf_ringbuf_init                         0x00029f05   Thumb Code    28  nrf_ringbuf.o(i.nrf_ringbuf_init)
    nrfx_gpiote_in_event_enable              0x00029f9d   Thumb Code   156  nrfx_gpiote.o(i.nrfx_gpiote_in_event_enable)
    nrfx_gpiote_in_init                      0x0002a041   Thumb Code   194  nrfx_gpiote.o(i.nrfx_gpiote_in_init)
    nrfx_gpiote_init                         0x0002a111   Thumb Code    94  nrfx_gpiote.o(i.nrfx_gpiote_init)
    nrfx_gpiote_is_init                      0x0002a17d   Thumb Code    14  nrfx_gpiote.o(i.nrfx_gpiote_is_init)
    nrfx_prs_acquire                         0x0002a1b1   Thumb Code    48  nrfx_prs.o(i.nrfx_prs_acquire)
    nrfx_prs_release                         0x0002a1e1   Thumb Code    18  nrfx_prs.o(i.nrfx_prs_release)
    nrfx_spis_buffers_set                    0x0002a1f5   Thumb Code   122  nrfx_spis.o(i.nrfx_spis_buffers_set)
    nrfx_spis_init                           0x0002a275   Thumb Code   382  nrfx_spis.o(i.nrfx_spis_init)
    nrfx_timer_compare                       0x0002a3fd   Thumb Code    58  nrfx_timer.o(i.nrfx_timer_compare)
    nrfx_timer_disable                       0x0002a439   Thumb Code    22  nrfx_timer.o(i.nrfx_timer_disable)
    nrfx_timer_enable                        0x0002a455   Thumb Code    24  nrfx_timer.o(i.nrfx_timer_enable)
    nrfx_timer_extended_compare              0x0002a471   Thumb Code    42  nrfx_timer.o(i.nrfx_timer_extended_compare)
    nrfx_timer_init                          0x0002a49d   Thumb Code   184  nrfx_timer.o(i.nrfx_timer_init)
    nrfx_timer_is_enabled                    0x0002a559   Thumb Code    26  nrfx_timer.o(i.nrfx_timer_is_enabled)
    nrfx_timer_uninit                        0x0002a579   Thumb Code    74  nrfx_timer.o(i.nrfx_timer_uninit)
    nrfx_uart_0_irq_handler                  0x0002a5c9   Thumb Code     8  nrfx_uart.o(i.nrfx_uart_0_irq_handler)
    nrfx_uart_init                           0x0002a5d9   Thumb Code   196  nrfx_uart.o(i.nrfx_uart_init)
    nrfx_uart_tx                             0x0002a6a9   Thumb Code   160  nrfx_uart.o(i.nrfx_uart_tx)
    nrfx_uart_tx_in_progress                 0x0002a74d   Thumb Code    26  nrfx_uart.o(i.nrfx_uart_tx_in_progress)
    nrfx_uart_uninit                         0x0002a76d   Thumb Code   170  nrfx_uart.o(i.nrfx_uart_uninit)
    nrfx_uarte_0_irq_handler                 0x0002a821   Thumb Code     8  nrfx_uarte.o(i.nrfx_uarte_0_irq_handler)
    nrfx_uarte_init                          0x0002a831   Thumb Code   100  nrfx_uarte.o(i.nrfx_uarte_init)
    nrfx_uarte_tx                            0x0002a89d   Thumb Code   138  nrfx_uarte.o(i.nrfx_uarte_tx)
    nrfx_uarte_tx_in_progress                0x0002a92d   Thumb Code    22  nrfx_uarte.o(i.nrfx_uarte_tx_in_progress)
    nrfx_uarte_uninit                        0x0002a949   Thumb Code   166  nrfx_uarte.o(i.nrfx_uarte_uninit)
    persist_init                             0x0002afad   Thumb Code    70  persist.o(i.persist_init)
    persist_read                             0x0002b021   Thumb Code   100  persist.o(i.persist_read)
    persist_write                            0x0002b085   Thumb Code   134  persist.o(i.persist_write)
    protocal_data_cb                         0x0002b275   Thumb Code   156  host.o(i.protocal_data_cb)
    rf_data_event                            0x0002b6a1   Thumb Code   178  m_rf.o(i.rf_data_event)
    rf_debug_init                            0x0002b801   Thumb Code    34  m_rf.o(i.rf_debug_init)
    rf_init_bond_info                        0x0002b841   Thumb Code    96  m_rf.o(i.rf_init_bond_info)
    rf_module_init_and_start                 0x0002b905   Thumb Code   102  m_rf.o(i.rf_module_init_and_start)
    rf_save_bond_left                        0x0002b9a5   Thumb Code   146  m_rf.o(i.rf_save_bond_left)
    rf_save_bond_right                       0x0002ba7d   Thumb Code   146  m_rf.o(i.rf_save_bond_right)
    rf_stop_data                             0x0002bc79   Thumb Code    58  m_rf.o(i.rf_stop_data)
    rled_event                               0x0002bd75   Thumb Code    80  rled_ctl.o(i.rled_event)
    rled_init                                0x0002bdcd   Thumb Code    80  rled_ctl.o(i.rled_init)
    sc_spiSlave_init                         0x0002bf5d   Thumb Code    80  xcg.o(i.sc_spiSlave_init)
    sc_spi_transfer_timer_init               0x0002c2f5   Thumb Code    24  xcg.o(i.sc_spi_transfer_timer_init)
    sc_spi_transfer_timer_start              0x0002c315   Thumb Code    28  xcg.o(i.sc_spi_transfer_timer_start)
    set_entry                                0x0002c3c9   Thumb Code     8  data.o(i.set_entry)
    spis_bondEvent_handler                   0x0002c3e5   Thumb Code    46  xcg.o(i.spis_bondEvent_handler)
    sys_clocks_switch                        0x0002c67d   Thumb Code    26  sys.o(i.sys_clocks_switch)
    sys_rand_get                             0x0002c699   Thumb Code    50  sys.o(i.sys_rand_get)
    sys_tick_get_unlock                      0x0002c6d9   Thumb Code     8  sys.o(i.sys_tick_get_unlock)
    sys_tick_init                            0x0002c6e5   Thumb Code    60  sys.o(i.sys_tick_init)
    sys_tick_irq                             0x0002c72d   Thumb Code    24  sys.o(i.sys_tick_irq)
    sys_tick_start                           0x0002c749   Thumb Code    38  sys.o(i.sys_tick_start)
    tem_init                                 0x0002c791   Thumb Code    88  host.o(i.tem_init)
    xcg_set_freq                             0x0002d1d5   Thumb Code    42  xcg.o(i.xcg_set_freq)
    gEsbCommunicationTimerInstance           0x0002d204   Data           8  m_rf.o(.constdata)
    gBondTimerInstance                       0x0002d20c   Data           8  m_rf.o(.constdata)
    gTIMER_TICK                              0x0002d288   Data           8  sys.o(.constdata)
    nrf_fstorage_nvmc                        0x0002d394   Data          32  nrf_fstorage_nvmc.o(.constdata)
    nrf_log_backend_rtt_api                  0x0002d3c8   Data          12  nrf_log_backend_rtt.o(.constdata)
    nrf_log_backend_uart_api                 0x0002d3e8   Data          12  nrf_log_backend_uart.o(.constdata)
    __ctype_table                            0x0002d420   Data         129  ctype_o.o(.constdata)
    Region$$Table$$Base                      0x0002d5c4   Number         0  anon$$obj.o(Region$$Table)
    Region$$Table$$Limit                     0x0002d5e4   Number         0  anon$$obj.o(Region$$Table)
    log_const_data$$Base                     0x0002d604   Number         0  nrfx_prs.o(log_const_data)
    m_nrf_log_PRS_logs_data_const            0x0002d604   Data           8  nrfx_prs.o(log_const_data)
    m_nrf_log_UART_logs_data_const           0x0002d60c   Data           8  nrfx_uart.o(log_const_data)
    m_nrf_log_UARTE_logs_data_const          0x0002d614   Data           8  nrfx_uarte.o(log_const_data)
    m_nrf_log_TIMER_logs_data_const          0x0002d61c   Data           8  nrfx_timer.o(log_const_data)
    m_nrf_log_SPIS_logs_data_const           0x0002d624   Data           8  nrfx_spis.o(log_const_data)
    m_nrf_log_GPIOTE_logs_data_const         0x0002d62c   Data           8  nrfx_gpiote.o(log_const_data)
    m_nrf_log_nrf_fstorage_logs_data_const   0x0002d634   Data           8  nrf_fstorage.o(log_const_data)
    m_nrf_log_app_logs_data_const            0x0002d63c   Data           8  nrf_log_frontend.o(log_const_data)
    log_const_data$$Limit                    0x0002d644   Number         0  nrf_log_frontend.o(log_const_data)
    log_mempool                              0x0002d644   Data          20  nrf_log_frontend.o(nrf_balloc)
    glastseqL                                0x20001fd0   Data           1  host.o(.data)
    glastseqR                                0x20001fd1   Data           1  host.o(.data)
    gAploss                                  0x20001fe0   Data           4  host.o(.data)
    current_Ldata                            0x20001ff0   Data           1  m_rf.o(.data)
    current_Rdata                            0x20001ff1   Data           1  m_rf.o(.data)
    gPrefixes                                0x20001ffa   Data           3  m_rf.o(.data)
    g_ID0                                    0x20002001   Data           4  m_rf.o(.data)
    g_ID1                                    0x20002005   Data           4  m_rf.o(.data)
    gLeftjoyStick_fwVersion                  0x2000200c   Data           4  m_rf.o(.data)
    gRightjoyStick_fwVersion                 0x20002010   Data           4  m_rf.o(.data)
    gLeftjoyStick_productNameID              0x20002014   Data           4  m_rf.o(.data)
    gRightjoyStick_productNameID             0x20002018   Data           4  m_rf.o(.data)
    last_Ldata                               0x200020d8   Data           1  m_rf.o(.data)
    last_Rdata                               0x200020d9   Data           1  m_rf.o(.data)
    status                                   0x200020da   Data           1  m_rf.o(.data)
    gSysTick                                 0x200020e4   Data           4  sys.o(.data)
    gs_data                                  0x200020e8   Data           4  data.o(.data)
    gledval                                  0x200020ec   Data           4  rled_ctl.o(.data)
    gvib                                     0x20002104   Data           4  xcg.o(.data)
    gleden                                   0x20002118   Data           1  xcg.o(.data)
    nrf_drv_uart_use_easy_dma                0x2000211c   Data           1  nrf_drv_uart.o(.data)
    m_uart                                   0x20002194   Data          20  nrf_log_backend_uart.o(.data)
    SystemCoreClock                          0x20002250   Data           4  system_nrf52.o(.data)
    fs_data$$Base                            0x20002254   Number         0  fds.o(fs_data)
    m_fs                                     0x20002254   Data          20  fds.o(fs_data)
    fs_data$$Limit                           0x20002268   Number         0  fds.o(fs_data)
    gInfo                                    0x20002318   Data          16  m_rf.o(.bss)
    u_packet                                 0x20002374   Data        1156  d_packet.o(.bss)
    _SEGGER_RTT                              0x20003458   Data         120  segger_rtt.o(.bss)
    __initial_sp                             0x200056e0   Data           0  arm_startup_nrf52.o(STACK)



==============================================================================

Memory Map of the image

  Image Entry point : 0x00026201

  Load Region LR_IROM1 (Base: 0x00026000, Size: 0x000078f0, Max: 0x0005a000, ABSOLUTE, COMPRESSED[0x00007728])

    Execution Region ER_IROM1 (Exec base: 0x00026000, Load base: 0x00026000, Size: 0x00007658, Max: 0x0005a000, ABSOLUTE)

    Exec Addr    Load Addr    Size         Type   Attr      Idx    E Section Name        Object

    0x00026000   0x00026000   0x00000200   Data   RO         5213    RESET               arm_startup_nrf52.o
    0x00026200   0x00026200   0x00000000   Code   RO         5254  * .ARM.Collect$$$$00000000  mc_w.l(entry.o)
    0x00026200   0x00026200   0x00000004   Code   RO         5304    .ARM.Collect$$$$00000001  mc_w.l(entry2.o)
    0x00026204   0x00026204   0x00000004   Code   RO         5307    .ARM.Collect$$$$00000004  mc_w.l(entry5.o)
    0x00026208   0x00026208   0x00000000   Code   RO         5309    .ARM.Collect$$$$00000008  mc_w.l(entry7b.o)
    0x00026208   0x00026208   0x00000000   Code   RO         5311    .ARM.Collect$$$$0000000A  mc_w.l(entry8b.o)
    0x00026208   0x00026208   0x00000008   Code   RO         5312    .ARM.Collect$$$$0000000B  mc_w.l(entry9a.o)
    0x00026210   0x00026210   0x00000004   Code   RO         5319    .ARM.Collect$$$$0000000E  mc_w.l(entry12b.o)
    0x00026214   0x00026214   0x00000000   Code   RO         5314    .ARM.Collect$$$$0000000F  mc_w.l(entry10a.o)
    0x00026214   0x00026214   0x00000000   Code   RO         5316    .ARM.Collect$$$$00000011  mc_w.l(entry11a.o)
    0x00026214   0x00026214   0x00000004   Code   RO         5305    .ARM.Collect$$$$00002712  mc_w.l(entry2.o)
    0x00026218   0x00026218   0x000000e2   Code   RO         2861    .emb_text           nrf_atomic.o
    0x000262fa   0x000262fa   0x00000002   PAD
    0x000262fc   0x000262fc   0x000000c8   Code   RO         3614    .emb_text           nrf_atfifo.o
    0x000263c4   0x000263c4   0x00000024   Code   RO         5214    .text               arm_startup_nrf52.o
    0x000263e8   0x000263e8   0x00000062   Code   RO         5262    .text               mc_w.l(uldiv.o)
    0x0002644a   0x0002644a   0x00000002   PAD
    0x0002644c   0x0002644c   0x00000008   Code   RO         5264    .text               mc_w.l(ctype_o.o)
    0x00026454   0x00026454   0x00000024   Code   RO         5292    .text               mc_w.l(memcpya.o)
    0x00026478   0x00026478   0x00000024   Code   RO         5294    .text               mc_w.l(memseta.o)
    0x0002649c   0x0002649c   0x0000000e   Code   RO         5296    .text               mc_w.l(strlen.o)
    0x000264aa   0x000264aa   0x00000012   Code   RO         5300    .text               mc_w.l(strcpy.o)
    0x000264bc   0x000264bc   0x0000001e   Code   RO         5321    .text               mc_w.l(llshl.o)
    0x000264da   0x000264da   0x00000020   Code   RO         5323    .text               mc_w.l(llushr.o)
    0x000264fa   0x000264fa   0x00000002   PAD
    0x000264fc   0x000264fc   0x00000024   Code   RO         5326    .text               mc_w.l(init.o)
    0x00026520   0x00026520   0x00000056   Code   RO         5336    .text               mc_w.l(__dczerorl2.o)
    0x00026576   0x00026576   0x00000002   PAD
    0x00026578   0x00026578   0x00000164   Code   RO         2462    i.GPIOTE_IRQHandler  nrfx_gpiote.o
    0x000266dc   0x000266dc   0x00000016   Code   RO         3858    i.NVIC_ClearPendingIRQ  app_timer.o
    0x000266f2   0x000266f2   0x00000016   Code   RO         4544    i.NVIC_ClearPendingIRQ  nrf_esb.o
    0x00026708   0x00026708   0x00000016   Code   RO         4545    i.NVIC_DisableIRQ   nrf_esb.o
    0x0002671e   0x0002671e   0x00000016   Code   RO         3859    i.NVIC_EnableIRQ    app_timer.o
    0x00026734   0x00026734   0x00000016   Code   RO         4546    i.NVIC_EnableIRQ    nrf_esb.o
    0x0002674a   0x0002674a   0x00000016   Code   RO         3860    i.NVIC_SetPendingIRQ  app_timer.o
    0x00026760   0x00026760   0x00000016   Code   RO         4547    i.NVIC_SetPendingIRQ  nrf_esb.o
    0x00026776   0x00026776   0x00000020   Code   RO         3861    i.NVIC_SetPriority  app_timer.o
    0x00026796   0x00026796   0x00000020   Code   RO         4548    i.NVIC_SetPriority  nrf_esb.o
    0x000267b6   0x000267b6   0x00000002   PAD
    0x000267b8   0x000267b8   0x0000005c   Code   RO         4549    i.RADIO_IRQHandler  nrf_esb.o
    0x00026814   0x00026814   0x00000024   Code   RO         3862    i.RTC1_IRQHandler   app_timer.o
    0x00026838   0x00026838   0x00000004   Code   RO         4867    i.SEGGER_RTT_Init   segger_rtt.o
    0x0002683c   0x0002683c   0x0000005c   Code   RO         4881    i.SEGGER_RTT_WriteNoLock  segger_rtt.o
    0x00026898   0x00026898   0x00000010   Code   RO         2272    i.SPIM0_SPIS0_TWIM0_TWIS0_SPI0_TWI0_IRQHandler  nrfx_spis.o
    0x000268a8   0x000268a8   0x00000058   Code   RO         4550    i.SWI0_EGU0_IRQHandler  nrf_esb.o
    0x00026900   0x00026900   0x00000004   Code   RO         3863    i.SWI1_EGU1_IRQHandler  app_timer.o
    0x00026904   0x00026904   0x0000031c   Code   RO         5222    i.SystemInit        system_nrf52.o
    0x00026c20   0x00026c20   0x00000014   Code   RO         2075    i.TIMER1_IRQHandler  nrfx_timer.o
    0x00026c34   0x00026c34   0x00000014   Code   RO         2076    i.TIMER2_IRQHandler  nrfx_timer.o
    0x00026c48   0x00026c48   0x0000002c   Code   RO         4551    i.TIMER3_IRQHandler  nrf_esb.o
    0x00026c74   0x00026c74   0x00000014   Code   RO         2077    i.TIMER4_IRQHandler  nrfx_timer.o
    0x00026c88   0x00026c88   0x0000000c   Code   RO         1665    i.UARTE0_UART0_IRQHandler  nrfx_prs.o
    0x00026c94   0x00026c94   0x00000068   Code   RO         4885    i._DoInit           segger_rtt.o
    0x00026cfc   0x00026cfc   0x00000016   Code   RO         4886    i._GetAvailWriteSpace  segger_rtt.o
    0x00026d12   0x00026d12   0x0000005a   Code   RO         4888    i._WriteBlocking    segger_rtt.o
    0x00026d6c   0x00026d6c   0x00000042   Code   RO         4889    i._WriteNoCheck     segger_rtt.o
    0x00026dae   0x00026dae   0x0000000e   Code   RO         5330    i.__scatterload_copy  mc_w.l(handlers.o)
    0x00026dbc   0x00026dbc   0x00000002   Code   RO         5331    i.__scatterload_null  mc_w.l(handlers.o)
    0x00026dbe   0x00026dbe   0x0000000e   Code   RO         5332    i.__scatterload_zeroinit  mc_w.l(handlers.o)
    0x00026dcc   0x00026dcc   0x0000000c   Code   RO         4552    i.addr_conv         nrf_esb.o
    0x00026dd8   0x00026dd8   0x0000000c   Code   RO         3684    i.addr_is_aligned32  nrf_fstorage.o
    0x00026de4   0x00026de4   0x00000018   Code   RO         3685    i.addr_is_within_bounds  nrf_fstorage.o
    0x00026dfc   0x00026dfc   0x00000044   Code   RO          785    i.app_error_handler_bare  sys.o
    0x00026e40   0x00026e40   0x0000009c   Code   RO         4042    i.app_sched_event_put  app_scheduler.o
    0x00026edc   0x00026edc   0x00000040   Code   RO         4043    i.app_sched_execute  app_scheduler.o
    0x00026f1c   0x00026f1c   0x0000002c   Code   RO         4044    i.app_sched_init    app_scheduler.o
    0x00026f48   0x00026f48   0x00000028   Code   RO         3866    i.app_timer_create  app_timer.o
    0x00026f70   0x00026f70   0x00000054   Code   RO         3867    i.app_timer_init    app_timer.o
    0x00026fc4   0x00026fc4   0x00000080   Code   RO         3870    i.app_timer_start   app_timer.o
    0x00027044   0x00027044   0x00000004   Code   RO         2772    i.app_util_critical_region_enter  app_util_platform.o
    0x00027048   0x00027048   0x00000004   Code   RO         2773    i.app_util_critical_region_exit  app_util_platform.o
    0x0002704c   0x0002704c   0x00000010   Code   RO         2774    i.app_util_disable_irq  app_util_platform.o
    0x0002705c   0x0002705c   0x00000014   Code   RO         2775    i.app_util_enable_irq  app_util_platform.o
    0x00027070   0x00027070   0x000000c8   Code   RO         4553    i.apply_address_workarounds  nrf_esb.o
    0x00027138   0x00027138   0x00000088   Code   RO         1725    i.apply_config      nrfx_uart.o
    0x000271c0   0x000271c0   0x00000088   Code   RO         1920    i.apply_config      nrfx_uarte.o
    0x00027248   0x00027248   0x00000124   Code   RO          317    i.bondSpecifiedJoyStick  m_rf.o
    0x0002736c   0x0002736c   0x0000027c   Code   RO          318    i.bond_event_handler  m_rf.o
    0x000275e8   0x000275e8   0x0000003c   Code   RO          319    i.bond_timer_handler  m_rf.o
    0x00027624   0x00027624   0x00000088   Code   RO         4306    i.buf_prealloc      nrf_log_frontend.o
    0x000276ac   0x000276ac   0x0000002e   Code   RO         3076    i.buffer_add        nrf_fprintf_format.o
    0x000276da   0x000276da   0x00000002   PAD
    0x000276dc   0x000276dc   0x00000014   Code   RO         4307    i.buffer_is_empty   nrf_log_frontend.o
    0x000276f0   0x000276f0   0x0000000a   Code   RO         4554    i.bytewise_bit_swap  nrf_esb.o
    0x000276fa   0x000276fa   0x00000002   PAD
    0x000276fc   0x000276fc   0x0000001c   Code   RO         2463    i.channel_free      nrfx_gpiote.o
    0x00027718   0x00027718   0x00000048   Code   RO         2464    i.channel_port_alloc  nrfx_gpiote.o
    0x00027760   0x00027760   0x00000010   Code   RO         2465    i.channel_port_get  nrfx_gpiote.o
    0x00027770   0x00027770   0x000000d0   Code   RO          320    i.clear_SpecifiedJoyStick_bondInfo  m_rf.o
    0x00027840   0x00027840   0x00000054   Code   RO         4555    i.clear_events_restart_rx  nrf_esb.o
    0x00027894   0x00027894   0x000000ac   Code   RO         3873    i.compare_reg_update  app_timer.o
    0x00027940   0x00027940   0x00000034   Code   RO          940    i.d_packet_add      d_packet.o
    0x00027974   0x00027974   0x00000058   Code   RO          943    i.d_packet_get_next_usr  d_packet.o
    0x000279cc   0x000279cc   0x00000030   Code   RO          944    i.d_packet_get_size  d_packet.o
    0x000279fc   0x000279fc   0x00000010   Code   RO          945    i.d_packet_init     d_packet.o
    0x00027a0c   0x00027a0c   0x0000001c   Code   RO          947    i.d_packet_skip_next  d_packet.o
    0x00027a28   0x00027a28   0x00000080   Code   RO         3290    i.delete_execute    fds.o
    0x00027aa8   0x00027aa8   0x00000014   Code   RO         4308    i.dropped_sat16_get  nrf_log_frontend.o
    0x00027abc   0x00027abc   0x00000040   Code   RO         3874    i.elapsed_ticks_acquire  app_timer.o
    0x00027afc   0x00027afc   0x00000048   Code   RO         3771    i.erase             nrf_fstorage_nvmc.o
    0x00027b44   0x00027b44   0x00000074   Code   RO         3291    i.event_prepare     fds.o
    0x00027bb8   0x00027bb8   0x00000020   Code   RO         3292    i.event_send        fds.o
    0x00027bd8   0x00027bd8   0x00000036   Code   RO         3772    i.event_send        nrf_fstorage_nvmc.o
    0x00027c0e   0x00027c0e   0x00000002   PAD
    0x00027c10   0x00027c10   0x00000024   Code   RO          715    i.fds_evt_handler   persist.o
    0x00027c34   0x00027c34   0x0000003c   Code   RO         3295    i.fds_gc            fds.o
    0x00027c70   0x00027c70   0x000000c8   Code   RO         3296    i.fds_init          fds.o
    0x00027d38   0x00027d38   0x00000040   Code   RO         3297    i.fds_record_close  fds.o
    0x00027d78   0x00027d78   0x0000000e   Code   RO         3299    i.fds_record_find   fds.o
    0x00027d86   0x00027d86   0x00000002   PAD
    0x00027d88   0x00027d88   0x00000048   Code   RO         3304    i.fds_record_open   fds.o
    0x00027dd0   0x00027dd0   0x0000000e   Code   RO         3305    i.fds_record_update  fds.o
    0x00027dde   0x00027dde   0x00000008   Code   RO         3306    i.fds_record_write  fds.o
    0x00027de6   0x00027de6   0x00000002   PAD
    0x00027de8   0x00027de8   0x0000002c   Code   RO         3308    i.fds_register      fds.o
    0x00027e14   0x00027e14   0x00000006   Code   RO         3312    i.fs_event_handler  fds.o
    0x00027e1a   0x00027e1a   0x00000002   PAD
    0x00027e1c   0x00027e1c   0x0000007c   Code   RO         3313    i.gc_execute        fds.o
    0x00027e98   0x00027e98   0x0000004c   Code   RO         3314    i.gc_next_page      fds.o
    0x00027ee4   0x00027ee4   0x00000040   Code   RO         3315    i.gc_page_erase     fds.o
    0x00027f24   0x00027f24   0x00000034   Code   RO         3316    i.gc_record_copy    fds.o
    0x00027f58   0x00027f58   0x00000024   Code   RO         3317    i.gc_record_find_next  fds.o
    0x00027f7c   0x00027f7c   0x00000088   Code   RO         3318    i.gc_state_advance  fds.o
    0x00028004   0x00028004   0x00000068   Code   RO            4    i.get_generate_host_rf_idx  host.o
    0x0002806c   0x0002806c   0x0000000c   Code   RO          321    i.get_req_cnt       m_rf.o
    0x00028078   0x00028078   0x0000000c   Code   RO          322    i.get_req_tick      m_rf.o
    0x00028084   0x00028084   0x00000026   Code   RO         3319    i.header_check      fds.o
    0x000280aa   0x000280aa   0x00000012   Code   RO         3320    i.header_has_next   fds.o
    0x000280bc   0x000280bc   0x0000000c   Code   RO         3773    i.init              nrf_fstorage_nvmc.o
    0x000280c8   0x000280c8   0x000000c8   Code   RO         3321    i.init_execute      fds.o
    0x00028190   0x00028190   0x000000a6   Code   RO         3077    i.int_print         nrf_fprintf_format.o
    0x00028236   0x00028236   0x00000002   PAD
    0x00028238   0x00028238   0x00000044   Code   RO          786    i.internal_error_process  sys.o
    0x0002827c   0x0002827c   0x0000007c   Code   RO         1921    i.interrupts_enable  nrfx_uarte.o
    0x000282f8   0x000282f8   0x00000034   Code   RO         4309    i.invalid_packets_omit  nrf_log_frontend.o
    0x0002832c   0x0002832c   0x00000046   Code   RO         2078    i.irq_handler       nrfx_timer.o
    0x00028372   0x00028372   0x00000002   PAD
    0x00028374   0x00028374   0x00000010   Code   RO         3774    i.is_busy           nrf_fstorage_nvmc.o
    0x00028384   0x00028384   0x0000000c   Code   RO         3322    i.is_word_aligned   fds.o
    0x00028390   0x00028390   0x000000f8   Code   RO         3875    i.list_insertions_handler  app_timer.o
    0x00028488   0x00028488   0x0000009c   Code   RO         4310    i.log_skip          nrf_log_frontend.o
    0x00028524   0x00028524   0x00000016   Code   RO            5    i.logging_init      host.o
    0x0002853a   0x0002853a   0x00000002   PAD
    0x0002853c   0x0002853c   0x000001b4   Code   RO            6    i.main              host.o
    0x000286f0   0x000286f0   0x0000007e   Code   RO         3116    i.memobj_op         nrf_memobj.o
    0x0002876e   0x0002876e   0x00000002   PAD
    0x00028770   0x00028770   0x00000030   Code   RO         4311    i.module_idx_get    nrf_log_frontend.o
    0x000287a0   0x000287a0   0x00000010   Code   RO         1164    i.needAckHost       xcg.o
    0x000287b0   0x000287b0   0x00000026   Code   RO         3618    i.nrf_atfifo_init   nrf_atfifo.o
    0x000287d6   0x000287d6   0x00000016   Code   RO         3619    i.nrf_atfifo_item_alloc  nrf_atfifo.o
    0x000287ec   0x000287ec   0x00000016   Code   RO         3620    i.nrf_atfifo_item_free  nrf_atfifo.o
    0x00028802   0x00028802   0x00000016   Code   RO         3621    i.nrf_atfifo_item_get  nrf_atfifo.o
    0x00028818   0x00028818   0x00000016   Code   RO         3622    i.nrf_atfifo_item_put  nrf_atfifo.o
    0x0002882e   0x0002882e   0x00000006   Code   RO         2862    i.nrf_atomic_flag_clear  nrf_atomic.o
    0x00028834   0x00028834   0x00000006   Code   RO         2863    i.nrf_atomic_flag_clear_fetch  nrf_atomic.o
    0x0002883a   0x0002883a   0x00000006   Code   RO         2864    i.nrf_atomic_flag_set  nrf_atomic.o
    0x00028840   0x00028840   0x00000006   Code   RO         2865    i.nrf_atomic_flag_set_fetch  nrf_atomic.o
    0x00028846   0x00028846   0x0000000c   Code   RO         2866    i.nrf_atomic_u32_add  nrf_atomic.o
    0x00028852   0x00028852   0x0000000c   Code   RO         2867    i.nrf_atomic_u32_and  nrf_atomic.o
    0x0002885e   0x0002885e   0x0000000a   Code   RO         2869    i.nrf_atomic_u32_fetch_add  nrf_atomic.o
    0x00028868   0x00028868   0x0000000a   Code   RO         2870    i.nrf_atomic_u32_fetch_and  nrf_atomic.o
    0x00028872   0x00028872   0x0000000a   Code   RO         2871    i.nrf_atomic_u32_fetch_or  nrf_atomic.o
    0x0002887c   0x0002887c   0x0000000a   Code   RO         2872    i.nrf_atomic_u32_fetch_store  nrf_atomic.o
    0x00028886   0x00028886   0x0000000c   Code   RO         2876    i.nrf_atomic_u32_or  nrf_atomic.o
    0x00028892   0x00028892   0x0000000c   Code   RO         2878    i.nrf_atomic_u32_sub  nrf_atomic.o
    0x0002889e   0x0002889e   0x0000003e   Code   RO         3000    i.nrf_balloc_alloc  nrf_balloc.o
    0x000288dc   0x000288dc   0x0000002a   Code   RO         3001    i.nrf_balloc_free   nrf_balloc.o
    0x00028906   0x00028906   0x00000030   Code   RO         3002    i.nrf_balloc_init   nrf_balloc.o
    0x00028936   0x00028936   0x00000010   Code   RO         2466    i.nrf_bitmask_bit_is_set  nrfx_gpiote.o
    0x00028946   0x00028946   0x00000014   Code   RO         2467    i.nrf_bitmask_bit_set  nrfx_gpiote.o
    0x0002895a   0x0002895a   0x00000002   PAD
    0x0002895c   0x0002895c   0x0000001c   Code   RO         2401    i.nrf_drv_spis_init  nrf_drv_spis.o
    0x00028978   0x00028978   0x00000068   Code   RO         1474    i.nrf_drv_uart_init  nrf_drv_uart.o
    0x000289e0   0x000289e0   0x00000044   Code   RO         4556    i.nrf_esb_disable   nrf_esb.o
    0x00028a24   0x00028a24   0x00000038   Code   RO         4558    i.nrf_esb_flush_rx  nrf_esb.o
    0x00028a5c   0x00028a5c   0x00000030   Code   RO         4559    i.nrf_esb_flush_tx  nrf_esb.o
    0x00028a8c   0x00028a8c   0x0000016c   Code   RO         4561    i.nrf_esb_init      nrf_esb.o
    0x00028bf8   0x00028bf8   0x00000088   Code   RO         4564    i.nrf_esb_read_rx_payload  nrf_esb.o
    0x00028c80   0x00028c80   0x00000070   Code   RO         4567    i.nrf_esb_set_base_address_0  nrf_esb.o
    0x00028cf0   0x00028cf0   0x0000009c   Code   RO         4568    i.nrf_esb_set_base_address_1  nrf_esb.o
    0x00028d8c   0x00028d8c   0x0000009c   Code   RO         4570    i.nrf_esb_set_prefixes  nrf_esb.o
    0x00028e28   0x00028e28   0x00000020   Code   RO         4573    i.nrf_esb_set_rf_channel  nrf_esb.o
    0x00028e48   0x00028e48   0x00000044   Code   RO         4575    i.nrf_esb_skip_tx   nrf_esb.o
    0x00028e8c   0x00028e8c   0x00000080   Code   RO         4576    i.nrf_esb_start_rx  nrf_esb.o
    0x00028f0c   0x00028f0c   0x00000044   Code   RO         4578    i.nrf_esb_stop_rx   nrf_esb.o
    0x00028f50   0x00028f50   0x000000ac   Code   RO         4581    i.nrf_esb_write_payload  nrf_esb.o
    0x00028ffc   0x00028ffc   0x0000001a   Code   RO         3037    i.nrf_fprintf       nrf_fprintf.o
    0x00029016   0x00029016   0x00000018   Code   RO         3038    i.nrf_fprintf_buffer_flush  nrf_fprintf.o
    0x0002902e   0x0002902e   0x000001da   Code   RO         3078    i.nrf_fprintf_fmt   nrf_fprintf_format.o
    0x00029208   0x00029208   0x00000138   Code   RO         3686    i.nrf_fstorage_erase  nrf_fstorage.o
    0x00029340   0x00029340   0x00000094   Code   RO         3687    i.nrf_fstorage_init  nrf_fstorage.o
    0x000293d4   0x000293d4   0x000001dc   Code   RO         3693    i.nrf_fstorage_write  nrf_fstorage.o
    0x000295b0   0x000295b0   0x00000024   Code   RO         1726    i.nrf_gpio_cfg      nrfx_uart.o
    0x000295d4   0x000295d4   0x00000024   Code   RO         1922    i.nrf_gpio_cfg      nrfx_uarte.o
    0x000295f8   0x000295f8   0x00000024   Code   RO         2273    i.nrf_gpio_cfg      nrfx_spis.o
    0x0002961c   0x0002961c   0x00000024   Code   RO         2468    i.nrf_gpio_cfg      nrfx_gpiote.o
    0x00029640   0x00029640   0x00000012   Code   RO         1727    i.nrf_gpio_cfg_default  nrfx_uart.o
    0x00029652   0x00029652   0x00000012   Code   RO         1923    i.nrf_gpio_cfg_default  nrfx_uarte.o
    0x00029664   0x00029664   0x00000014   Code   RO         1076    i.nrf_gpio_cfg_input  rled_ctl.o
    0x00029678   0x00029678   0x00000012   Code   RO         1728    i.nrf_gpio_cfg_input  nrfx_uart.o
    0x0002968a   0x0002968a   0x00000012   Code   RO         1924    i.nrf_gpio_cfg_input  nrfx_uarte.o
    0x0002969c   0x0002969c   0x00000010   Code   RO         1165    i.nrf_gpio_cfg_output  xcg.o
    0x000296ac   0x000296ac   0x00000014   Code   RO         1729    i.nrf_gpio_cfg_output  nrfx_uart.o
    0x000296c0   0x000296c0   0x00000014   Code   RO         1925    i.nrf_gpio_cfg_output  nrfx_uarte.o
    0x000296d4   0x000296d4   0x00000022   Code   RO         2470    i.nrf_gpio_cfg_sense_set  nrfx_gpiote.o
    0x000296f6   0x000296f6   0x0000000e   Code   RO         1166    i.nrf_gpio_pin_clear  xcg.o
    0x00029704   0x00029704   0x00000028   Code   RO         2471    i.nrf_gpio_ports_read  nrfx_gpiote.o
    0x0002972c   0x0002972c   0x00000014   Code   RO         2472    i.nrf_gpiote_event_clear  nrfx_gpiote.o
    0x00029740   0x00029740   0x00000010   Code   RO         2473    i.nrf_gpiote_event_is_set  nrfx_gpiote.o
    0x00029750   0x00029750   0x0000005c   Code   RO         4312    i.nrf_log_backend_add  nrf_log_frontend.o
    0x000297ac   0x000297ac   0x00000002   Code   RO         4086    i.nrf_log_backend_rtt_flush  nrf_log_backend_rtt.o
    0x000297ae   0x000297ae   0x00000004   Code   RO         4087    i.nrf_log_backend_rtt_init  nrf_log_backend_rtt.o
    0x000297b2   0x000297b2   0x00000002   Code   RO         4088    i.nrf_log_backend_rtt_panic_set  nrf_log_backend_rtt.o
    0x000297b4   0x000297b4   0x00000018   Code   RO         4089    i.nrf_log_backend_rtt_put  nrf_log_backend_rtt.o
    0x000297cc   0x000297cc   0x000000c2   Code   RO         4152    i.nrf_log_backend_serial_put  nrf_log_backend_serial.o
    0x0002988e   0x0002988e   0x00000002   Code   RO         4186    i.nrf_log_backend_uart_flush  nrf_log_backend_uart.o
    0x00029890   0x00029890   0x00000006   Code   RO         4187    i.nrf_log_backend_uart_init  nrf_log_backend_uart.o
    0x00029896   0x00029896   0x00000002   PAD
    0x00029898   0x00029898   0x0000002c   Code   RO         4188    i.nrf_log_backend_uart_panic_set  nrf_log_backend_uart.o
    0x000298c4   0x000298c4   0x00000018   Code   RO         4189    i.nrf_log_backend_uart_put  nrf_log_backend_uart.o
    0x000298dc   0x000298dc   0x00000030   Code   RO         4314    i.nrf_log_color_id_get  nrf_log_frontend.o
    0x0002990c   0x0002990c   0x00000034   Code   RO         4265    i.nrf_log_default_backends_init  nrf_log_default_backends.o
    0x00029940   0x00029940   0x00000228   Code   RO         4315    i.nrf_log_frontend_dequeue  nrf_log_frontend.o
    0x00029b68   0x00029b68   0x00000008   Code   RO         4317    i.nrf_log_frontend_std_0  nrf_log_frontend.o
    0x00029b70   0x00029b70   0x0000000e   Code   RO         4318    i.nrf_log_frontend_std_1  nrf_log_frontend.o
    0x00029b7e   0x00029b7e   0x00000010   Code   RO         4319    i.nrf_log_frontend_std_2  nrf_log_frontend.o
    0x00029b8e   0x00029b8e   0x00000012   Code   RO         4320    i.nrf_log_frontend_std_3  nrf_log_frontend.o
    0x00029ba0   0x00029ba0   0x00000014   Code   RO         4321    i.nrf_log_frontend_std_4  nrf_log_frontend.o
    0x00029bb4   0x00029bb4   0x000000b0   Code   RO         4492    i.nrf_log_hexdump_entry_process  nrf_log_str_formatter.o
    0x00029c64   0x00029c64   0x0000003c   Code   RO         4324    i.nrf_log_init      nrf_log_frontend.o
    0x00029ca0   0x00029ca0   0x00000014   Code   RO         4325    i.nrf_log_module_cnt_get  nrf_log_frontend.o
    0x00029cb4   0x00029cb4   0x0000001c   Code   RO         4328    i.nrf_log_module_name_get  nrf_log_frontend.o
    0x00029cd0   0x00029cd0   0x0000002c   Code   RO         4329    i.nrf_log_panic     nrf_log_frontend.o
    0x00029cfc   0x00029cfc   0x000000b6   Code   RO         4493    i.nrf_log_std_entry_process  nrf_log_str_formatter.o
    0x00029db2   0x00029db2   0x00000060   Code   RO         3117    i.nrf_memobj_alloc  nrf_memobj.o
    0x00029e12   0x00029e12   0x00000032   Code   RO         3118    i.nrf_memobj_free   nrf_memobj.o
    0x00029e44   0x00029e44   0x00000008   Code   RO         3119    i.nrf_memobj_get    nrf_memobj.o
    0x00029e4c   0x00029e4c   0x00000004   Code   RO         3120    i.nrf_memobj_pool_init  nrf_memobj.o
    0x00029e50   0x00029e50   0x0000001e   Code   RO         3121    i.nrf_memobj_put    nrf_memobj.o
    0x00029e6e   0x00029e6e   0x00000010   Code   RO         3122    i.nrf_memobj_read   nrf_memobj.o
    0x00029e7e   0x00029e7e   0x00000010   Code   RO         3123    i.nrf_memobj_write  nrf_memobj.o
    0x00029e8e   0x00029e8e   0x00000002   PAD
    0x00029e90   0x00029e90   0x00000030   Code   RO         2221    i.nrf_nvmc_page_erase  nrf_nvmc.o
    0x00029ec0   0x00029ec0   0x00000044   Code   RO         2225    i.nrf_nvmc_write_words  nrf_nvmc.o
    0x00029f04   0x00029f04   0x0000001c   Code   RO         3199    i.nrf_ringbuf_init  nrf_ringbuf.o
    0x00029f20   0x00029f20   0x0000000a   Code   RO         2274    i.nrf_spis_event_check  nrfx_spis.o
    0x00029f2a   0x00029f2a   0x0000000c   Code   RO         2275    i.nrf_spis_event_clear  nrfx_spis.o
    0x00029f36   0x00029f36   0x0000000c   Code   RO         2079    i.nrf_timer_event_clear  nrfx_timer.o
    0x00029f42   0x00029f42   0x0000000a   Code   RO         1730    i.nrf_uart_event_check  nrfx_uart.o
    0x00029f4c   0x00029f4c   0x0000000c   Code   RO         1731    i.nrf_uart_event_clear  nrfx_uart.o
    0x00029f58   0x00029f58   0x0000000c   Code   RO         1732    i.nrf_uart_int_enable_check  nrfx_uart.o
    0x00029f64   0x00029f64   0x0000000a   Code   RO         1926    i.nrf_uarte_event_check  nrfx_uarte.o
    0x00029f6e   0x00029f6e   0x0000000c   Code   RO         1927    i.nrf_uarte_event_clear  nrfx_uarte.o
    0x00029f7a   0x00029f7a   0x00000002   PAD
    0x00029f7c   0x00029f7c   0x00000010   Code   RO         1167    i.nrfx_coredep_delay_us  xcg.o
    0x00029f8c   0x00029f8c   0x00000010   Code   RO         3876    i.nrfx_coredep_delay_us  app_timer.o
    0x00029f9c   0x00029f9c   0x000000a4   Code   RO         2478    i.nrfx_gpiote_in_event_enable  nrfx_gpiote.o
    0x0002a040   0x0002a040   0x000000d0   Code   RO         2479    i.nrfx_gpiote_in_init  nrfx_gpiote.o
    0x0002a110   0x0002a110   0x0000006c   Code   RO         2482    i.nrfx_gpiote_init  nrfx_gpiote.o
    0x0002a17c   0x0002a17c   0x00000014   Code   RO         2483    i.nrfx_gpiote_is_init  nrfx_gpiote.o
    0x0002a190   0x0002a190   0x00000010   Code   RO         1928    i.nrfx_is_in_ram    nrfx_uarte.o
    0x0002a1a0   0x0002a1a0   0x00000010   Code   RO         2276    i.nrfx_is_in_ram    nrfx_spis.o
    0x0002a1b0   0x0002a1b0   0x00000030   Code   RO         1666    i.nrfx_prs_acquire  nrfx_prs.o
    0x0002a1e0   0x0002a1e0   0x00000012   Code   RO         1667    i.nrfx_prs_release  nrfx_prs.o
    0x0002a1f2   0x0002a1f2   0x00000002   PAD
    0x0002a1f4   0x0002a1f4   0x00000080   Code   RO         2277    i.nrfx_spis_buffers_set  nrfx_spis.o
    0x0002a274   0x0002a274   0x00000188   Code   RO         2278    i.nrfx_spis_init    nrfx_spis.o
    0x0002a3fc   0x0002a3fc   0x0000003a   Code   RO         2082    i.nrfx_timer_compare  nrfx_timer.o
    0x0002a436   0x0002a436   0x00000002   PAD
    0x0002a438   0x0002a438   0x0000001c   Code   RO         2085    i.nrfx_timer_disable  nrfx_timer.o
    0x0002a454   0x0002a454   0x0000001c   Code   RO         2086    i.nrfx_timer_enable  nrfx_timer.o
    0x0002a470   0x0002a470   0x0000002a   Code   RO         2087    i.nrfx_timer_extended_compare  nrfx_timer.o
    0x0002a49a   0x0002a49a   0x00000002   PAD
    0x0002a49c   0x0002a49c   0x000000bc   Code   RO         2089    i.nrfx_timer_init   nrfx_timer.o
    0x0002a558   0x0002a558   0x00000020   Code   RO         2090    i.nrfx_timer_is_enabled  nrfx_timer.o
    0x0002a578   0x0002a578   0x00000050   Code   RO         2093    i.nrfx_timer_uninit  nrfx_timer.o
    0x0002a5c8   0x0002a5c8   0x00000010   Code   RO         1733    i.nrfx_uart_0_irq_handler  nrfx_uart.o
    0x0002a5d8   0x0002a5d8   0x000000d0   Code   RO         1735    i.nrfx_uart_init    nrfx_uart.o
    0x0002a6a8   0x0002a6a8   0x000000a4   Code   RO         1741    i.nrfx_uart_tx      nrfx_uart.o
    0x0002a74c   0x0002a74c   0x00000020   Code   RO         1743    i.nrfx_uart_tx_in_progress  nrfx_uart.o
    0x0002a76c   0x0002a76c   0x000000b4   Code   RO         1744    i.nrfx_uart_uninit  nrfx_uart.o
    0x0002a820   0x0002a820   0x00000010   Code   RO         1929    i.nrfx_uarte_0_irq_handler  nrfx_uarte.o
    0x0002a830   0x0002a830   0x0000006c   Code   RO         1931    i.nrfx_uarte_init   nrfx_uarte.o
    0x0002a89c   0x0002a89c   0x00000090   Code   RO         1935    i.nrfx_uarte_tx     nrfx_uarte.o
    0x0002a92c   0x0002a92c   0x0000001c   Code   RO         1937    i.nrfx_uarte_tx_in_progress  nrfx_uarte.o
    0x0002a948   0x0002a948   0x000000b0   Code   RO         1938    i.nrfx_uarte_uninit  nrfx_uarte.o
    0x0002a9f8   0x0002a9f8   0x0000017c   Code   RO         4582    i.on_radio_disabled_rx  nrf_esb.o
    0x0002ab74   0x0002ab74   0x00000040   Code   RO         4583    i.on_radio_disabled_rx_ack  nrf_esb.o
    0x0002abb4   0x0002abb4   0x00000080   Code   RO         4584    i.on_radio_disabled_tx  nrf_esb.o
    0x0002ac34   0x0002ac34   0x0000003c   Code   RO         4585    i.on_radio_disabled_tx_noack  nrf_esb.o
    0x0002ac70   0x0002ac70   0x00000134   Code   RO         4586    i.on_radio_disabled_tx_wait_for_ack  nrf_esb.o
    0x0002ada4   0x0002ada4   0x00000024   Code   RO         3323    i.page_identify     fds.o
    0x0002adc8   0x0002adc8   0x0000001c   Code   RO         3324    i.page_offsets_update  fds.o
    0x0002ade4   0x0002ade4   0x0000006c   Code   RO         3325    i.page_scan         fds.o
    0x0002ae50   0x0002ae50   0x0000001c   Code   RO         3326    i.page_tag_write_data  fds.o
    0x0002ae6c   0x0002ae6c   0x00000024   Code   RO         3327    i.page_tag_write_swap  fds.o
    0x0002ae90   0x0002ae90   0x0000011c   Code   RO         3328    i.pages_init        fds.o
    0x0002afac   0x0002afac   0x00000074   Code   RO          717    i.persist_init      persist.o
    0x0002b020   0x0002b020   0x00000064   Code   RO          718    i.persist_read      persist.o
    0x0002b084   0x0002b084   0x000000ec   Code   RO          719    i.persist_write     persist.o
    0x0002b170   0x0002b170   0x00000018   Code   RO         2499    i.pin_in_use_by_port  nrfx_gpiote.o
    0x0002b188   0x0002b188   0x00000018   Code   RO         2500    i.pin_in_use_by_te  nrfx_gpiote.o
    0x0002b1a0   0x0002b1a0   0x0000003c   Code   RO         4495    i.postfix_process   nrf_log_str_formatter.o
    0x0002b1dc   0x0002b1dc   0x00000098   Code   RO         4496    i.prefix_process    nrf_log_str_formatter.o
    0x0002b274   0x0002b274   0x000000a0   Code   RO            8    i.protocal_data_cb  host.o
    0x0002b314   0x0002b314   0x00000006   Code   RO            9    i.protocal_data_start  host.o
    0x0002b31a   0x0002b31a   0x00000002   PAD
    0x0002b31c   0x0002b31c   0x0000005c   Code   RO           10    i.protocal_req_cb   host.o
    0x0002b378   0x0002b378   0x00000018   Code   RO         1668    i.prs_box_get       nrfx_prs.o
    0x0002b390   0x0002b390   0x0000001c   Code   RO         3329    i.queue_buf_get     fds.o
    0x0002b3ac   0x0002b3ac   0x00000010   Code   RO         3330    i.queue_buf_store   fds.o
    0x0002b3bc   0x0002b3bc   0x000000a0   Code   RO         3331    i.queue_process     fds.o
    0x0002b45c   0x0002b45c   0x0000001c   Code   RO         3332    i.queue_start       fds.o
    0x0002b478   0x0002b478   0x0000000e   Code   RO         3775    i.read              nrf_fstorage_nvmc.o
    0x0002b486   0x0002b486   0x00000002   PAD
    0x0002b488   0x0002b488   0x00000088   Code   RO         3333    i.record_find       fds.o
    0x0002b510   0x0002b510   0x000000a0   Code   RO         3334    i.record_find_by_desc  fds.o
    0x0002b5b0   0x0002b5b0   0x0000005c   Code   RO         3335    i.record_find_next  fds.o
    0x0002b60c   0x0002b60c   0x00000038   Code   RO         3336    i.record_header_flag_dirty  fds.o
    0x0002b644   0x0002b644   0x0000001c   Code   RO         4587    i.reset_fifos       nrf_esb.o
    0x0002b660   0x0002b660   0x0000002e   Code   RO          325    i.rf_change_address  m_rf.o
    0x0002b68e   0x0002b68e   0x00000002   PAD
    0x0002b690   0x0002b690   0x00000010   Code   RO          326    i.rf_change_ramup   m_rf.o
    0x0002b6a0   0x0002b6a0   0x000000d4   Code   RO          328    i.rf_data_event     m_rf.o
    0x0002b774   0x0002b774   0x0000008c   Code   RO          329    i.rf_data_req       m_rf.o
    0x0002b800   0x0002b800   0x00000040   Code   RO          330    i.rf_debug_init     m_rf.o
    0x0002b840   0x0002b840   0x00000068   Code   RO          333    i.rf_init_bond_info  m_rf.o
    0x0002b8a8   0x0002b8a8   0x0000005c   Code   RO          334    i.rf_init_id        m_rf.o
    0x0002b904   0x0002b904   0x000000a0   Code   RO          335    i.rf_module_init_and_start  m_rf.o
    0x0002b9a4   0x0002b9a4   0x000000d8   Code   RO          338    i.rf_save_bond_left  m_rf.o
    0x0002ba7c   0x0002ba7c   0x000000d8   Code   RO          339    i.rf_save_bond_right  m_rf.o
    0x0002bb54   0x0002bb54   0x00000124   Code   RO          340    i.rf_start_data     m_rf.o
    0x0002bc78   0x0002bc78   0x00000068   Code   RO          341    i.rf_stop_data      m_rf.o
    0x0002bce0   0x0002bce0   0x00000094   Code   RO          342    i.rf_timer_data     m_rf.o
    0x0002bd74   0x0002bd74   0x00000058   Code   RO         1078    i.rled_event        rled_ctl.o
    0x0002bdcc   0x0002bdcc   0x00000058   Code   RO         1080    i.rled_init         rled_ctl.o
    0x0002be24   0x0002be24   0x00000004   Code   RO         3776    i.rmap              nrf_fstorage_nvmc.o
    0x0002be28   0x0002be28   0x0000003c   Code   RO         3877    i.rtc1_stop         app_timer.o
    0x0002be64   0x0002be64   0x00000032   Code   RO         1745    i.rx_byte           nrfx_uart.o
    0x0002be96   0x0002be96   0x00000016   Code   RO         1746    i.rx_done_event     nrfx_uart.o
    0x0002beac   0x0002beac   0x00000016   Code   RO         1939    i.rx_done_event     nrfx_uarte.o
    0x0002bec2   0x0002bec2   0x00000002   PAD
    0x0002bec4   0x0002bec4   0x00000098   Code   RO         4588    i.rx_fifo_push_rfbuf  nrf_esb.o
    0x0002bf5c   0x0002bf5c   0x00000058   Code   RO         1168    i.sc_spiSlave_init  xcg.o
    0x0002bfb4   0x0002bfb4   0x00000340   Code   RO         1169    i.sc_spi_transfer   xcg.o
    0x0002c2f4   0x0002c2f4   0x00000020   Code   RO         1170    i.sc_spi_transfer_timer_init  xcg.o
    0x0002c314   0x0002c314   0x00000024   Code   RO         1171    i.sc_spi_transfer_timer_start  xcg.o
    0x0002c338   0x0002c338   0x00000050   Code   RO         4090    i.serial_tx         nrf_log_backend_rtt.o
    0x0002c388   0x0002c388   0x00000040   Code   RO         4190    i.serial_tx         nrf_log_backend_uart.o
    0x0002c3c8   0x0002c3c8   0x0000000c   Code   RO         1020    i.set_entry         data.o
    0x0002c3d4   0x0002c3d4   0x0000000e   Code   RO         1172    i.spi_transfer_handler  xcg.o
    0x0002c3e2   0x0002c3e2   0x00000002   PAD
    0x0002c3e4   0x0002c3e4   0x00000034   Code   RO         1173    i.spis_bondEvent_handler  xcg.o
    0x0002c418   0x0002c418   0x00000010   Code   RO         2402    i.spis_event_handler  nrf_drv_spis.o
    0x0002c428   0x0002c428   0x00000074   Code   RO         2280    i.spis_irq_handler  nrfx_spis.o
    0x0002c49c   0x0002c49c   0x0000003e   Code   RO         2281    i.spis_state_change  nrfx_spis.o
    0x0002c4da   0x0002c4da   0x00000002   PAD
    0x0002c4dc   0x0002c4dc   0x00000114   Code   RO         4589    i.start_tx_transaction  nrf_esb.o
    0x0002c5f0   0x0002c5f0   0x0000008c   Code   RO         4331    i.std_n             nrf_log_frontend.o
    0x0002c67c   0x0002c67c   0x0000001a   Code   RO          787    i.sys_clocks_switch  sys.o
    0x0002c696   0x0002c696   0x00000002   PAD
    0x0002c698   0x0002c698   0x00000040   Code   RO          788    i.sys_rand_get      sys.o
    0x0002c6d8   0x0002c6d8   0x0000000c   Code   RO          790    i.sys_tick_get_unlock  sys.o
    0x0002c6e4   0x0002c6e4   0x00000048   Code   RO          791    i.sys_tick_init     sys.o
    0x0002c72c   0x0002c72c   0x0000001c   Code   RO          792    i.sys_tick_irq      sys.o
    0x0002c748   0x0002c748   0x00000048   Code   RO          796    i.sys_tick_start    sys.o
    0x0002c790   0x0002c790   0x0000006c   Code   RO           11    i.tem_init          host.o
    0x0002c7fc   0x0002c7fc   0x00000018   Code   RO         3878    i.timeout_handler_scheduled_exec  app_timer.o
    0x0002c814   0x0002c814   0x00000080   Code   RO         3879    i.timer_list_handler  app_timer.o
    0x0002c894   0x0002c894   0x0000003c   Code   RO         3880    i.timer_list_insert  app_timer.o
    0x0002c8d0   0x0002c8d0   0x00000060   Code   RO         3881    i.timer_list_remove  app_timer.o
    0x0002c930   0x0002c930   0x00000088   Code   RO         3883    i.timer_timeouts_check  app_timer.o
    0x0002c9b8   0x0002c9b8   0x00000020   Code   RO         1748    i.tx_byte           nrfx_uart.o
    0x0002c9d8   0x0002c9d8   0x0000001a   Code   RO         1749    i.tx_done_event     nrfx_uart.o
    0x0002c9f2   0x0002c9f2   0x00000002   PAD
    0x0002c9f4   0x0002c9f4   0x00000030   Code   RO         1475    i.uart_evt_handler  nrf_drv_uart.o
    0x0002ca24   0x0002ca24   0x0000000c   Code   RO         4191    i.uart_evt_handler  nrf_log_backend_uart.o
    0x0002ca30   0x0002ca30   0x00000050   Code   RO         4192    i.uart_init         nrf_log_backend_uart.o
    0x0002ca80   0x0002ca80   0x00000128   Code   RO         1750    i.uart_irq_handler  nrfx_uart.o
    0x0002cba8   0x0002cba8   0x00000030   Code   RO         1476    i.uarte_evt_handler  nrf_drv_uart.o
    0x0002cbd8   0x0002cbd8   0x000000f2   Code   RO         1940    i.uarte_irq_handler  nrfx_uarte.o
    0x0002ccca   0x0002ccca   0x00000002   PAD
    0x0002cccc   0x0002cccc   0x00000010   Code   RO         3777    i.uninit            nrf_fstorage_nvmc.o
    0x0002ccdc   0x0002ccdc   0x000000b4   Code   RO         3079    i.unsigned_print    nrf_fprintf_format.o
    0x0002cd90   0x0002cd90   0x00000050   Code   RO         4590    i.update_radio_addresses  nrf_esb.o
    0x0002cde0   0x0002cde0   0x00000038   Code   RO         4591    i.update_radio_bitrate  nrf_esb.o
    0x0002ce18   0x0002ce18   0x00000088   Code   RO         4592    i.update_radio_parameters  nrf_esb.o
    0x0002cea0   0x0002cea0   0x00000014   Code   RO         4593    i.update_radio_tx_power  nrf_esb.o
    0x0002ceb4   0x0002ceb4   0x0000002c   Code   RO         4594    i.update_rf_payload_format_esb  nrf_esb.o
    0x0002cee0   0x0002cee0   0x0000002c   Code   RO         4595    i.update_rf_payload_format_esb_dpl  nrf_esb.o
    0x0002cf0c   0x0002cf0c   0x00000030   Code   RO         3884    i.user_op_alloc     app_timer.o
    0x0002cf3c   0x0002cf3c   0x00000004   Code   RO         3778    i.wmap              nrf_fstorage_nvmc.o
    0x0002cf40   0x0002cf40   0x00000044   Code   RO         3779    i.write             nrf_fstorage_nvmc.o
    0x0002cf84   0x0002cf84   0x000000e8   Code   RO         3338    i.write_enqueue     fds.o
    0x0002d06c   0x0002d06c   0x000000f4   Code   RO         3339    i.write_execute     fds.o
    0x0002d160   0x0002d160   0x00000018   Code   RO         3340    i.write_space_free  fds.o
    0x0002d178   0x0002d178   0x0000005c   Code   RO         3341    i.write_space_reserve  fds.o
    0x0002d1d4   0x0002d1d4   0x00000030   Code   RO         1179    i.xcg_set_freq      xcg.o
    0x0002d204   0x0002d204   0x00000074   Data   RO          344    .constdata          m_rf.o
    0x0002d278   0x0002d278   0x00000008   PAD
    0x0002d280   0x0002d280   0x00000018   Data   RO          799    .constdata          sys.o
    0x0002d298   0x0002d298   0x00000003   Data   RO         1085    .constdata          rled_ctl.o
    0x0002d29b   0x0002d29b   0x00000005   PAD
    0x0002d2a0   0x0002d2a0   0x00000050   Data   RO         1184    .constdata          xcg.o
    0x0002d2f0   0x0002d2f0   0x00000004   Data   RO         1753    .constdata          nrfx_uart.o
    0x0002d2f4   0x0002d2f4   0x00000004   Data   RO         1943    .constdata          nrfx_uarte.o
    0x0002d2f8   0x0002d2f8   0x00000004   Data   RO         2284    .constdata          nrfx_spis.o
    0x0002d2fc   0x0002d2fc   0x00000004   Data   RO         2502    .constdata          nrfx_gpiote.o
    0x0002d300   0x0002d300   0x00000010   Data   RO         3080    .constdata          nrf_fprintf_format.o
    0x0002d310   0x0002d310   0x00000018   Data   RO         3344    .constdata          fds.o
    0x0002d328   0x0002d328   0x0000005e   Data   RO         3694    .constdata          nrf_fstorage.o
    0x0002d386   0x0002d386   0x00000002   PAD
    0x0002d388   0x0002d388   0x0000000c   Data   RO         3780    .constdata          nrf_fstorage_nvmc.o
    0x0002d394   0x0002d394   0x00000020   Data   RO         3781    .constdata          nrf_fstorage_nvmc.o
    0x0002d3b4   0x0002d3b4   0x0000000c   PAD
    0x0002d3c0   0x0002d3c0   0x00000006   Data   RO         3886    .constdata          app_timer.o
    0x0002d3c6   0x0002d3c6   0x00000002   PAD
    0x0002d3c8   0x0002d3c8   0x0000000c   Data   RO         4092    .constdata          nrf_log_backend_rtt.o
    0x0002d3d4   0x0002d3d4   0x0000000c   PAD
    0x0002d3e0   0x0002d3e0   0x00000006   Data   RO         4093    .constdata          nrf_log_backend_rtt.o
    0x0002d3e6   0x0002d3e6   0x00000002   PAD
    0x0002d3e8   0x0002d3e8   0x0000000c   Data   RO         4194    .constdata          nrf_log_backend_uart.o
    0x0002d3f4   0x0002d3f4   0x00000020   Data   RO         4195    .constdata          nrf_log_backend_uart.o
    0x0002d414   0x0002d414   0x0000000c   Data   RO         4336    .constdata          nrf_log_frontend.o
    0x0002d420   0x0002d420   0x00000081   Data   RO         5265    .constdata          mc_w.l(ctype_o.o)
    0x0002d4a1   0x0002d4a1   0x00000003   PAD
    0x0002d4a4   0x0002d4a4   0x00000004   Data   RO         5266    .constdata          mc_w.l(ctype_o.o)
    0x0002d4a8   0x0002d4a8   0x0000004f   Data   RO         3695    .conststring        nrf_fstorage.o
    0x0002d4f7   0x0002d4f7   0x00000001   PAD
    0x0002d4f8   0x0002d4f8   0x00000066   Data   RO         4497    .conststring        nrf_log_str_formatter.o
    0x0002d55e   0x0002d55e   0x00000002   PAD
    0x0002d560   0x0002d560   0x00000004   Data   RO         1670    .conststrlit        nrfx_prs.o
    0x0002d564   0x0002d564   0x00000005   Data   RO         1756    .conststrlit        nrfx_uart.o
    0x0002d569   0x0002d569   0x00000003   PAD
    0x0002d56c   0x0002d56c   0x00000006   Data   RO         1946    .conststrlit        nrfx_uarte.o
    0x0002d572   0x0002d572   0x00000002   PAD
    0x0002d574   0x0002d574   0x00000006   Data   RO         2096    .conststrlit        nrfx_timer.o
    0x0002d57a   0x0002d57a   0x00000002   PAD
    0x0002d57c   0x0002d57c   0x00000005   Data   RO         2286    .conststrlit        nrfx_spis.o
    0x0002d581   0x0002d581   0x00000003   PAD
    0x0002d584   0x0002d584   0x00000007   Data   RO         2506    .conststrlit        nrfx_gpiote.o
    0x0002d58b   0x0002d58b   0x00000001   PAD
    0x0002d58c   0x0002d58c   0x0000000d   Data   RO         3696    .conststrlit        nrf_fstorage.o
    0x0002d599   0x0002d599   0x00000003   PAD
    0x0002d59c   0x0002d59c   0x00000021   Data   RO         4266    .conststrlit        nrf_log_default_backends.o
    0x0002d5bd   0x0002d5bd   0x00000003   PAD
    0x0002d5c0   0x0002d5c0   0x00000004   Data   RO         4337    .conststrlit        nrf_log_frontend.o
    0x0002d5c4   0x0002d5c4   0x00000020   Data   RO         5328    Region$$Table       anon$$obj.o
    0x0002d5e4   0x0002d5e4   0x00000020   Data   RO         4269    log_backends        nrf_log_default_backends.o
    0x0002d604   0x0002d604   0x00000008   Data   RO         1672    log_const_data      nrfx_prs.o
    0x0002d60c   0x0002d60c   0x00000008   Data   RO         1757    log_const_data      nrfx_uart.o
    0x0002d614   0x0002d614   0x00000008   Data   RO         1947    log_const_data      nrfx_uarte.o
    0x0002d61c   0x0002d61c   0x00000008   Data   RO         2097    log_const_data      nrfx_timer.o
    0x0002d624   0x0002d624   0x00000008   Data   RO         2287    log_const_data      nrfx_spis.o
    0x0002d62c   0x0002d62c   0x00000008   Data   RO         2507    log_const_data      nrfx_gpiote.o
    0x0002d634   0x0002d634   0x00000008   Data   RO         3697    log_const_data      nrf_fstorage.o
    0x0002d63c   0x0002d63c   0x00000008   Data   RO         4340    log_const_data      nrf_log_frontend.o
    0x0002d644   0x0002d644   0x00000014   Data   RO         4341    nrf_balloc          nrf_log_frontend.o


    Execution Region RW_IRAM1 (Exec base: 0x20001fd0, Load base: 0x0002d658, Size: 0x00003710, Max: 0x0000e030, ABSOLUTE, COMPRESSED[0x000000d0])

    Exec Addr    Load Addr    Size         Type   Attr      Idx    E Section Name        Object

    0x20001fd0   COMPRESSED   0x00000020   Data   RW           14    .data               host.o
    0x20001ff0   COMPRESSED   0x000000e8   Data   RW          349    .data               m_rf.o
    0x200020d8   COMPRESSED   0x00000001   Data   RW          350    .data               m_rf.o
    0x200020d9   COMPRESSED   0x00000001   Data   RW          351    .data               m_rf.o
    0x200020da   COMPRESSED   0x00000001   Data   RW          352    .data               m_rf.o
    0x200020db   COMPRESSED   0x00000001   Data   RW          720    .data               persist.o
    0x200020dc   COMPRESSED   0x0000000c   Data   RW          800    .data               sys.o
    0x200020e8   COMPRESSED   0x00000004   Data   RW         1022    .data               data.o
    0x200020ec   COMPRESSED   0x00000008   Data   RW         1086    .data               rled_ctl.o
    0x200020f4   COMPRESSED   0x00000024   Data   RW         1186    .data               xcg.o
    0x20002118   COMPRESSED   0x00000001   Data   RW         1187    .data               xcg.o
    0x20002119   COMPRESSED   0x00000003   PAD
    0x2000211c   COMPRESSED   0x0000000c   Data   RW         1477    .data               nrf_drv_uart.o
    0x20002128   COMPRESSED   0x00000008   Data   RW         1671    .data               nrfx_prs.o
    0x20002130   COMPRESSED   0x00000004   Data   RW         2778    .data               app_util_platform.o
    0x20002134   COMPRESSED   0x00000030   Data   RW         3345    .data               fds.o
    0x20002164   COMPRESSED   0x00000004   Data   RW         3782    .data               nrf_fstorage_nvmc.o
    0x20002168   COMPRESSED   0x00000014   Data   RW         3887    .data               app_timer.o
    0x2000217c   COMPRESSED   0x00000010   Data   RW         4046    .data               app_scheduler.o
    0x2000218c   COMPRESSED   0x00000001   Data   RW         4094    .data               nrf_log_backend_rtt.o
    0x2000218d   COMPRESSED   0x00000003   PAD
    0x20002190   COMPRESSED   0x00000018   Data   RW         4196    .data               nrf_log_backend_uart.o
    0x200021a8   COMPRESSED   0x00000008   Data   RW         4267    .data               nrf_log_default_backends.o
    0x200021b0   COMPRESSED   0x00000008   Data   RW         4268    .data               nrf_log_default_backends.o
    0x200021b8   COMPRESSED   0x00000008   Data   RW         4338    .data               nrf_log_frontend.o
    0x200021c0   COMPRESSED   0x00000008   Data   RW         4339    .data               nrf_log_frontend.o
    0x200021c8   COMPRESSED   0x00000040   Data   RW         4498    .data               nrf_log_str_formatter.o
    0x20002208   COMPRESSED   0x00000048   Data   RW         4597    .data               nrf_esb.o
    0x20002250   COMPRESSED   0x00000004   Data   RW         5223    .data               system_nrf52.o
    0x20002254   COMPRESSED   0x00000014   Data   RW         3346    fs_data             fds.o
    0x20002268        -       0x000000b0   Zero   RW           13    .bss                host.o
    0x20002318        -       0x0000005a   Zero   RW          343    .bss                m_rf.o
    0x20002372   COMPRESSED   0x00000002   PAD
    0x20002374        -       0x00000484   Zero   RW          948    .bss                d_packet.o
    0x200027f8        -       0x00000020   Zero   RW         1181    .bss                xcg.o
    0x20002818        -       0x00000020   Zero   RW         1182    .bss                xcg.o
    0x20002838        -       0x0000002c   Zero   RW         1751    .bss                nrfx_uart.o
    0x20002864        -       0x00000024   Zero   RW         1941    .bss                nrfx_uarte.o
    0x20002888        -       0x00000024   Zero   RW         2094    .bss                nrfx_timer.o
    0x200028ac        -       0x0000001c   Zero   RW         2282    .bss                nrfx_spis.o
    0x200028c8        -       0x0000000c   Zero   RW         2403    .bss                nrf_drv_spis.o
    0x200028d4        -       0x00000068   Zero   RW         2501    .bss                nrfx_gpiote.o
    0x2000293c        -       0x00000010   Zero   RW         3342    .bss                fds.o
    0x2000294c        -       0x000000e0   Zero   RW         3343    .bss                fds.o
    0x20002a2c        -       0x0000010c   Zero   RW         3885    .bss                app_timer.o
    0x20002b38        -       0x00000040   Zero   RW         4091    .bss                nrf_log_backend_rtt.o
    0x20002b78        -       0x00000040   Zero   RW         4193    .bss                nrf_log_backend_uart.o
    0x20002bb8        -       0x000000c0   Zero   RW         4332    .bss                nrf_log_frontend.o
    0x20002c78        -       0x00000080   Zero   RW         4333    .bss                nrf_log_frontend.o
    0x20002cf8        -       0x00000018   Zero   RW         4334    .bss                nrf_log_frontend.o
    0x20002d10        -       0x00000424   Zero   RW         4335    .bss                nrf_log_frontend.o
    0x20003134        -       0x00000324   Zero   RW         4596    .bss                nrf_esb.o
    0x20003458        -       0x00000288   Zero   RW         4890    .bss                segger_rtt.o
    0x200036e0        -       0x00002000   Zero   RW         5211    STACK               arm_startup_nrf52.o


==============================================================================

Image component sizes


      Code (inc. data)   RO Data    RW Data    ZI Data      Debug   Object Name

         0          0          0          0          0      26651   app_error_weak.o
       264         16          0         16          0       4539   app_scheduler.o
      1442        110          6         20        268      49630   app_timer.o
        44         10          0          4          0       3116   app_util_platform.o
        36          8        512          0       8192        888   arm_startup_nrf52.o
         0          0          0          0          0      36784   boards.o
       232         20          0          0       1156       4223   d_packet.o
        12          4          0          4          0       1822   data.o
      3302        308         24         68        240      82142   fds.o
       928        216          0         32        176      81844   host.o
      3030        850        116        235         90      65225   m_rf.o
       326          0          0          0          0       5683   nrf_atfifo.o
       338          0          0          0          0      10750   nrf_atomic.o
       152          0          0          0          0       3420   nrf_balloc.o
        44         16          0          0         12      11440   nrf_drv_spis.o
       200         26          0         12          0      17484   nrf_drv_uart.o
      3990        540          0         72        804      36644   nrf_esb.o
        50          0          0          0          0       3381   nrf_fprintf.o
       866          4         16          0          0       5318   nrf_fprintf_format.o
       972        432        194          0          0       7688   nrf_fstorage.o
       260         20         44          4          0      38660   nrf_fstorage_nvmc.o
       112         18         18          1         64       5317   nrf_log_backend_rtt.o
       194          0          0          0          0      10705   nrf_log_backend_serial.o
       232         42         44         24         64      20554   nrf_log_backend_uart.o
        52          6         65         16          0       3349   nrf_log_default_backends.o
      1492        116         44         16       1404      30400   nrf_log_frontend.o
       570        108        102         64          0       5428   nrf_log_str_formatter.o
       346          0          0          0          0       9227   nrf_memobj.o
       116         18          0          0          0       1901   nrf_nvmc.o
        28          0          0          0          0       2255   nrf_ringbuf.o
      1202         92         19          0        104      57615   nrfx_gpiote.o
       102         16         12          8          0       5452   nrfx_prs.o
       788         24         17          0         28      18757   nrfx_spis.o
       598         56         14          0         36      18076   nrfx_timer.o
      1288         40         17          0         44      57856   nrfx_uart.o
      1126         44         18          0         36      24003   nrfx_uarte.o
       488        152          0          1          0      13614   persist.o
       196         16          3          8          0      15536   rled_ctl.o
       378         34          0          0        648       8754   segger_rtt.o
       410        122         24         12          0      44485   sys.o
       796         70          0          4          0       2851   system_nrf52.o
      1164        194         80         37         64      50617   xcg.o

    ----------------------------------------------------------------------
     28222       3748       1484        664      13432     904084   Object Totals
         0          0         32          0          0          0   (incl. Generated)
        56          0         63          6          2          0   (incl. Padding)

    ----------------------------------------------------------------------

      Code (inc. data)   RO Data    RW Data    ZI Data      Debug   Library Member Name

        86          0          0          0          0          0   __dczerorl2.o
         8          4        133          0          0         68   ctype_o.o
         0          0          0          0          0          0   entry.o
         0          0          0          0          0          0   entry10a.o
         0          0          0          0          0          0   entry11a.o
         4          0          0          0          0          0   entry12b.o
         8          4          0          0          0          0   entry2.o
         4          0          0          0          0          0   entry5.o
         0          0          0          0          0          0   entry7b.o
         0          0          0          0          0          0   entry8b.o
         8          4          0          0          0          0   entry9a.o
        30          0          0          0          0          0   handlers.o
        36          8          0          0          0         68   init.o
        30          0          0          0          0         68   llshl.o
        32          0          0          0          0         68   llushr.o
        36          0          0          0          0         68   memcpya.o
        36          0          0          0          0        108   memseta.o
        18          0          0          0          0         68   strcpy.o
        14          0          0          0          0         68   strlen.o
        98          0          0          0          0         92   uldiv.o

    ----------------------------------------------------------------------
       454         20        136          0          0        676   Library Totals
         6          0          3          0          0          0   (incl. Padding)

    ----------------------------------------------------------------------

      Code (inc. data)   RO Data    RW Data    ZI Data      Debug   Library Name

       448         20        133          0          0        676   mc_w.l

    ----------------------------------------------------------------------
       454         20        136          0          0        676   Library Totals

    ----------------------------------------------------------------------

==============================================================================


      Code (inc. data)   RO Data    RW Data    ZI Data      Debug   

     28676       3768       1620        664      13432     871336   Grand Totals
     28676       3768       1620        208      13432     871336   ELF Image Totals (compressed)
     28676       3768       1620        208          0          0   ROM Totals

==============================================================================

    Total RO  Size (Code + RO Data)                30296 (  29.59kB)
    Total RW  Size (RW Data + ZI Data)             14096 (  13.77kB)
    Total ROM Size (Code + RO Data + RW Data)      30504 (  29.79kB)

==============================================================================

