Component: ARM Compiler 5.06 update 7 (build 960) Tool: armlink [4d3601]

==============================================================================

Section Cross References

    ctll.o(i.bsp_event_handler) refers to test.o(i.test_key_process) for test_key_process
    ctll.o(i.bsp_event_handler) refers to led.o(i.led_keypress) for led_keypress
    ctll.o(i.bsp_event_handler) refers to power.o(i.power_set_off) for power_set_off
    ctll.o(i.bsp_event_handler) refers to power.o(i.power_check_stop) for power_check_stop
    ctll.o(i.bsp_event_handler) refers to led.o(i.led_bonding) for led_bonding
    ctll.o(i.bsp_event_handler) refers to s_rf.o(i.rf_stop) for rf_stop
    ctll.o(i.bsp_event_handler) refers to s_rf.o(i.rf_start_bond) for rf_start_bond
    ctll.o(i.bsp_event_handler) refers to ctll.o(.data) for .data
    ctll.o(i.bsp_get_button) refers to ctll.o(.data) for .data
    ctll.o(i.client_sys_tick_cb) refers to rled.o(i.trig_rled) for trig_rled
    ctll.o(i.get_boardId_batteryInitLevel) refers to saadc.o(i.saadc_boardId_batteryLevel_init) for saadc_boardId_batteryLevel_init
    ctll.o(i.get_boardId_batteryInitLevel) refers to ctll.o(i.nrf_delay_ms) for nrf_delay_ms
    ctll.o(i.get_boardId_batteryInitLevel) refers to nrfx_saadc.o(i.nrfx_saadc_sample) for nrfx_saadc_sample
    ctll.o(i.get_boardId_batteryInitLevel) refers to nrfx_saadc.o(i.nrfx_saadc_uninit) for nrfx_saadc_uninit
    ctll.o(i.get_boardId_batteryInitLevel) refers to input.o(i.id_set) for id_set
    ctll.o(i.get_boardId_batteryInitLevel) refers to battery.o(i.battery_set_data) for battery_set_data
    ctll.o(i.get_boardId_batteryInitLevel) refers to ctll.o(.data) for .data
    ctll.o(i.main) refers to ctll.o(i.tem_init) for tem_init
    ctll.o(i.main) refers to app_scheduler.o(i.app_sched_init) for app_sched_init
    ctll.o(i.main) refers to sys.o(i.app_error_handler_bare) for app_error_handler_bare
    ctll.o(i.main) refers to app_timer.o(i.app_timer_init) for app_timer_init
    ctll.o(i.main) refers to bsp.o(i.bsp_init) for bsp_init
    ctll.o(i.main) refers to boards.o(i.bsp_board_init) for bsp_board_init
    ctll.o(i.main) refers to input.o(i.input_init) for input_init
    ctll.o(i.main) refers to fr2522.o(i.port_init) for port_init
    ctll.o(i.main) refers to imu_wrp.o(i.imu_register_acc_gyro_drv) for imu_register_acc_gyro_drv
    ctll.o(i.main) refers to imu_wrp.o(i.imu_register_mag_drv) for imu_register_mag_drv
    ctll.o(i.main) refers to rled.o(i.rled_init) for rled_init
    ctll.o(i.main) refers to persist.o(i.persist_init) for persist_init
    ctll.o(i.main) refers to sys.o(i.sys_clocks_switch) for sys_clocks_switch
    ctll.o(i.main) refers to sys.o(i.sys_tick_init) for sys_tick_init
    ctll.o(i.main) refers to sys.o(i.sys_tick_reg_cb) for sys_tick_reg_cb
    ctll.o(i.main) refers to sys.o(i.sys_tick_start) for sys_tick_start
    ctll.o(i.main) refers to led.o(i.led_init) for led_init
    ctll.o(i.main) refers to boards.o(i.bsp_board_led_on) for bsp_board_led_on
    ctll.o(i.main) refers to ctll.o(i.nrf_delay_ms) for nrf_delay_ms
    ctll.o(i.main) refers to boards.o(i.bsp_board_led_off) for bsp_board_led_off
    ctll.o(i.main) refers to ctll.o(i.get_boardId_batteryInitLevel) for get_boardId_batteryInitLevel
    ctll.o(i.main) refers to ctll.o(i.saadc_init_chanel) for saadc_init_chanel
    ctll.o(i.main) refers to fr2522.o(i.fr_init) for fr_init
    ctll.o(i.main) refers to vib2.o(i.vib_init) for vib_init
    ctll.o(i.main) refers to imucalibration.o(i.imuinitCalib) for imuinitCalib
    ctll.o(i.main) refers to power.o(i.power_check_init) for power_check_init
    ctll.o(i.main) refers to test.o(i.factory_test_init) for factory_test_init
    ctll.o(i.main) refers to bsp.o(i.bsp_button_is_pressed) for bsp_button_is_pressed
    ctll.o(i.main) refers to s_rf.o(i.rf_module_init_and_start) for rf_module_init_and_start
    ctll.o(i.main) refers to app_scheduler.o(i.app_sched_execute) for app_sched_execute
    ctll.o(i.main) refers to vib2.o(i.vib_cfg) for vib_cfg
    ctll.o(i.main) refers to s_rf.o(i.rf_debug_print) for rf_debug_print
    ctll.o(i.main) refers to ctll.o(.bss) for .bss
    ctll.o(i.main) refers to ctll.o(i.bsp_event_handler) for bsp_event_handler
    ctll.o(i.main) refers to imu_usr.o(.data) for g_icm_tabl
    ctll.o(i.main) refers to akm09911.o(.data) for g_mag_tabl
    ctll.o(i.main) refers to ctll.o(i.client_sys_tick_cb) for client_sys_tick_cb
    ctll.o(i.main) refers to ctll.o(.data) for .data
    ctll.o(i.main) refers to battery.o(.data) for ext_vbat
    ctll.o(i.main) refers to ctll.o(i.protocal_data_cb) for protocal_data_cb
    ctll.o(i.main) refers to ctll.o(i.protocal_size_cb) for protocal_size_cb
    ctll.o(i.main) refers to ctll.o(i.protocal_data_start) for protocal_data_start
    ctll.o(i.main) refers to ctll.o(i.protocal_datarr_cb) for protocal_datarr_cb
    ctll.o(i.main) refers to ctll.o(i.protocal_data_stop) for protocal_data_stop
[...]
    isHaveMag                                0x20002374   Data           1  akm09911.o(.data)
    g_mag_tabl                               0x20002398   Data          20  akm09911.o(.data)
    awinic_haptic_attr                       0x200023ac   Data          20  aw_common.o(.data)
    awinic_hal_haptic_iface_cfg              0x200023c0   Data          64  aw_common.o(.data)
    aw86xx_hal_iface_fops                    0x20002400   Data           4  aw_common.o(.data)
    aw86xx_hal_debug_attr                    0x20002404   Data           4  aw_common.o(.data)
    aw8624_ram_data                          0x20002408   Data        1994  aw8624.o(.data)
    aw8624_rtp_data                          0x20002bd2   Data        2472  aw8624.o(.data)
    g_aw8624                                 0x2000357c   Data          44  aw8624.o(.data)
    g_aw8624_dts_params                      0x200035a8   Data          24  aw8624.o(.data)
    vib_exsit                                0x200035c0   Data           4  vib2.o(.data)
    SystemCoreClock                          0x200035c4   Data           4  system_nrf52.o(.data)
    fs_data$$Base                            0x200035cc   Number         0  fds.o(fs_data)
    m_fs                                     0x200035cc   Data          20  fds.o(fs_data)
    fs_data$$Limit                           0x200035e0   Number         0  fds.o(fs_data)
    gLast_payload                            0x20003dbc   Data          48  s_rf.o(.bss)
    lastacc                                  0x20003e4c   Data          12  test.o(.bss)
    lastgyro                                 0x20003e58   Data          12  test.o(.bss)
    my_filter                                0x20003ee4   Data          60  battery.o(.bss)
    g_adcdata                                0x20003f40   Data          40  saadc.o(.bss)
    u_packet                                 0x20003f74   Data        1156  d_packet.o(.bss)
    g_mag_fifo                               0x200043f8   Data         388  magfifo.o(.bss)
    gyro_sum_test                            0x20004e18   Data          12  imucalibration.o(.bss)
    calib                                    0x20004e44   Data          92  imu_wrp.o(.bss)
    gImuBuf                                  0x20004ea0   Data          24  imu_wrp.o(.bss)
    gRawdata                                 0x20004eb8   Data          12  imu_wrp.o(.bss)
    DegreeArray                              0x20004ec4   Data          12  imu_wrp.o(.bss)
    __initial_sp                             0x200072f0   Data           0  arm_startup_nrf52.o(STACK)



==============================================================================

Memory Map of the image

  Image Entry point : 0x00026201

  Load Region LR_IROM1 (Base: 0x00026000, Size: 0x0000faf8, Max: 0x0005a000, ABSOLUTE, COMPRESSED[0x0000ed78])

    Execution Region ER_IROM1 (Exec base: 0x00026000, Load base: 0x00026000, Size: 0x0000e4e8, Max: 0x0005a000, ABSOLUTE)

    Exec Addr    Load Addr    Size         Type   Attr      Idx    E Section Name        Object

    0x00026000   0x00026000   0x00000200   Data   RO         9698    RESET               arm_startup_nrf52.o
    0x00026200   0x00026200   0x00000000   Code   RO         9825  * .ARM.Collect$$$$00000000  mc_w.l(entry.o)
    0x00026200   0x00026200   0x00000004   Code   RO         9926    .ARM.Collect$$$$00000001  mc_w.l(entry2.o)
    0x00026204   0x00026204   0x00000004   Code   RO         9929    .ARM.Collect$$$$00000004  mc_w.l(entry5.o)
    0x00026208   0x00026208   0x00000000   Code   RO         9931    .ARM.Collect$$$$00000008  mc_w.l(entry7b.o)
    0x00026208   0x00026208   0x00000000   Code   RO         9933    .ARM.Collect$$$$0000000A  mc_w.l(entry8b.o)
    0x00026208   0x00026208   0x00000008   Code   RO         9934    .ARM.Collect$$$$0000000B  mc_w.l(entry9a.o)
    0x00026210   0x00026210   0x00000004   Code   RO         9941    .ARM.Collect$$$$0000000E  mc_w.l(entry12b.o)
    0x00026214   0x00026214   0x00000000   Code   RO         9936    .ARM.Collect$$$$0000000F  mc_w.l(entry10a.o)
    0x00026214   0x00026214   0x00000000   Code   RO         9938    .ARM.Collect$$$$00000011  mc_w.l(entry11a.o)
    0x00026214   0x00026214   0x00000004   Code   RO         9927    .ARM.Collect$$$$00002712  mc_w.l(entry2.o)
    0x00026218   0x00026218   0x000000e2   Code   RO         2442    .emb_text           nrf_atomic.o
    0x000262fa   0x000262fa   0x00000002   PAD
    0x000262fc   0x000262fc   0x000000c8   Code   RO         3211    .emb_text           nrf_atfifo.o
    0x000263c4   0x000263c4   0x00000024   Code   RO         9699    .text               arm_startup_nrf52.o
    0x000263e8   0x000263e8   0x00000062   Code   RO         9833    .text               mc_w.l(uldiv.o)
    0x0002644a   0x0002644a   0x0000001e   Code   RO         9835    .text               mc_w.l(llshl.o)
    0x00026468   0x00026468   0x00000024   Code   RO         9837    .text               mc_w.l(memcpya.o)
    0x0002648c   0x0002648c   0x00000024   Code   RO         9839    .text               mc_w.l(memseta.o)
    0x000264b0   0x000264b0   0x000000e4   Code   RO         9849    .text               mf_w.l(dmul.o)
    0x00026594   0x00026594   0x000000de   Code   RO         9851    .text               mf_w.l(ddiv.o)
    0x00026672   0x00026672   0x00000026   Code   RO         9853    .text               mf_w.l(f2d.o)
    0x00026698   0x00026698   0x00000038   Code   RO         9855    .text               mf_w.l(d2f.o)
    0x000266d0   0x000266d0   0x00000020   Code   RO         9943    .text               mc_w.l(llushr.o)
    0x000266f0   0x000266f0   0x00000000   Code   RO         9952    .text               mc_w.l(iusefp.o)
    0x000266f0   0x000266f0   0x0000006e   Code   RO         9954    .text               mf_w.l(fepilogue.o)
    0x0002675e   0x0002675e   0x000000ba   Code   RO         9956    .text               mf_w.l(depilogue.o)
    0x00026818   0x00026818   0x0000014e   Code   RO         9958    .text               mf_w.l(dadd.o)
    0x00026966   0x00026966   0x000000a2   Code   RO         9962    .text               mf_w.l(dsqrt.o)
    0x00026a08   0x00026a08   0x00000030   Code   RO         9964    .text               mf_w.l(cdcmple.o)
    0x00026a38   0x00026a38   0x00000024   Code   RO         9966    .text               mc_w.l(init.o)
    0x00026a5c   0x00026a5c   0x00000024   Code   RO         9968    .text               mc_w.l(llsshr.o)
    0x00026a80   0x00026a80   0x00000022   Code   RO         9970    .text               mf_w.l(dflti.o)
    0x00026aa2   0x00026aa2   0x0000001a   Code   RO         9972    .text               mf_w.l(dfltui.o)
    0x00026abc   0x00026abc   0x0000003e   Code   RO         9974    .text               mf_w.l(dfixi.o)
    0x00026afa   0x00026afa   0x0000005e   Code   RO         9984    .text               mc_w.l(__dclz77c.o)
    0x00026b58   0x00026b58   0x000000c4   Code   RO         9109    i.AKECS_GetData     akm09911.o
    0x00026c1c   0x00026c1c   0x00000048   Code   RO         9114    i.AKI2C_RxData      akm09911.o
    0x00026c64   0x00026c64   0x00000018   Code   RO         6379    i.DisableIcm20601   icm_usr.o
    0x00026c7c   0x00026c7c   0x00000028   Code   RO         6517    i.Disablelsm        lsm_usr.o
    0x00026ca4   0x00026ca4   0x00000164   Code   RO         1242    i.GPIOTE_IRQHandler  nrfx_gpiote.o
    0x00026e08   0x00026e08   0x00000004   Code   RO         8864    i.GetRawdata        imu_usr.o
    0x00026e0c   0x00026e0c   0x00000370   Code   RO         5980    i.MadgwickAHRSupdateIMU  madgwickahrs.o
    0x0002717c   0x0002717c   0x00000008   Code   RO         5981    i.MadgwickAHRSupdateWithoutMag  madgwickahrs.o
    0x00027184   0x00027184   0x0000016c   Code   RO         5982    i.MadgwickInit      madgwickahrs.o
    0x000272f0   0x000272f0   0x00000014   Code   RO         5983    i.NORM              madgwickahrs.o
    0x00027304   0x00027304   0x00000016   Code   RO         3491    i.NVIC_ClearPendingIRQ  app_timer.o
    0x0002731a   0x0002731a   0x00000016   Code   RO         3959    i.NVIC_ClearPendingIRQ  nrf_esb.o
    0x00027330   0x00027330   0x00000016   Code   RO         3960    i.NVIC_DisableIRQ   nrf_esb.o
    0x00027346   0x00027346   0x00000016   Code   RO         3492    i.NVIC_EnableIRQ    app_timer.o
    0x0002735c   0x0002735c   0x00000016   Code   RO         3961    i.NVIC_EnableIRQ    nrf_esb.o
    0x00027372   0x00027372   0x00000016   Code   RO         3493    i.NVIC_SetPendingIRQ  app_timer.o
    0x00027388   0x00027388   0x00000016   Code   RO         3962    i.NVIC_SetPendingIRQ  nrf_esb.o
    0x0002739e   0x0002739e   0x00000020   Code   RO         3494    i.NVIC_SetPriority  app_timer.o
    0x000273be   0x000273be   0x00000020   Code   RO         3963    i.NVIC_SetPriority  nrf_esb.o
    0x000273de   0x000273de   0x00000002   PAD
    0x000273e0   0x000273e0   0x00000010   Code   RO         1676    i.PWM0_IRQHandler   nrfx_pwm.o
    0x000273f0   0x000273f0   0x0000005c   Code   RO         3964    i.RADIO_IRQHandler  nrf_esb.o
    0x0002744c   0x0002744c   0x00000024   Code   RO         3495    i.RTC1_IRQHandler   app_timer.o
    0x00027470   0x00027470   0x00000148   Code   RO         1786    i.SAADC_IRQHandler  nrfx_saadc.o
    0x000275b8   0x000275b8   0x00000016   Code   RO         5985    i.SIGN              madgwickahrs.o
    0x000275ce   0x000275ce   0x00000002   PAD
    0x000275d0   0x000275d0   0x00000054   Code   RO         1526    i.SPIM0_SPIS0_TWIM0_TWIS0_SPI0_TWI0_IRQHandler  nrfx_spim.o
    0x00027624   0x00027624   0x00000010   Code   RO         1950    i.SPIM1_SPIS1_TWIM1_TWIS1_SPI1_TWI1_IRQHandler  nrfx_twi.o
    0x00027634   0x00027634   0x00000058   Code   RO         3965    i.SWI0_EGU0_IRQHandler  nrf_esb.o
    0x0002768c   0x0002768c   0x00000004   Code   RO         3496    i.SWI1_EGU1_IRQHandler  app_timer.o
    0x00027690   0x00027690   0x00000004   Code   RO         8865    i.SensorConfig      imu_usr.o
    0x00027694   0x00027694   0x00000040   Code   RO         8866    i.SensorDeinit      imu_usr.o
    0x000276d4   0x000276d4   0x00000024   Code   RO         8867    i.SensorRaw2u       imu_usr.o
    0x000276f8   0x000276f8   0x00000034   Code   RO         8868    i.Sensorinit        imu_usr.o
    0x0002772c   0x0002772c   0x0000001c   Code   RO         8639    i.SetAccCalibrateDir  imucalibration.o
    0x00027748   0x00027748   0x00000012   Code   RO         8869    i.Setdatacb         imu_usr.o
    0x0002775a   0x0002775a   0x00000002   PAD
    0x0002775c   0x0002775c   0x0000031c   Code   RO         9707    i.SystemInit        system_nrf52.o
    0x00027a78   0x00027a78   0x00000014   Code   RO         2155    i.TIMER1_IRQHandler  nrfx_timer.o
    0x00027a8c   0x00027a8c   0x0000002c   Code   RO         3966    i.TIMER3_IRQHandler  nrf_esb.o
    0x00027ab8   0x00027ab8   0x00000014   Code   RO         2156    i.TIMER4_IRQHandler  nrfx_timer.o
    0x00027acc   0x00027acc   0x00000096   Code   RO         6086    i.TestRegDebug      icm20601.o
    0x00027b62   0x00027b62   0x00000002   PAD
    0x00027b64   0x00027b64   0x0000000c   Code   RO          823    i.UARTE0_UART0_IRQHandler  nrfx_prs.o
    0x00027b70   0x00027b70   0x00000030   Code   RO         9894    i.__ARM_fpclassify  m_wm.l(fpclassify.o)
    0x00027ba0   0x00027ba0   0x000002d8   Code   RO         9857    i.__hardfp_atan     m_wm.l(atan.o)
    0x00027e78   0x00027e78   0x00000200   Code   RO         9765    i.__hardfp_atan2    m_wm.l(atan2.o)
    0x00028078   0x00028078   0x000000c8   Code   RO         9789    i.__hardfp_sin      m_wm.l(sin.o)
    0x00028140   0x00028140   0x0000007a   Code   RO         9801    i.__hardfp_sqrt     m_wm.l(sqrt.o)
    0x000281ba   0x000281ba   0x0000003a   Code   RO         9813    i.__hardfp_sqrtf    m_wm.l(sqrtf.o)
    0x000281f4   0x000281f4   0x00000004   PAD
    0x000281f8   0x000281f8   0x00000438   Code   RO         9915    i.__ieee754_rem_pio2  m_wm.l(rred.o)
    0x00028630   0x00028630   0x00000170   Code   RO         9871    i.__kernel_cos      m_wm.l(cos_i.o)
    0x000287a0   0x000287a0   0x000000f8   Code   RO         9912    i.__kernel_poly     m_wm.l(poly.o)
    0x00028898   0x00028898   0x00000130   Code   RO         9920    i.__kernel_sin      m_wm.l(sin_i.o)
    0x000289c8   0x000289c8   0x00000014   Code   RO         9875    i.__mathlib_dbl_infnan  m_wm.l(dunder.o)
    0x000289dc   0x000289dc   0x00000014   Code   RO         9876    i.__mathlib_dbl_infnan2  m_wm.l(dunder.o)
    0x000289f0   0x000289f0   0x00000020   Code   RO         9877    i.__mathlib_dbl_invalid  m_wm.l(dunder.o)
    0x00028a10   0x00028a10   0x00000020   Code   RO         9880    i.__mathlib_dbl_underflow  m_wm.l(dunder.o)
    0x00028a30   0x00028a30   0x0000000e   Code   RO         9978    i.__scatterload_copy  mc_w.l(handlers.o)
    0x00028a3e   0x00028a3e   0x00000002   Code   RO         9979    i.__scatterload_null  mc_w.l(handlers.o)
    0x00028a40   0x00028a40   0x0000000e   Code   RO         9980    i.__scatterload_zeroinit  mc_w.l(handlers.o)
    0x00028a4e   0x00028a4e   0x00000002   PAD
    0x00028a50   0x00028a50   0x0000000c   Code   RO         9947    i.__set_errno       mc_w.l(errno.o)
    0x00028a5c   0x00028a5c   0x0000000c   Code   RO         3967    i.addr_conv         nrf_esb.o
    0x00028a68   0x00028a68   0x0000000c   Code   RO         3281    i.addr_is_aligned32  nrf_fstorage.o
    0x00028a74   0x00028a74   0x00000018   Code   RO         3282    i.addr_is_within_bounds  nrf_fstorage.o
    0x00028a8c   0x00028a8c   0x0000001c   Code   RO         9116    i.akmGetRawdata     akm09911.o
    0x00028aa8   0x00028aa8   0x00000002   Code   RO         9117    i.akmSensorDeinit   akm09911.o
    0x00028aaa   0x00028aaa   0x00000002   PAD
    0x00028aac   0x00028aac   0x0000003c   Code   RO         9118    i.akmSensorRaw2u    akm09911.o
    0x00028ae8   0x00028ae8   0x0000000c   Code   RO         9119    i.akmSensorinit     akm09911.o
    0x00028af4   0x00028af4   0x00000004   Code   RO         9120    i.akmSsensorConfig  akm09911.o
    0x00028af8   0x00028af8   0x00000006   Code   RO         3663    i.alert_timer_handler  bsp.o
    0x00028afe   0x00028afe   0x00000002   PAD
    0x00028b00   0x00028b00   0x00000024   Code   RO         3781    i.app_button_enable  app_button.o
    0x00028b24   0x00028b24   0x00000078   Code   RO         3782    i.app_button_init   app_button.o
    0x00028b9c   0x00028b9c   0x00000004   Code   RO         4632    i.app_error_handler_bare  sys.o
    0x00028ba0   0x00028ba0   0x0000009c   Code   RO         3441    i.app_sched_event_put  app_scheduler.o
    0x00028c3c   0x00028c3c   0x00000040   Code   RO         3442    i.app_sched_execute  app_scheduler.o
    0x00028c7c   0x00028c7c   0x0000002c   Code   RO         3443    i.app_sched_init    app_scheduler.o
    0x00028ca8   0x00028ca8   0x00000028   Code   RO         3499    i.app_timer_create  app_timer.o
    0x00028cd0   0x00028cd0   0x00000054   Code   RO         3500    i.app_timer_init    app_timer.o
    0x00028d24   0x00028d24   0x00000080   Code   RO         3503    i.app_timer_start   app_timer.o
    0x00028da4   0x00028da4   0x00000020   Code   RO         3504    i.app_timer_stop    app_timer.o
    0x00028dc4   0x00028dc4   0x00000004   Code   RO         2329    i.app_util_critical_region_enter  app_util_platform.o
    0x00028dc8   0x00028dc8   0x00000004   Code   RO         2330    i.app_util_critical_region_exit  app_util_platform.o
    0x00028dcc   0x00028dcc   0x00000010   Code   RO         2331    i.app_util_disable_irq  app_util_platform.o
    0x00028ddc   0x00028ddc   0x00000014   Code   RO         2332    i.app_util_enable_irq  app_util_platform.o
    0x00028df0   0x00028df0   0x000000c8   Code   RO         3968    i.apply_address_workarounds  nrf_esb.o
    0x00028eb8   0x00028eb8   0x00000010   Code   RO         9859    i.atan              m_wm.l(atan.o)
    0x00028ec8   0x00028ec8   0x0000001e   Code   RO         9249    i.aw8624_haptic_active  aw8624.o
    0x00028ee6   0x00028ee6   0x00000002   PAD
    0x00028ee8   0x00028ee8   0x0000001c   Code   RO         9573    i.aw8624_haptic_f0_cali_show  aw8624_debug_attr.o
    0x00028f04   0x00028f04   0x00000108   Code   RO         9250    i.aw8624_haptic_f0_calibration  aw8624.o
    0x0002900c   0x0002900c   0x00000014   Code   RO         9251    i.aw8624_haptic_f0_default_set  aw8624.o
    0x00029020   0x00029020   0x0000001c   Code   RO         9574    i.aw8624_haptic_f0_show  aw8624_debug_attr.o
    0x0002903c   0x0002903c   0x0000000c   Code   RO         9252    i.aw8624_haptic_get_calilra_from_nvram  aw8624.o
    0x00029048   0x00029048   0x00000194   Code   RO         9253    i.aw8624_haptic_get_f0  aw8624.o
    0x000291dc   0x000291dc   0x0000000c   Code   RO         9254    i.aw8624_haptic_get_hw_irq_status  aw8624.o
    0x000291e8   0x000291e8   0x00000074   Code   RO         9255    i.aw8624_haptic_init  aw8624.o
    0x0002925c   0x0002925c   0x000000ac   Code   RO         9256    i.aw8624_haptic_irq_handler  aw8624.o
    0x00029308   0x00029308   0x000000b4   Code   RO         9257    i.aw8624_haptic_later_init  aw8624.o
    0x000293bc   0x000293bc   0x000000a4   Code   RO         9258    i.aw8624_haptic_long_vib_work  aw8624.o
    0x00029460   0x00029460   0x0000000c   Code   RO         9259    i.aw8624_haptic_long_vib_work_getdur  aw8624.o
    0x0002946c   0x0002946c   0x000000a6   Code   RO         9260    i.aw8624_haptic_lra_resistance_detector  aw8624.o
    0x00029512   0x00029512   0x00000026   Code   RO         9261    i.aw8624_haptic_play_go  aw8624.o
    0x00029538   0x00029538   0x00000070   Code   RO         9262    i.aw8624_haptic_play_mode  aw8624.o
    0x000295a8   0x000295a8   0x00000016   Code   RO         9263    i.aw8624_haptic_ram_break  aw8624.o
    0x000295be   0x000295be   0x00000002   PAD
    0x000295c0   0x000295c0   0x0000005c   Code   RO         9575    i.aw8624_haptic_ram_show  aw8624_debug_attr.o
    0x0002961c   0x0002961c   0x00000028   Code   RO         9576    i.aw8624_haptic_reg_show  aw8624_debug_attr.o
    0x00029644   0x00029644   0x0000001c   Code   RO         9577    i.aw8624_haptic_reg_store  aw8624_debug_attr.o
    0x00029660   0x00029660   0x0000001c   Code   RO         9264    i.aw8624_haptic_rtp_get_fifo_afi  aw8624.o
    0x0002967c   0x0002967c   0x0000007c   Code   RO         9265    i.aw8624_haptic_rtp_going  aw8624.o
    0x000296f8   0x000296f8   0x00000058   Code   RO         9266    i.aw8624_haptic_rtp_vib_work  aw8624.o
    0x00029750   0x00029750   0x0000000e   Code   RO         9267    i.aw8624_haptic_set_gain  aw8624.o
    0x0002975e   0x0002975e   0x00000002   PAD
    0x00029760   0x00029760   0x0000000c   Code   RO         9268    i.aw8624_haptic_set_hw_irq_status  aw8624.o
    0x0002976c   0x0002976c   0x00000010   Code   RO         9269    i.aw8624_haptic_set_rtp_aei  aw8624.o
    0x0002977c   0x0002977c   0x00000022   Code   RO         9270    i.aw8624_haptic_set_wav_loop  aw8624.o
    0x0002979e   0x0002979e   0x0000000e   Code   RO         9271    i.aw8624_haptic_set_wav_seq  aw8624.o
    0x000297ac   0x000297ac   0x00000050   Code   RO         9272    i.aw8624_haptic_short_vib_work  aw8624.o
    0x000297fc   0x000297fc   0x00000010   Code   RO         9273    i.aw8624_haptic_start  aw8624.o
    0x0002980c   0x0002980c   0x00000038   Code   RO         9274    i.aw8624_haptic_stop  aw8624.o
    0x00029844   0x00029844   0x00000066   Code   RO         9275    i.aw8624_haptic_swicth_motorprotect_config  aw8624.o
    0x000298aa   0x000298aa   0x00000078   Code   RO         9276    i.aw8624_haptic_trig_mode_cfg  aw8624.o
    0x00029922   0x00029922   0x00000002   PAD
    0x00029924   0x00029924   0x00000010   Code   RO         9277    i.aw8624_haptic_upload_lra  aw8624.o
    0x00029934   0x00029934   0x00000072   Code   RO         9278    i.aw8624_haptic_vbat_monitor_detector  aw8624.o
    0x000299a6   0x000299a6   0x00000002   PAD
    0x000299a8   0x000299a8   0x00000020   Code   RO         9279    i.aw8624_haptic_vib_work_cancel  aw8624.o
    0x000299c8   0x000299c8   0x00000036   Code   RO         9280    i.aw8624_hw_reset   aw8624.o
    0x000299fe   0x000299fe   0x00000002   PAD
    0x00029a00   0x00029a00   0x0000005c   Code   RO         9281    i.aw8624_i2c_read   aw8624.o
    0x00029a5c   0x00029a5c   0x00000038   Code   RO         9282    i.aw8624_i2c_write  aw8624.o
    0x00029a94   0x00029a94   0x0000002c   Code   RO         9283    i.aw8624_i2c_write_bits  aw8624.o
    0x00029ac0   0x00029ac0   0x00000034   Code   RO         9284    i.aw8624_i2c_writes  aw8624.o
    0x00029af4   0x00029af4   0x00000012   Code   RO         9285    i.aw8624_interrupt_clear  aw8624.o
    0x00029b06   0x00029b06   0x00000002   PAD
    0x00029b08   0x00029b08   0x00000064   Code   RO         9286    i.aw8624_ram_init   aw8624.o
    0x00029b6c   0x00029b6c   0x00000030   Code   RO         9287    i.aw8624_read_chipid  aw8624.o
    0x00029b9c   0x00029b9c   0x0000000c   Code   RO         5631    i.battery_get_data  battery.o
    0x00029ba8   0x00029ba8   0x000000ac   Code   RO         5634    i.battery_set_data  battery.o
    0x00029c54   0x00029c54   0x0000000c   Code   RO         5636    i.battery_stop      battery.o
    0x00029c60   0x00029c60   0x0000005c   Code   RO         5692    i.boardId_batteryLevel_callback  saadc.o
    0x00029cbc   0x00029cbc   0x0000001c   Code   RO          420    i.bsp_board_button_state_get  boards.o
    0x00029cd8   0x00029cd8   0x00000048   Code   RO          421    i.bsp_board_init    boards.o
    0x00029d20   0x00029d20   0x00000024   Code   RO          423    i.bsp_board_led_invert  boards.o
    0x00029d44   0x00029d44   0x00000010   Code   RO          424    i.bsp_board_led_off  boards.o
    0x00029d54   0x00029d54   0x00000010   Code   RO          425    i.bsp_board_led_on  boards.o
    0x00029d64   0x00029d64   0x0000001c   Code   RO          426    i.bsp_board_led_state_get  boards.o
    0x00029d80   0x00029d80   0x00000006   Code   RO          427    i.bsp_board_leds_off  boards.o
    0x00029d86   0x00029d86   0x00000006   Code   RO          428    i.bsp_board_leds_on  boards.o
    0x00029d8c   0x00029d8c   0x00000024   Code   RO          429    i.bsp_board_pin_to_button_idx  boards.o
    0x00029db0   0x00029db0   0x00000090   Code   RO         3664    i.bsp_button_event_handler  bsp.o
    0x00029e40   0x00029e40   0x0000000c   Code   RO         3665    i.bsp_button_is_pressed  bsp.o
    0x00029e4c   0x00029e4c   0x000000d8   Code   RO            4    i.bsp_event_handler  ctll.o
    0x00029f24   0x00029f24   0x00000044   Code   RO         3668    i.bsp_event_to_button_action_assign  bsp.o
    0x00029f68   0x00029f68   0x000000b0   Code   RO         3670    i.bsp_init          bsp.o
    0x0002a018   0x0002a018   0x000001c8   Code   RO         3671    i.bsp_led_indication  bsp.o
    0x0002a1e0   0x0002a1e0   0x00000008   Code   RO         3674    i.button_timer_handler  bsp.o
    0x0002a1e8   0x0002a1e8   0x0000000a   Code   RO         3969    i.bytewise_bit_swap  nrf_esb.o
    0x0002a1f2   0x0002a1f2   0x00000002   PAD
    0x0002a1f4   0x0002a1f4   0x0000026c   Code   RO         8640    i.calibrateAcc      imucalibration.o
    0x0002a460   0x0002a460   0x000001e8   Code   RO         8641    i.calibrateMag      imucalibration.o
    0x0002a648   0x0002a648   0x0000001c   Code   RO         1243    i.channel_free      nrfx_gpiote.o
    0x0002a664   0x0002a664   0x00000048   Code   RO         1244    i.channel_port_alloc  nrfx_gpiote.o
    0x0002a6ac   0x0002a6ac   0x00000010   Code   RO         1245    i.channel_port_get  nrfx_gpiote.o
    0x0002a6bc   0x0002a6bc   0x0000005c   Code   RO         8642    i.checkAccDirection  imucalibration.o
    0x0002a718   0x0002a718   0x000002d0   Code   RO         8643    i.checkGyroAndAccCalibration  imucalibration.o
    0x0002a9e8   0x0002a9e8   0x00000254   Code   RO         8644    i.checkMagCalibration  imucalibration.o
    0x0002ac3c   0x0002ac3c   0x000001f8   Code   RO         8645    i.checkMagDirection  imucalibration.o
    0x0002ae34   0x0002ae34   0x000000c0   Code   RO         8646    i.cholesky          imucalibration.o
    0x0002aef4   0x0002aef4   0x000000b4   Code   RO         8647    i.cholesky_1        imucalibration.o
    0x0002afa8   0x0002afa8   0x00000054   Code   RO         3970    i.clear_events_restart_rx  nrf_esb.o
    0x0002affc   0x0002affc   0x00000004   Code   RO            6    i.client_sys_tick_cb  ctll.o
    0x0002b000   0x0002b000   0x000000ac   Code   RO         3506    i.compare_reg_update  app_timer.o
    0x0002b0ac   0x0002b0ac   0x00000060   Code   RO         5440    i.core_off          power.o
    0x0002b10c   0x0002b10c   0x00000050   Code   RO         8648    i.correctAcc        imucalibration.o
    0x0002b15c   0x0002b15c   0x00000070   Code   RO         8649    i.correctGyro       imucalibration.o
    0x0002b1cc   0x0002b1cc   0x0000004a   Code   RO         8650    i.correctMag        imucalibration.o
    0x0002b216   0x0002b216   0x00000002   PAD
    0x0002b218   0x0002b218   0x00000034   Code   RO         5798    i.d_packet_add      d_packet.o
    0x0002b24c   0x0002b24c   0x00000058   Code   RO         5801    i.d_packet_get_next_usr  d_packet.o
    0x0002b2a4   0x0002b2a4   0x00000030   Code   RO         5802    i.d_packet_get_size  d_packet.o
    0x0002b2d4   0x0002b2d4   0x00000010   Code   RO         5803    i.d_packet_init     d_packet.o
    0x0002b2e4   0x0002b2e4   0x0000001c   Code   RO         5805    i.d_packet_skip_next  d_packet.o
    0x0002b300   0x0002b300   0x00000080   Code   RO         2887    i.delete_execute    fds.o
    0x0002b380   0x0002b380   0x0000009c   Code   RO         3784    i.detection_delay_timeout_handler  app_button.o
    0x0002b41c   0x0002b41c   0x00000040   Code   RO         3507    i.elapsed_ticks_acquire  app_timer.o
    0x0002b45c   0x0002b45c   0x00000048   Code   RO         3367    i.erase             nrf_fstorage_nvmc.o
    0x0002b4a4   0x0002b4a4   0x00000074   Code   RO         2888    i.event_prepare     fds.o
    0x0002b518   0x0002b518   0x00000020   Code   RO         2889    i.event_send        fds.o
    0x0002b538   0x0002b538   0x00000036   Code   RO         3368    i.event_send        nrf_fstorage_nvmc.o
    0x0002b56e   0x0002b56e   0x00000018   Code   RO         9890    i.fabs              m_wm.l(fabs.o)
    0x0002b586   0x0002b586   0x00000002   PAD
    0x0002b588   0x0002b588   0x00000084   Code   RO         4905    i.factory_test_init  test.o
    0x0002b60c   0x0002b60c   0x00000024   Code   RO         5391    i.fds_evt_handler   persist.o
    0x0002b630   0x0002b630   0x0000003c   Code   RO         2892    i.fds_gc            fds.o
    0x0002b66c   0x0002b66c   0x000000c8   Code   RO         2893    i.fds_init          fds.o
    0x0002b734   0x0002b734   0x00000040   Code   RO         2894    i.fds_record_close  fds.o
    0x0002b774   0x0002b774   0x0000000e   Code   RO         2896    i.fds_record_find   fds.o
    0x0002b782   0x0002b782   0x00000002   PAD
    0x0002b784   0x0002b784   0x00000048   Code   RO         2901    i.fds_record_open   fds.o
    0x0002b7cc   0x0002b7cc   0x0000000e   Code   RO         2902    i.fds_record_update  fds.o
    0x0002b7da   0x0002b7da   0x00000008   Code   RO         2903    i.fds_record_write  fds.o
    0x0002b7e2   0x0002b7e2   0x00000002   PAD
    0x0002b7e4   0x0002b7e4   0x0000002c   Code   RO         2905    i.fds_register      fds.o
    0x0002b810   0x0002b810   0x00000050   Code   RO         5508    i.fr_deinit         fr2522.o
    0x0002b860   0x0002b860   0x0000000a   Code   RO         5509    i.fr_event          fr2522.o
    0x0002b86a   0x0002b86a   0x00000002   PAD
    0x0002b86c   0x0002b86c   0x0000000c   Code   RO         5510    i.fr_get            fr2522.o
    0x0002b878   0x0002b878   0x0000002c   Code   RO         5511    i.fr_handler        fr2522.o
    0x0002b8a4   0x0002b8a4   0x00000090   Code   RO         5512    i.fr_init           fr2522.o
    0x0002b934   0x0002b934   0x00000028   Code   RO         5513    i.fr_start          fr2522.o
    0x0002b95c   0x0002b95c   0x00000006   Code   RO         2909    i.fs_event_handler  fds.o
    0x0002b962   0x0002b962   0x00000002   PAD
    0x0002b964   0x0002b964   0x0000007c   Code   RO         2910    i.gc_execute        fds.o
    0x0002b9e0   0x0002b9e0   0x0000004c   Code   RO         2911    i.gc_next_page      fds.o
    0x0002ba2c   0x0002ba2c   0x00000040   Code   RO         2912    i.gc_page_erase     fds.o
    0x0002ba6c   0x0002ba6c   0x00000034   Code   RO         2913    i.gc_record_copy    fds.o
    0x0002baa0   0x0002baa0   0x00000024   Code   RO         2914    i.gc_record_find_next  fds.o
    0x0002bac4   0x0002bac4   0x00000088   Code   RO         2915    i.gc_state_advance  fds.o
    0x0002bb4c   0x0002bb4c   0x00000050   Code   RO            7    i.get_boardId_batteryInitLevel  ctll.o
    0x0002bb9c   0x0002bb9c   0x00000012   Code   RO         8651    i.getfloat          imucalibration.o
    0x0002bbae   0x0002bbae   0x00000002   PAD
    0x0002bbb0   0x0002bbb0   0x00000084   Code   RO         3785    i.gpiote_event_handler  app_button.o
    0x0002bc34   0x0002bc34   0x0000000c   Code   RO         5272    i.hall1_get         input.o
    0x0002bc40   0x0002bc40   0x00000040   Code   RO         5273    i.hall1_set         input.o
    0x0002bc80   0x0002bc80   0x0000000c   Code   RO         5274    i.hall2_get         input.o
    0x0002bc8c   0x0002bc8c   0x00000044   Code   RO         5275    i.hall2_set         input.o
    0x0002bcd0   0x0002bcd0   0x00000010   Code   RO         5276    i.hall_get          input.o
    0x0002bce0   0x0002bce0   0x00000026   Code   RO         2916    i.header_check      fds.o
    0x0002bd06   0x0002bd06   0x00000012   Code   RO         2917    i.header_has_next   fds.o
    0x0002bd18   0x0002bd18   0x000000f0   Code   RO         6087    i.icm20601AccelToLowNoise  icm20601.o
    0x0002be08   0x0002be08   0x0000010c   Code   RO         6088    i.icm20601AccelToLowPower  icm20601.o
    0x0002bf14   0x0002bf14   0x000000f4   Code   RO         6380    i.icm20601AppInit   icm_usr.o
    0x0002c008   0x0002c008   0x0000018e   Code   RO         6089    i.icm20601AxisToLowNoise  icm20601.o
    0x0002c196   0x0002c196   0x0000019e   Code   RO         6090    i.icm20601AxisToLowPower  icm20601.o
    0x0002c334   0x0002c334   0x00000006   Code   RO         6091    i.icm20601CheckDataReady  icm20601.o
    0x0002c33a   0x0002c33a   0x0000002a   Code   RO         6092    i.icm20601ClrRegBits  icm20601.o
    0x0002c364   0x0002c364   0x0000001a   Code   RO         6093    i.icm20601DisableFifo  icm20601.o
    0x0002c37e   0x0002c37e   0x00000014   Code   RO         6094    i.icm20601EnableDrdyInterrupt  icm20601.o
    0x0002c392   0x0002c392   0x0000008a   Code   RO         6095    i.icm20601EnableFifo  icm20601.o
    0x0002c41c   0x0002c41c   0x00000008   Code   RO         6096    i.icm20601EnableInterrupt  icm20601.o
    0x0002c424   0x0002c424   0x00000092   Code   RO         6097    i.icm20601EnableSensor  icm20601.o
    0x0002c4b6   0x0002c4b6   0x0000000a   Code   RO         6098    i.icm20601GetIntStatus  icm20601.o
    0x0002c4c0   0x0002c4c0   0x0000000a   Code   RO         6099    i.icm20601GetWhoami  icm20601.o
    0x0002c4ca   0x0002c4ca   0x0000016e   Code   RO         6100    i.icm20601GyroToLowNoise  icm20601.o
    0x0002c638   0x0002c638   0x0000017a   Code   RO         6101    i.icm20601GyroToLowPower  icm20601.o
    0x0002c7b2   0x0002c7b2   0x000000c8   Code   RO         6106    i.icm20601PollFifoData  icm20601.o
    0x0002c87a   0x0002c87a   0x000000b4   Code   RO         6107    i.icm20601PollFifoDataSetup  icm20601.o
    0x0002c92e   0x0002c92e   0x00000002   PAD
    0x0002c930   0x0002c930   0x0000010c   Code   RO         6109    i.icm20601PowerManager  icm20601.o
    0x0002ca3c   0x0002ca3c   0x0000004c   Code   RO         6381    i.icm20601ReadReg   icm_usr.o
    0x0002ca88   0x0002ca88   0x00000006   Code   RO         6110    i.icm20601ReadRegOne  icm20601.o
    0x0002ca8e   0x0002ca8e   0x00000008   Code   RO         6111    i.icm20601ResetFifo  icm20601.o
    0x0002ca96   0x0002ca96   0x00000056   Code   RO         6112    i.icm20601SetAccelBw  icm20601.o
    0x0002caec   0x0002caec   0x00000036   Code   RO         6113    i.icm20601SetAccelFsr  icm20601.o
    0x0002cb22   0x0002cb22   0x00000008   Code   RO         6114    i.icm20601SetDivider  icm20601.o
    0x0002cb2a   0x0002cb2a   0x00000014   Code   RO         6115    i.icm20601SetFifoMode  icm20601.o
    0x0002cb3e   0x0002cb3e   0x00000078   Code   RO         6116    i.icm20601SetGyroFsrAndBw  icm20601.o
    0x0002cbb6   0x0002cbb6   0x00000024   Code   RO         6117    i.icm20601SetPwrDefault  icm20601.o
    0x0002cbda   0x0002cbda   0x0000002a   Code   RO         6118    i.icm20601SetRegBits  icm20601.o
    0x0002cc04   0x0002cc04   0x0000004c   Code   RO         6119    i.icm20601SetSensorPeriod  icm20601.o
    0x0002cc50   0x0002cc50   0x0000007e   Code   RO         6120    i.icm20601SmplartDmpOdrs  icm20601.o
    0x0002ccce   0x0002ccce   0x00000048   Code   RO         6121    i.icm20601SoftReset  icm20601.o
    0x0002cd16   0x0002cd16   0x00000002   PAD
    0x0002cd18   0x0002cd18   0x00000044   Code   RO         6382    i.icm20601WriteReg  icm_usr.o
    0x0002cd5c   0x0002cd5c   0x0000000c   Code   RO         6122    i.icm20601WriteRegOne  icm20601.o
    0x0002cd68   0x0002cd68   0x00000004   Code   RO         6383    i.icm20602SleepMs   icm_usr.o
    0x0002cd6c   0x0002cd6c   0x00000004   Code   RO         6384    i.icm20602SleepUs   icm_usr.o
    0x0002cd70   0x0002cd70   0x00000048   Code   RO         6123    i.icm20602SoftReset  icm20601.o
    0x0002cdb8   0x0002cdb8   0x00000090   Code   RO         6387    i.icmSensorRaw2u    icm_usr.o
    0x0002ce48   0x0002ce48   0x0000000c   Code   RO         6388    i.icmSensorinit     icm_usr.o
    0x0002ce54   0x0002ce54   0x0000000c   Code   RO         6389    i.icmSetdatacb      icm_usr.o
    0x0002ce60   0x0002ce60   0x00000070   Code   RO         6391    i.icm_GetSensorAccGyroData  icm_usr.o
    0x0002ced0   0x0002ced0   0x00000030   Code   RO         5277    i.id_set            input.o
    0x0002cf00   0x0002cf00   0x00000014   Code   RO         8652    i.imuClearCalibratedStatus  imucalibration.o
    0x0002cf14   0x0002cf14   0x00000024   Code   RO         8965    i.imu_Deinit        imu_wrp.o
    0x0002cf38   0x0002cf38   0x00000070   Code   RO         8966    i.imu_calib         imu_wrp.o
    0x0002cfa8   0x0002cfa8   0x0000002c   Code   RO         8967    i.imu_csm_getdata   imu_wrp.o
    0x0002cfd4   0x0002cfd4   0x00000380   Code   RO         8969    i.imu_handler       imu_wrp.o
    0x0002d354   0x0002d354   0x00000030   Code   RO         8970    i.imu_init          imu_wrp.o
    0x0002d384   0x0002d384   0x00000014   Code   RO         8971    i.imu_register_acc_gyro_drv  imu_wrp.o
    0x0002d398   0x0002d398   0x00000014   Code   RO         8972    i.imu_register_mag_drv  imu_wrp.o
    0x0002d3ac   0x0002d3ac   0x0000005c   Code   RO         8973    i.imu_set_calib     imu_wrp.o
    0x0002d408   0x0002d408   0x0000000c   Code   RO         8974    i.imu_set_test      imu_wrp.o
    0x0002d414   0x0002d414   0x00000104   Code   RO         4906    i.imu_test_check_callback  test.o
    0x0002d518   0x0002d518   0x00000058   Code   RO         8975    i.imu_vote_sleep    imu_wrp.o
    0x0002d570   0x0002d570   0x000001f4   Code   RO         8653    i.imuinitCalib      imucalibration.o
    0x0002d764   0x0002d764   0x0000000c   Code   RO         3369    i.init              nrf_fstorage_nvmc.o
    0x0002d770   0x0002d770   0x000000c8   Code   RO         2918    i.init_execute      fds.o
    0x0002d838   0x0002d838   0x00000016   Code   RO         5278    i.input_Deinit      input.o
    0x0002d84e   0x0002d84e   0x00000022   Code   RO         5279    i.input_init        input.o
    0x0002d870   0x0002d870   0x00000038   Code   RO         4633    i.internal_error_process  sys.o
    0x0002d8a8   0x0002d8a8   0x000000c2   Code   RO         8654    i.invutri           imucalibration.o
    0x0002d96a   0x0002d96a   0x00000002   PAD
    0x0002d96c   0x0002d96c   0x000000b6   Code   RO         8655    i.invutri_1         imucalibration.o
    0x0002da22   0x0002da22   0x0000009c   Code   RO         1678    i.irq_handler       nrfx_pwm.o
    0x0002dabe   0x0002dabe   0x00000002   PAD
    0x0002dac0   0x0002dac0   0x00000046   Code   RO         2157    i.irq_handler       nrfx_timer.o
    0x0002db06   0x0002db06   0x00000002   PAD
    0x0002db08   0x0002db08   0x00000010   Code   RO         3370    i.is_busy           nrf_fstorage_nvmc.o
    0x0002db18   0x0002db18   0x0000000c   Code   RO         2919    i.is_word_aligned   fds.o
    0x0002db24   0x0002db24   0x00000010   Code   RO         8656    i.isaccCalib        imucalibration.o
    0x0002db34   0x0002db34   0x00000010   Code   RO         8657    i.isgyroCalib       imucalibration.o
    0x0002db44   0x0002db44   0x00000024   Code   RO         5059    i.led_bonding       led.o
    0x0002db68   0x0002db68   0x00000084   Code   RO         5060    i.led_calib         led.o
    0x0002dbec   0x0002dbec   0x00000018   Code   RO         5061    i.led_connfig       led.o
    0x0002dc04   0x0002dc04   0x00000074   Code   RO         5063    i.led_handler       led.o
    0x0002dc78   0x0002dc78   0x00000024   Code   RO         5065    i.led_init          led.o
    0x0002dc9c   0x0002dc9c   0x00000002   Code   RO         5066    i.led_keypress      led.o
    0x0002dc9e   0x0002dc9e   0x00000002   PAD
    0x0002dca0   0x0002dca0   0x00000024   Code   RO         5068    i.led_off           led.o
    0x0002dcc4   0x0002dcc4   0x00000018   Code   RO         5069    i.led_on_always     led.o
    0x0002dcdc   0x0002dcdc   0x00000024   Code   RO         5070    i.led_powerOn       led.o
    0x0002dd00   0x0002dd00   0x00000050   Code   RO         5071    i.led_start         led.o
    0x0002dd50   0x0002dd50   0x00000024   Code   RO         5073    i.led_stop          led.o
    0x0002dd74   0x0002dd74   0x00000028   Code   RO         5074    i.led_testmode      led.o
    0x0002dd9c   0x0002dd9c   0x00000014   Code   RO         3675    i.leds_off          bsp.o
    0x0002ddb0   0x0002ddb0   0x00000014   Code   RO         3676    i.leds_timer_handler  bsp.o
    0x0002ddc4   0x0002ddc4   0x000000f8   Code   RO         3508    i.list_insertions_handler  app_timer.o
    0x0002debc   0x0002debc   0x0000000a   Code   RO         6610    i.lsm6dsr_acceleration_raw_get  lsm6dsr_reg.o
    0x0002dec6   0x0002dec6   0x0000000a   Code   RO         6620    i.lsm6dsr_angular_rate_raw_get  lsm6dsr_reg.o
    0x0002ded0   0x0002ded0   0x0000002e   Code   RO         6660    i.lsm6dsr_block_data_update_set  lsm6dsr_reg.o
    0x0002defe   0x0002defe   0x0000002e   Code   RO         6670    i.lsm6dsr_data_ready_mode_set  lsm6dsr_reg.o
    0x0002df2c   0x0002df2c   0x0000000a   Code   RO         6683    i.lsm6dsr_device_id_get  lsm6dsr_reg.o
    0x0002df36   0x0002df36   0x0000004c   Code   RO         6731    i.lsm6dsr_fsm_data_rate_get  lsm6dsr_reg.o
    0x0002df82   0x0002df82   0x0000003e   Code   RO         6733    i.lsm6dsr_fsm_enable_get  lsm6dsr_reg.o
    0x0002dfc0   0x0002dfc0   0x000000ec   Code   RO         6743    i.lsm6dsr_gy_data_rate_set  lsm6dsr_reg.o
    0x0002e0ac   0x0002e0ac   0x0000002e   Code   RO         6748    i.lsm6dsr_gy_full_scale_set  lsm6dsr_reg.o
    0x0002e0da   0x0002e0da   0x0000005c   Code   RO         6762    i.lsm6dsr_i3c_disable_set  lsm6dsr_reg.o
    0x0002e136   0x0002e136   0x0000002e   Code   RO         6790    i.lsm6dsr_mem_bank_set  lsm6dsr_reg.o
    0x0002e164   0x0002e164   0x0000006e   Code   RO         6812    i.lsm6dsr_pin_int1_route_get  lsm6dsr_reg.o
    0x0002e1d2   0x0002e1d2   0x0000017a   Code   RO         6813    i.lsm6dsr_pin_int1_route_set  lsm6dsr_reg.o
    0x0002e34c   0x0002e34c   0x0000000e   Code   RO         6820    i.lsm6dsr_read_reg  lsm6dsr_reg.o
    0x0002e35a   0x0002e35a   0x0000001a   Code   RO         6821    i.lsm6dsr_reset_get  lsm6dsr_reg.o
    0x0002e374   0x0002e374   0x0000002e   Code   RO         6822    i.lsm6dsr_reset_set  lsm6dsr_reg.o
    0x0002e3a2   0x0002e3a2   0x0000000e   Code   RO         6911    i.lsm6dsr_write_reg  lsm6dsr_reg.o
    0x0002e3b0   0x0002e3b0   0x000000ec   Code   RO         6913    i.lsm6dsr_xl_data_rate_set  lsm6dsr_reg.o
    0x0002e49c   0x0002e49c   0x0000001a   Code   RO         6918    i.lsm6dsr_xl_flag_data_ready_get  lsm6dsr_reg.o
    0x0002e4b6   0x0002e4b6   0x0000002e   Code   RO         6920    i.lsm6dsr_xl_full_scale_set  lsm6dsr_reg.o
    0x0002e4e4   0x0002e4e4   0x000000ac   Code   RO         6518    i.lsmAppInit        lsm_usr.o
    0x0002e590   0x0002e590   0x00000004   Code   RO         6520    i.lsmSensorDeinit   lsm_usr.o
    0x0002e594   0x0002e594   0x00000090   Code   RO         6521    i.lsmSensorRaw2u    lsm_usr.o
    0x0002e624   0x0002e624   0x0000000c   Code   RO         6522    i.lsmSensorinit     lsm_usr.o
    0x0002e630   0x0002e630   0x0000000c   Code   RO         6523    i.lsmSetdatacb      lsm_usr.o
    0x0002e63c   0x0002e63c   0x00000070   Code   RO         6525    i.lsm_GetSensorAccGyroData  lsm_usr.o
    0x0002e6ac   0x0002e6ac   0x0000004c   Code   RO         6526    i.lsm_read          lsm_usr.o
    0x0002e6f8   0x0002e6f8   0x00000048   Code   RO         6527    i.lsm_write         lsm_usr.o
    0x0002e740   0x0002e740   0x00000040   Code   RO         5925    i.mag_add           magfifo.o
    0x0002e780   0x0002e780   0x00000010   Code   RO         5926    i.mag_fifo_init     magfifo.o
    0x0002e790   0x0002e790   0x0000004c   Code   RO         5928    i.mag_get_latest    magfifo.o
    0x0002e7dc   0x0002e7dc   0x00000038   Code   RO         8976    i.mag_handler       imu_wrp.o
    0x0002e814   0x0002e814   0x0000003c   Code   RO         8977    i.mag_init          imu_wrp.o
    0x0002e850   0x0002e850   0x00000028   Code   RO         8978    i.mag_start         imu_wrp.o
    0x0002e878   0x0002e878   0x00000028   Code   RO         8979    i.mag_start_fast    imu_wrp.o
    0x0002e8a0   0x0002e8a0   0x00000024   Code   RO         8981    i.mag_stop          imu_wrp.o
    0x0002e8c4   0x0002e8c4   0x00000168   Code   RO            9    i.main              ctll.o
    0x0002ea2c   0x0002ea2c   0x00000270   Code   RO         5988    i.matToQuat         madgwickahrs.o
    0x0002ec9c   0x0002ec9c   0x0000007c   Code   RO         8659    i.matrix_inv        imucalibration.o
    0x0002ed18   0x0002ed18   0x0000007c   Code   RO         8660    i.matrix_inv_1      imucalibration.o
    0x0002ed94   0x0002ed94   0x00000054   Code   RO         8661    i.matrix_mul_vector  imucalibration.o
    0x0002ede8   0x0002ede8   0x00000050   Code   RO         8662    i.matrix_mul_vector_1  imucalibration.o
    0x0002ee38   0x0002ee38   0x0000006c   Code   RO         8663    i.matrix_t_mul      imucalibration.o
    0x0002eea4   0x0002eea4   0x00000068   Code   RO         8664    i.matrix_t_mul_1    imucalibration.o
    0x0002ef0c   0x0002ef0c   0x00000050   Code   RO         8665    i.matrix_t_mul_vector  imucalibration.o
    0x0002ef5c   0x0002ef5c   0x0000004c   Code   RO         8666    i.matrix_t_mul_vector_1  imucalibration.o
    0x0002efa8   0x0002efa8   0x00000026   Code   RO         3215    i.nrf_atfifo_init   nrf_atfifo.o
    0x0002efce   0x0002efce   0x00000016   Code   RO         3216    i.nrf_atfifo_item_alloc  nrf_atfifo.o
    0x0002efe4   0x0002efe4   0x00000016   Code   RO         3217    i.nrf_atfifo_item_free  nrf_atfifo.o
    0x0002effa   0x0002effa   0x00000016   Code   RO         3218    i.nrf_atfifo_item_get  nrf_atfifo.o
    0x0002f010   0x0002f010   0x00000016   Code   RO         3219    i.nrf_atfifo_item_put  nrf_atfifo.o
    0x0002f026   0x0002f026   0x00000006   Code   RO         2443    i.nrf_atomic_flag_clear  nrf_atomic.o
    0x0002f02c   0x0002f02c   0x00000006   Code   RO         2446    i.nrf_atomic_flag_set_fetch  nrf_atomic.o
    0x0002f032   0x0002f032   0x0000000c   Code   RO         2447    i.nrf_atomic_u32_add  nrf_atomic.o
    0x0002f03e   0x0002f03e   0x0000000c   Code   RO         2448    i.nrf_atomic_u32_and  nrf_atomic.o
    0x0002f04a   0x0002f04a   0x0000000a   Code   RO         2450    i.nrf_atomic_u32_fetch_add  nrf_atomic.o
    0x0002f054   0x0002f054   0x0000000a   Code   RO         2452    i.nrf_atomic_u32_fetch_or  nrf_atomic.o
    0x0002f05e   0x0002f05e   0x0000000c   Code   RO         2459    i.nrf_atomic_u32_sub  nrf_atomic.o
    0x0002f06a   0x0002f06a   0x00000010   Code   RO         1246    i.nrf_bitmask_bit_is_set  nrfx_gpiote.o
    0x0002f07a   0x0002f07a   0x00000014   Code   RO         1247    i.nrf_bitmask_bit_set  nrfx_gpiote.o
    0x0002f08e   0x0002f08e   0x00000002   PAD
    0x0002f090   0x0002f090   0x00000020   Code   RO           10    i.nrf_delay_ms      ctll.o
    0x0002f0b0   0x0002f0b0   0x00000020   Code   RO         4907    i.nrf_delay_ms      test.o
    0x0002f0d0   0x0002f0d0   0x00000020   Code   RO         5441    i.nrf_delay_ms      power.o
    0x0002f0f0   0x0002f0f0   0x00000020   Code   RO         5515    i.nrf_delay_ms      fr2522.o
    0x0002f110   0x0002f110   0x00000016   Code   RO         6392    i.nrf_delay_ms      icm_usr.o
    0x0002f126   0x0002f126   0x00000002   PAD
    0x0002f128   0x0002f128   0x00000020   Code   RO         8982    i.nrf_delay_ms      imu_wrp.o
    0x0002f148   0x0002f148   0x00000020   Code   RO         9289    i.nrf_delay_ms      aw8624.o
    0x0002f168   0x0002f168   0x0000000c   Code   RO         5693    i.nrf_drv_saadc_init  saadc.o
    0x0002f174   0x0002f174   0x00000070   Code   RO          529    i.nrf_drv_spi_init  nrf_drv_spi.o
    0x0002f1e4   0x0002f1e4   0x00000016   Code   RO         6393    i.nrf_drv_spi_transfer  icm_usr.o
    0x0002f1fa   0x0002f1fa   0x00000016   Code   RO         6528    i.nrf_drv_spi_transfer  lsm_usr.o
    0x0002f210   0x0002f210   0x00000040   Code   RO          564    i.nrf_drv_twi_init  nrf_drv_twi.o
    0x0002f250   0x0002f250   0x0000000e   Code   RO         9122    i.nrf_drv_twi_tx    akm09911.o
    0x0002f25e   0x0002f25e   0x0000000e   Code   RO         9290    i.nrf_drv_twi_tx    aw8624.o
    0x0002f26c   0x0002f26c   0x00000044   Code   RO         3971    i.nrf_esb_disable   nrf_esb.o
    0x0002f2b0   0x0002f2b0   0x00000030   Code   RO         3974    i.nrf_esb_flush_tx  nrf_esb.o
    0x0002f2e0   0x0002f2e0   0x0000016c   Code   RO         3976    i.nrf_esb_init      nrf_esb.o
    0x0002f44c   0x0002f44c   0x00000088   Code   RO         3979    i.nrf_esb_read_rx_payload  nrf_esb.o
    0x0002f4d4   0x0002f4d4   0x00000070   Code   RO         3982    i.nrf_esb_set_base_address_0  nrf_esb.o
    0x0002f544   0x0002f544   0x0000009c   Code   RO         3983    i.nrf_esb_set_base_address_1  nrf_esb.o
    0x0002f5e0   0x0002f5e0   0x0000009c   Code   RO         3985    i.nrf_esb_set_prefixes  nrf_esb.o
    0x0002f67c   0x0002f67c   0x00000020   Code   RO         3988    i.nrf_esb_set_rf_channel  nrf_esb.o
    0x0002f69c   0x0002f69c   0x00000044   Code   RO         3990    i.nrf_esb_skip_tx   nrf_esb.o
    0x0002f6e0   0x0002f6e0   0x00000080   Code   RO         3991    i.nrf_esb_start_rx  nrf_esb.o
    0x0002f760   0x0002f760   0x00000044   Code   RO         3993    i.nrf_esb_stop_rx   nrf_esb.o
    0x0002f7a4   0x0002f7a4   0x000000ac   Code   RO         3996    i.nrf_esb_write_payload  nrf_esb.o
    0x0002f850   0x0002f850   0x0000004e   Code   RO         3283    i.nrf_fstorage_erase  nrf_fstorage.o
    0x0002f89e   0x0002f89e   0x00000010   Code   RO         3284    i.nrf_fstorage_init  nrf_fstorage.o
    0x0002f8ae   0x0002f8ae   0x00000066   Code   RO         3290    i.nrf_fstorage_write  nrf_fstorage.o
    0x0002f914   0x0002f914   0x00000024   Code   RO          431    i.nrf_gpio_cfg      boards.o
    0x0002f938   0x0002f938   0x00000024   Code   RO         1248    i.nrf_gpio_cfg      nrfx_gpiote.o
    0x0002f95c   0x0002f95c   0x00000024   Code   RO         1527    i.nrf_gpio_cfg      nrfx_spim.o
    0x0002f980   0x0002f980   0x00000024   Code   RO         1951    i.nrf_gpio_cfg      nrfx_twi.o
    0x0002f9a4   0x0002f9a4   0x00000024   Code   RO         5516    i.nrf_gpio_cfg      fr2522.o
    0x0002f9c8   0x0002f9c8   0x00000012   Code   RO         5517    i.nrf_gpio_cfg_default  fr2522.o
    0x0002f9da   0x0002f9da   0x00000010   Code   RO         5694    i.nrf_gpio_cfg_default  saadc.o
    0x0002f9ea   0x0002f9ea   0x00000010   Code   RO         8870    i.nrf_gpio_cfg_default  imu_usr.o
    0x0002f9fa   0x0002f9fa   0x00000014   Code   RO         1528    i.nrf_gpio_cfg_output  nrfx_spim.o
    0x0002fa0e   0x0002fa0e   0x00000010   Code   RO         5280    i.nrf_gpio_cfg_output  input.o
    0x0002fa1e   0x0002fa1e   0x00000014   Code   RO         5518    i.nrf_gpio_cfg_output  fr2522.o
    0x0002fa32   0x0002fa32   0x00000010   Code   RO         9291    i.nrf_gpio_cfg_output  aw8624.o
    0x0002fa42   0x0002fa42   0x00000022   Code   RO         1250    i.nrf_gpio_cfg_sense_set  nrfx_gpiote.o
    0x0002fa64   0x0002fa64   0x0000000e   Code   RO         1529    i.nrf_gpio_pin_clear  nrfx_spim.o
    0x0002fa72   0x0002fa72   0x0000000e   Code   RO          565    i.nrf_gpio_pin_set  nrf_drv_twi.o
    0x0002fa80   0x0002fa80   0x0000000e   Code   RO         1530    i.nrf_gpio_pin_set  nrfx_spim.o
    0x0002fa8e   0x0002fa8e   0x0000000e   Code   RO         5187    i.nrf_gpio_pin_set  rled.o
    0x0002fa9c   0x0002fa9c   0x00000016   Code   RO          432    i.nrf_gpio_pin_write  boards.o
    0x0002fab2   0x0002fab2   0x00000016   Code   RO         5281    i.nrf_gpio_pin_write  input.o
    0x0002fac8   0x0002fac8   0x00000016   Code   RO         5519    i.nrf_gpio_pin_write  fr2522.o
    0x0002fade   0x0002fade   0x00000016   Code   RO         9292    i.nrf_gpio_pin_write  aw8624.o
    0x0002faf4   0x0002faf4   0x00000016   Code   RO         9628    i.nrf_gpio_pin_write  vib2.o
    0x0002fb0a   0x0002fb0a   0x00000002   PAD
    0x0002fb0c   0x0002fb0c   0x00000028   Code   RO         1251    i.nrf_gpio_ports_read  nrfx_gpiote.o
    0x0002fb34   0x0002fb34   0x00000014   Code   RO         1252    i.nrf_gpiote_event_clear  nrfx_gpiote.o
    0x0002fb48   0x0002fb48   0x00000010   Code   RO         1253    i.nrf_gpiote_event_is_set  nrfx_gpiote.o
    0x0002fb58   0x0002fb58   0x00000030   Code   RO         2107    i.nrf_nvmc_page_erase  nrf_nvmc.o
    0x0002fb88   0x0002fb88   0x00000044   Code   RO         2111    i.nrf_nvmc_write_words  nrf_nvmc.o
    0x0002fbcc   0x0002fbcc   0x0000000a   Code   RO         1679    i.nrf_pwm_event_check  nrfx_pwm.o
    0x0002fbd6   0x0002fbd6   0x0000000c   Code   RO         1680    i.nrf_pwm_event_clear  nrfx_pwm.o
    0x0002fbe2   0x0002fbe2   0x00000002   PAD
    0x0002fbe4   0x0002fbe4   0x00000010   Code   RO         1787    i.nrf_saadc_buffer_init  nrfx_saadc.o
    0x0002fbf4   0x0002fbf4   0x00000014   Code   RO         1788    i.nrf_saadc_channel_input_set  nrfx_saadc.o
    0x0002fc08   0x0002fc08   0x00000010   Code   RO         1789    i.nrf_saadc_event_check  nrfx_saadc.o
    0x0002fc18   0x0002fc18   0x00000014   Code   RO         1790    i.nrf_saadc_event_clear  nrfx_saadc.o
    0x0002fc2c   0x0002fc2c   0x00000010   Code   RO         1791    i.nrf_saadc_limit_int_get  nrfx_saadc.o
    0x0002fc3c   0x0002fc3c   0x0000000a   Code   RO         1531    i.nrf_spim_event_check  nrfx_spim.o
    0x0002fc46   0x0002fc46   0x0000000c   Code   RO         2158    i.nrf_timer_event_clear  nrfx_timer.o
    0x0002fc52   0x0002fc52   0x0000000a   Code   RO         1953    i.nrf_twi_event_check  nrfx_twi.o
    0x0002fc5c   0x0002fc5c   0x0000000c   Code   RO         1954    i.nrf_twi_event_clear  nrfx_twi.o
    0x0002fc68   0x0002fc68   0x00000010   Code   RO          566    i.nrfx_coredep_delay_us  nrf_drv_twi.o
    0x0002fc78   0x0002fc78   0x00000010   Code   RO         1792    i.nrfx_coredep_delay_us  nrfx_saadc.o
    0x0002fc88   0x0002fc88   0x00000010   Code   RO         3509    i.nrfx_coredep_delay_us  app_timer.o
    0x0002fc98   0x0002fc98   0x00000010   Code   RO         5188    i.nrfx_coredep_delay_us  rled.o
    0x0002fca8   0x0002fca8   0x00000010   Code   RO         6394    i.nrfx_coredep_delay_us  icm_usr.o
    0x0002fcb8   0x0002fcb8   0x00000010   Code   RO         9123    i.nrfx_coredep_delay_us  akm09911.o
    0x0002fcc8   0x0002fcc8   0x00000048   Code   RO         1257    i.nrfx_gpiote_in_event_disable  nrfx_gpiote.o
    0x0002fd10   0x0002fd10   0x000000a4   Code   RO         1258    i.nrfx_gpiote_in_event_enable  nrfx_gpiote.o
    0x0002fdb4   0x0002fdb4   0x000000d0   Code   RO         1259    i.nrfx_gpiote_in_init  nrfx_gpiote.o
    0x0002fe84   0x0002fe84   0x00000014   Code   RO         1260    i.nrfx_gpiote_in_is_set  nrfx_gpiote.o
    0x0002fe98   0x0002fe98   0x0000006c   Code   RO         1262    i.nrfx_gpiote_init  nrfx_gpiote.o
    0x0002ff04   0x0002ff04   0x00000014   Code   RO         1263    i.nrfx_gpiote_is_init  nrfx_gpiote.o
    0x0002ff18   0x0002ff18   0x000000c0   Code   RO         1265    i.nrfx_gpiote_out_init  nrfx_gpiote.o
    0x0002ffd8   0x0002ffd8   0x00000010   Code   RO         1532    i.nrfx_is_in_ram    nrfx_spim.o
    0x0002ffe8   0x0002ffe8   0x00000030   Code   RO          824    i.nrfx_prs_acquire  nrfx_prs.o
    0x00030018   0x00030018   0x000000a4   Code   RO         1794    i.nrfx_saadc_buffer_convert  nrfx_saadc.o
    0x000300bc   0x000300bc   0x000000ac   Code   RO         1796    i.nrfx_saadc_channel_init  nrfx_saadc.o
    0x00030168   0x00030168   0x00000044   Code   RO         1797    i.nrfx_saadc_channel_uninit  nrfx_saadc.o
    0x000301ac   0x000301ac   0x00000094   Code   RO         1798    i.nrfx_saadc_init   nrfx_saadc.o
    0x00030240   0x00030240   0x00000080   Code   RO         1800    i.nrfx_saadc_limits_set  nrfx_saadc.o
    0x000302c0   0x000302c0   0x0000002c   Code   RO         1801    i.nrfx_saadc_sample  nrfx_saadc.o
    0x000302ec   0x000302ec   0x0000006c   Code   RO         1804    i.nrfx_saadc_uninit  nrfx_saadc.o
    0x00030358   0x00030358   0x00000174   Code   RO         1535    i.nrfx_spim_init    nrfx_spim.o
    0x000304cc   0x000304cc   0x00000064   Code   RO         1538    i.nrfx_spim_xfer    nrfx_spim.o
    0x00030530   0x00030530   0x0000003a   Code   RO         2161    i.nrfx_timer_compare  nrfx_timer.o
    0x0003056a   0x0003056a   0x00000002   PAD
    0x0003056c   0x0003056c   0x0000001c   Code   RO         2164    i.nrfx_timer_disable  nrfx_timer.o
    0x00030588   0x00030588   0x0000001c   Code   RO         2165    i.nrfx_timer_enable  nrfx_timer.o
    0x000305a4   0x000305a4   0x0000002a   Code   RO         2166    i.nrfx_timer_extended_compare  nrfx_timer.o
    0x000305ce   0x000305ce   0x00000002   PAD
    0x000305d0   0x000305d0   0x000000bc   Code   RO         2168    i.nrfx_timer_init   nrfx_timer.o
    0x0003068c   0x0003068c   0x00000050   Code   RO         2172    i.nrfx_timer_uninit  nrfx_timer.o
    0x000306dc   0x000306dc   0x00000038   Code   RO         1956    i.nrfx_twi_disable  nrfx_twi.o
    0x00030714   0x00030714   0x00000020   Code   RO         1957    i.nrfx_twi_enable   nrfx_twi.o
    0x00030734   0x00030734   0x000000dc   Code   RO         1958    i.nrfx_twi_init     nrfx_twi.o
    0x00030810   0x00030810   0x00000030   Code   RO         1960    i.nrfx_twi_rx       nrfx_twi.o
    0x00030840   0x00030840   0x00000036   Code   RO         1962    i.nrfx_twi_tx       nrfx_twi.o
    0x00030876   0x00030876   0x00000002   PAD
    0x00030878   0x00030878   0x00000024   Code   RO         1964    i.nrfx_twi_xfer     nrfx_twi.o
    0x0003089c   0x0003089c   0x0000017c   Code   RO         3997    i.on_radio_disabled_rx  nrf_esb.o
    0x00030a18   0x00030a18   0x00000040   Code   RO         3998    i.on_radio_disabled_rx_ack  nrf_esb.o
    0x00030a58   0x00030a58   0x00000080   Code   RO         3999    i.on_radio_disabled_tx  nrf_esb.o
    0x00030ad8   0x00030ad8   0x0000003c   Code   RO         4000    i.on_radio_disabled_tx_noack  nrf_esb.o
    0x00030b14   0x00030b14   0x00000134   Code   RO         4001    i.on_radio_disabled_tx_wait_for_ack  nrf_esb.o
    0x00030c48   0x00030c48   0x00000024   Code   RO         2920    i.page_identify     fds.o
    0x00030c6c   0x00030c6c   0x0000001c   Code   RO         2921    i.page_offsets_update  fds.o
    0x00030c88   0x00030c88   0x0000006c   Code   RO         2922    i.page_scan         fds.o
    0x00030cf4   0x00030cf4   0x0000001c   Code   RO         2923    i.page_tag_write_data  fds.o
    0x00030d10   0x00030d10   0x00000024   Code   RO         2924    i.page_tag_write_swap  fds.o
    0x00030d34   0x00030d34   0x0000011c   Code   RO         2925    i.pages_init        fds.o
    0x00030e50   0x00030e50   0x00000028   Code   RO         5393    i.persist_init      persist.o
    0x00030e78   0x00030e78   0x00000064   Code   RO         5394    i.persist_read      persist.o
    0x00030edc   0x00030edc   0x00000068   Code   RO         5395    i.persist_write     persist.o
    0x00030f44   0x00030f44   0x00000018   Code   RO         1279    i.pin_in_use_by_port  nrfx_gpiote.o
    0x00030f5c   0x00030f5c   0x00000018   Code   RO         1280    i.pin_in_use_by_te  nrfx_gpiote.o
    0x00030f74   0x00030f74   0x00000040   Code   RO         8871    i.plat_in_init      imu_usr.o
    0x00030fb4   0x00030fb4   0x00000020   Code   RO         8873    i.plat_spi_event    imu_usr.o
    0x00030fd4   0x00030fd4   0x0000002c   Code   RO         5520    i.port_init         fr2522.o
    0x00031000   0x00031000   0x00000048   Code   RO         5442    i.power_check_handler  power.o
    0x00031048   0x00031048   0x00000028   Code   RO         5443    i.power_check_init  power.o
    0x00031070   0x00031070   0x0000001c   Code   RO         5444    i.power_check_stop  power.o
    0x0003108c   0x0003108c   0x00000038   Code   RO         5445    i.power_off_start   power.o
    0x000310c4   0x000310c4   0x00000014   Code   RO         5446    i.power_set_off     power.o
    0x000310d8   0x000310d8   0x000000c0   Code   RO           11    i.protocal_data_cb  ctll.o
    0x00031198   0x00031198   0x00000020   Code   RO           12    i.protocal_data_start  ctll.o
    0x000311b8   0x000311b8   0x00000008   Code   RO           13    i.protocal_data_stop  ctll.o
    0x000311c0   0x000311c0   0x00000074   Code   RO           14    i.protocal_datarr_cb  ctll.o
    0x00031234   0x00031234   0x00000010   Code   RO           15    i.protocal_link_state  ctll.o
    0x00031244   0x00031244   0x0000000c   Code   RO           16    i.protocal_size_cb  ctll.o
    0x00031250   0x00031250   0x00000018   Code   RO          826    i.prs_box_get       nrfx_prs.o
    0x00031268   0x00031268   0x00000104   Code   RO         5991    i.quaternion2AxisAngle  madgwickahrs.o
    0x0003136c   0x0003136c   0x0000001c   Code   RO         2926    i.queue_buf_get     fds.o
    0x00031388   0x00031388   0x00000010   Code   RO         2927    i.queue_buf_store   fds.o
    0x00031398   0x00031398   0x000000a0   Code   RO         2928    i.queue_process     fds.o
    0x00031438   0x00031438   0x0000001c   Code   RO         2929    i.queue_start       fds.o
    0x00031454   0x00031454   0x0000000e   Code   RO         3371    i.read              nrf_fstorage_nvmc.o
    0x00031462   0x00031462   0x00000002   PAD
    0x00031464   0x00031464   0x00000088   Code   RO         2930    i.record_find       fds.o
    0x000314ec   0x000314ec   0x000000a0   Code   RO         2931    i.record_find_by_desc  fds.o
    0x0003158c   0x0003158c   0x0000005c   Code   RO         2932    i.record_find_next  fds.o
    0x000315e8   0x000315e8   0x00000038   Code   RO         2933    i.record_header_flag_dirty  fds.o
    0x00031620   0x00031620   0x0000002c   Code   RO         8667    i.resetAccCalibration  imucalibration.o
    0x0003164c   0x0003164c   0x00000020   Code   RO         8668    i.resetInterval     imucalibration.o
    0x0003166c   0x0003166c   0x0000002c   Code   RO         8669    i.resetMagCalibration  imucalibration.o
    0x00031698   0x00031698   0x0000001c   Code   RO         4002    i.reset_fifos       nrf_esb.o
    0x000316b4   0x000316b4   0x00000128   Code   RO         4766    i.rf_bond_event     s_rf.o
    0x000317dc   0x000317dc   0x00000024   Code   RO         4767    i.rf_change_address  s_rf.o
    0x00031800   0x00031800   0x00000010   Code   RO         4768    i.rf_change_ramup   s_rf.o
    0x00031810   0x00031810   0x00000048   Code   RO         4769    i.rf_clear_bond_info  s_rf.o
    0x00031858   0x00031858   0x00000140   Code   RO         4770    i.rf_data_event     s_rf.o
    0x00031998   0x00031998   0x00000114   Code   RO         4771    i.rf_data_send      s_rf.o
    0x00031aac   0x00031aac   0x00000010   Code   RO         4772    i.rf_debug_init     s_rf.o
    0x00031abc   0x00031abc   0x00000018   Code   RO         4773    i.rf_debug_print    s_rf.o
    0x00031ad4   0x00031ad4   0x00000014   Code   RO         4774    i.rf_get_bond_info  s_rf.o
    0x00031ae8   0x00031ae8   0x0000005c   Code   RO         4775    i.rf_init_bond_info  s_rf.o
    0x00031b44   0x00031b44   0x00000058   Code   RO         4776    i.rf_module_init_and_start  s_rf.o
    0x00031b9c   0x00031b9c   0x00000028   Code   RO         4777    i.rf_module_stop    s_rf.o
    0x00031bc4   0x00031bc4   0x0000004c   Code   RO         4778    i.rf_save_bond_info  s_rf.o
    0x00031c10   0x00031c10   0x00000034   Code   RO         4779    i.rf_set_channel    s_rf.o
    0x00031c44   0x00031c44   0x000000c8   Code   RO         4780    i.rf_start_bond     s_rf.o
    0x00031d0c   0x00031d0c   0x000000f8   Code   RO         4781    i.rf_start_data     s_rf.o
    0x00031e04   0x00031e04   0x00000020   Code   RO         4782    i.rf_stop           s_rf.o
    0x00031e24   0x00031e24   0x00000020   Code   RO         4783    i.rf_timer_bond     s_rf.o
    0x00031e44   0x00031e44   0x000000ac   Code   RO         4784    i.rf_timer_data     s_rf.o
    0x00031ef0   0x00031ef0   0x00000034   Code   RO         4785    i.rf_timer_init     s_rf.o
    0x00031f24   0x00031f24   0x00000028   Code   RO         5189    i.rled_Deinit       rled.o
    0x00031f4c   0x00031f4c   0x00000064   Code   RO         5190    i.rled_init         rled.o
    0x00031fb0   0x00031fb0   0x00000014   Code   RO         5191    i.rled_start        rled.o
    0x00031fc4   0x00031fc4   0x0000003e   Code   RO         5192    i.rled_test         rled.o
    0x00032002   0x00032002   0x00000002   PAD
    0x00032004   0x00032004   0x0000000c   Code   RO         5282    i.rm1_get           input.o
    0x00032010   0x00032010   0x0000005c   Code   RO         5283    i.rm1_set           input.o
    0x0003206c   0x0003206c   0x0000000c   Code   RO         5284    i.rm2_get           input.o
    0x00032078   0x00032078   0x00000058   Code   RO         5285    i.rm2_set           input.o
    0x000320d0   0x000320d0   0x00000010   Code   RO         5286    i.rm_get            input.o
    0x000320e0   0x000320e0   0x00000004   Code   RO         3372    i.rmap              nrf_fstorage_nvmc.o
    0x000320e4   0x000320e4   0x0000003c   Code   RO         3510    i.rtc1_stop         app_timer.o
    0x00032120   0x00032120   0x00000098   Code   RO         4003    i.rx_fifo_push_rfbuf  nrf_esb.o
    0x000321b8   0x000321b8   0x00000074   Code   RO         5695    i.saadc_boardId_batteryLevel_init  saadc.o
    0x0003222c   0x0003222c   0x0000005c   Code   RO         5696    i.saadc_callback    saadc.o
    0x00032288   0x00032288   0x00000034   Code   RO         5697    i.saadc_deinit      saadc.o
    0x000322bc   0x000322bc   0x00000080   Code   RO         5698    i.saadc_init        saadc.o
    0x0003233c   0x0003233c   0x0000005c   Code   RO           17    i.saadc_init_chanel  ctll.o
    0x00032398   0x00032398   0x00000004   Code   RO         5699    i.saadc_start       saadc.o
    0x0003239c   0x0003239c   0x0000000e   Code   RO         5700    i.saadc_time_handler  saadc.o
    0x000323aa   0x000323aa   0x00000002   PAD
    0x000323ac   0x000323ac   0x00000024   Code   RO         5701    i.saadc_time_init   saadc.o
    0x000323d0   0x000323d0   0x00000044   Code   RO         5702    i.saadc_time_start  saadc.o
    0x00032414   0x00032414   0x000000f4   Code   RO         5871    i.set_data          data.o
    0x00032508   0x00032508   0x0000000c   Code   RO         5872    i.set_entry         data.o
    0x00032514   0x00032514   0x0000006c   Code   RO         5873    i.set_imu_hc        data.o
    0x00032580   0x00032580   0x00000012   Code   RO         8670    i.setfloat          imucalibration.o
    0x00032592   0x00032592   0x00000002   PAD
    0x00032594   0x00032594   0x00000028   Code   RO         8874    i.spi_plat_init     imu_usr.o
    0x000325bc   0x000325bc   0x00000038   Code   RO          530    i.spim_evt_handler  nrf_drv_spi.o
    0x000325f4   0x000325f4   0x000000bc   Code   RO         1539    i.spim_xfer         nrfx_spim.o
    0x000326b0   0x000326b0   0x00000034   Code   RO         8671    i.startCalib        imucalibration.o
    0x000326e4   0x000326e4   0x00000114   Code   RO         4004    i.start_tx_transaction  nrf_esb.o
    0x000327f8   0x000327f8   0x0000001a   Code   RO         4634    i.sys_clocks_switch  sys.o
    0x00032812   0x00032812   0x00000004   Code   RO         4636    i.sys_tick_get_dur  sys.o
    0x00032816   0x00032816   0x00000002   PAD
    0x00032818   0x00032818   0x0000000c   Code   RO         4637    i.sys_tick_get_unlock  sys.o
    0x00032824   0x00032824   0x00000048   Code   RO         4638    i.sys_tick_init     sys.o
    0x0003286c   0x0003286c   0x0000001c   Code   RO         4639    i.sys_tick_irq      sys.o
    0x00032888   0x00032888   0x00000020   Code   RO         4640    i.sys_tick_irqdisable  sys.o
    0x000328a8   0x000328a8   0x00000020   Code   RO         4641    i.sys_tick_irqenable  sys.o
    0x000328c8   0x000328c8   0x0000000c   Code   RO         4642    i.sys_tick_reg_cb   sys.o
    0x000328d4   0x000328d4   0x00000014   Code   RO         4643    i.sys_tick_start    sys.o
    0x000328e8   0x000328e8   0x0000000c   Code   RO         4644    i.sys_tick_stop     sys.o
    0x000328f4   0x000328f4   0x0000000c   Code   RO         4645    i.sys_tick_unint    sys.o
    0x00032900   0x00032900   0x0000006c   Code   RO           18    i.tem_init          ctll.o
    0x0003296c   0x0003296c   0x00000148   Code   RO         4908    i.test_board_only_factory  test.o
    0x00032ab4   0x00032ab4   0x00000044   Code   RO         4909    i.test_calib_start  test.o
    0x00032af8   0x00032af8   0x0000001c   Code   RO         4910    i.test_cancel_calib  test.o
    0x00032b14   0x00032b14   0x0000001c   Code   RO         4911    i.test_cancel_clr   test.o
    0x00032b30   0x00032b30   0x0000001c   Code   RO         4912    i.test_cancel_exit  test.o
    0x00032b4c   0x00032b4c   0x00000044   Code   RO         4913    i.test_clr_start    test.o
    0x00032b90   0x00032b90   0x00000044   Code   RO         4915    i.test_exit_start   test.o
    0x00032bd4   0x00032bd4   0x000000e0   Code   RO         4916    i.test_key_process  test.o
    0x00032cb4   0x00032cb4   0x00000018   Code   RO         4920    i.test_mode_key_vib  test.o
    0x00032ccc   0x00032ccc   0x00000018   Code   RO         3511    i.timeout_handler_scheduled_exec  app_timer.o
    0x00032ce4   0x00032ce4   0x00000080   Code   RO         3512    i.timer_list_handler  app_timer.o
    0x00032d64   0x00032d64   0x0000003c   Code   RO         3513    i.timer_list_insert  app_timer.o
    0x00032da0   0x00032da0   0x00000060   Code   RO         3514    i.timer_list_remove  app_timer.o
    0x00032e00   0x00032e00   0x00000040   Code   RO         3515    i.timer_stop_op_schedule  app_timer.o
    0x00032e40   0x00032e40   0x00000088   Code   RO         3516    i.timer_timeouts_check  app_timer.o
    0x00032ec8   0x00032ec8   0x00000040   Code   RO         5194    i.trig_rled         rled.o
    0x00032f08   0x00032f08   0x0000048c   Code   RO         8672    i.tryCalibration    imucalibration.o
    0x00033394   0x00033394   0x0000001c   Code   RO         4922    i.tst_check_handler  test.o
    0x000333b0   0x000333b0   0x0000001c   Code   RO         4923    i.tst_clib_handler  test.o
    0x000333cc   0x000333cc   0x00000024   Code   RO         4924    i.tst_clr_handler   test.o
    0x000333f0   0x000333f0   0x000000aa   Code   RO          567    i.twi_clear_bus     nrf_drv_twi.o
    0x0003349a   0x0003349a   0x00000002   PAD
    0x0003349c   0x0003349c   0x00000040   Code   RO          568    i.twi_evt_handler   nrf_drv_twi.o
    0x000334dc   0x000334dc   0x000000ba   Code   RO         1965    i.twi_irq_handler   nrfx_twi.o
    0x00033596   0x00033596   0x0000001e   Code   RO         1966    i.twi_process_error  nrfx_twi.o
    0x000335b4   0x000335b4   0x000000c8   Code   RO         1967    i.twi_rx_start_transfer  nrfx_twi.o
    0x0003367c   0x0003367c   0x00000028   Code   RO         1968    i.twi_send_byte     nrfx_twi.o
    0x000336a4   0x000336a4   0x00000104   Code   RO         1969    i.twi_transfer      nrfx_twi.o
    0x000337a8   0x000337a8   0x000000d0   Code   RO         1970    i.twi_tx_start_transfer  nrfx_twi.o
    0x00033878   0x00033878   0x00000094   Code   RO         1971    i.twi_xfer          nrfx_twi.o
    0x0003390c   0x0003390c   0x00000010   Code   RO         3373    i.uninit            nrf_fstorage_nvmc.o
    0x0003391c   0x0003391c   0x00000050   Code   RO         4005    i.update_radio_addresses  nrf_esb.o
    0x0003396c   0x0003396c   0x00000038   Code   RO         4006    i.update_radio_bitrate  nrf_esb.o
    0x000339a4   0x000339a4   0x00000088   Code   RO         4007    i.update_radio_parameters  nrf_esb.o
    0x00033a2c   0x00033a2c   0x00000014   Code   RO         4008    i.update_radio_tx_power  nrf_esb.o
    0x00033a40   0x00033a40   0x0000002c   Code   RO         4009    i.update_rf_payload_format_esb  nrf_esb.o
    0x00033a6c   0x00033a6c   0x0000002c   Code   RO         4010    i.update_rf_payload_format_esb_dpl  nrf_esb.o
    0x00033a98   0x00033a98   0x00000034   Code   RO         5195    i.update_rled       rled.o
    0x00033acc   0x00033acc   0x00000030   Code   RO         3517    i.user_op_alloc     app_timer.o
    0x00033afc   0x00033afc   0x00000040   Code   RO         9629    i.vib_Deinit        vib2.o
    0x00033b3c   0x00033b3c   0x00000078   Code   RO         9630    i.vib_cfg           vib2.o
    0x00033bb4   0x00033bb4   0x0000004c   Code   RO         9632    i.vib_enable        vib2.o
    0x00033c00   0x00033c00   0x00000078   Code   RO         9633    i.vib_init          vib2.o
    0x00033c78   0x00033c78   0x00000010   Code   RO         9293    i.vib_timer_handler  aw8624.o
    0x00033c88   0x00033c88   0x00000004   Code   RO         3374    i.wmap              nrf_fstorage_nvmc.o
    0x00033c8c   0x00033c8c   0x00000044   Code   RO         3375    i.write             nrf_fstorage_nvmc.o
    0x00033cd0   0x00033cd0   0x000000e8   Code   RO         2935    i.write_enqueue     fds.o
    0x00033db8   0x00033db8   0x000000f4   Code   RO         2936    i.write_execute     fds.o
    0x00033eac   0x00033eac   0x00000018   Code   RO         2937    i.write_space_free  fds.o
    0x00033ec4   0x00033ec4   0x0000005c   Code   RO         2938    i.write_space_reserve  fds.o
    0x00033f20   0x00033f20   0x00000006   Data   RO           21    .constdata          ctll.o
    0x00033f26   0x00033f26   0x00000005   Data   RO          433    .constdata          boards.o
    0x00033f2b   0x00033f2b   0x00000001   PAD
    0x00033f2c   0x00033f2c   0x00000010   Data   RO          532    .constdata          nrf_drv_spi.o
    0x00033f3c   0x00033f3c   0x00000004   PAD
    0x00033f40   0x00033f40   0x00000006   Data   RO          569    .constdata          nrf_drv_twi.o
    0x00033f46   0x00033f46   0x00000002   PAD
    0x00033f48   0x00033f48   0x00000004   Data   RO         1282    .constdata          nrfx_gpiote.o
    0x00033f4c   0x00033f4c   0x00000004   Data   RO         1542    .constdata          nrfx_spim.o
    0x00033f50   0x00033f50   0x00000006   Data   RO         1806    .constdata          nrfx_saadc.o
    0x00033f56   0x00033f56   0x00000002   PAD
    0x00033f58   0x00033f58   0x00000018   Data   RO         1974    .constdata          nrfx_twi.o
    0x00033f70   0x00033f70   0x00000018   Data   RO         2941    .constdata          fds.o
    0x00033f88   0x00033f88   0x0000000c   Data   RO         3376    .constdata          nrf_fstorage_nvmc.o
    0x00033f94   0x00033f94   0x00000020   Data   RO         3377    .constdata          nrf_fstorage_nvmc.o
    0x00033fb4   0x00033fb4   0x0000000c   PAD
    0x00033fc0   0x00033fc0   0x00000006   Data   RO         3519    .constdata          app_timer.o
    0x00033fc6   0x00033fc6   0x00000002   PAD
    0x00033fc8   0x00033fc8   0x0000002c   Data   RO         3682    .constdata          bsp.o
    0x00033ff4   0x00033ff4   0x00000008   Data   RO         3787    .constdata          app_button.o
    0x00033ffc   0x00033ffc   0x00000004   PAD
    0x00034000   0x00034000   0x00000018   Data   RO         4646    .constdata          sys.o
    0x00034018   0x00034018   0x00000010   Data   RO         4787    .constdata          s_rf.o
    0x00034028   0x00034028   0x00000008   PAD
    0x00034030   0x00034030   0x00000016   Data   RO         4929    .constdata          test.o
    0x00034046   0x00034046   0x0000000a   PAD
    0x00034050   0x00034050   0x00000078   Data   RO         5076    .constdata          led.o
    0x000340c8   0x000340c8   0x00000008   PAD
    0x000340d0   0x000340d0   0x00000006   Data   RO         5196    .constdata          rled.o
    0x000340d6   0x000340d6   0x0000000a   PAD
    0x000340e0   0x000340e0   0x00000016   Data   RO         5448    .constdata          power.o
    0x000340f6   0x000340f6   0x0000000a   PAD
    0x00034100   0x00034100   0x00000038   Data   RO         5522    .constdata          fr2522.o
    0x00034138   0x00034138   0x00000004   Data   RO         5639    .constdata          battery.o
    0x0003413c   0x0003413c   0x0000001d   Data   RO         5706    .constdata          saadc.o
    0x00034159   0x00034159   0x00000001   PAD
    0x0003415a   0x0003415a   0x00000018   Data   RO         6124    .constdata          icm20601.o
    0x00034172   0x00034172   0x0000000e   PAD
    0x00034180   0x00034180   0x00000006   Data   RO         6396    .constdata          icm_usr.o
    0x00034186   0x00034186   0x00000002   PAD
    0x00034188   0x00034188   0x00000024   Data   RO         8875    .constdata          imu_usr.o
    0x000341ac   0x000341ac   0x00000004   PAD
    0x000341b0   0x000341b0   0x00000016   Data   RO         8985    .constdata          imu_wrp.o
    0x000341c6   0x000341c6   0x0000000a   PAD
    0x000341d0   0x000341d0   0x00000006   Data   RO         9124    .constdata          akm09911.o
    0x000341d6   0x000341d6   0x0000000a   PAD
    0x000341e0   0x000341e0   0x00000016   Data   RO         9296    .constdata          aw8624.o
    0x000341f6   0x000341f6   0x000000ff   Data   RO         9578    .constdata          aw8624_debug_attr.o
    0x000342f5   0x000342f5   0x0000000b   PAD
    0x00034300   0x00034300   0x00000006   Data   RO         9634    .constdata          vib2.o
    0x00034306   0x00034306   0x00000002   PAD
    0x00034308   0x00034308   0x00000098   Data   RO         9860    .constdata          m_wm.l(atan.o)
    0x000343a0   0x000343a0   0x00000030   Data   RO         9872    .constdata          m_wm.l(cos_i.o)
    0x000343d0   0x000343d0   0x00000008   Data   RO         9914    .constdata          m_wm.l(qnan.o)
    0x000343d8   0x000343d8   0x000000c8   Data   RO         9917    .constdata          m_wm.l(rred.o)
    0x000344a0   0x000344a0   0x00000028   Data   RO         9921    .constdata          m_wm.l(sin_i.o)
    0x000344c8   0x000344c8   0x00000020   Data   RO         9976    Region$$Table       anon$$obj.o


    Execution Region RW_IRAM1 (Exec base: 0x20001fd0, Load base: 0x000344e8, Size: 0x00005320, Max: 0x0000e030, ABSOLUTE, COMPRESSED[0x00000890])

    Exec Addr    Load Addr    Size         Type   Attr      Idx    E Section Name        Object

    0x20001fd0   COMPRESSED   0x00000018   Data   RW           22    .data               ctll.o
    0x20001fe8   COMPRESSED   0x00000004   Data   RW           23    .data               ctll.o
    0x20001fec   COMPRESSED   0x00000010   Data   RW          570    .data               nrf_drv_twi.o
    0x20001ffc   COMPRESSED   0x00000008   Data   RW          828    .data               nrfx_prs.o
    0x20002004   COMPRESSED   0x00000008   Data   RW         1694    .data               nrfx_pwm.o
    0x2000200c   COMPRESSED   0x00000004   Data   RW         2335    .data               app_util_platform.o
    0x20002010   COMPRESSED   0x00000030   Data   RW         2942    .data               fds.o
    0x20002040   COMPRESSED   0x00000004   Data   RW         3378    .data               nrf_fstorage_nvmc.o
    0x20002044   COMPRESSED   0x00000010   Data   RW         3445    .data               app_scheduler.o
    0x20002054   COMPRESSED   0x00000014   Data   RW         3520    .data               app_timer.o
    0x20002068   COMPRESSED   0x00000010   Data   RW         3683    .data               bsp.o
    0x20002078   COMPRESSED   0x00000020   Data   RW         3788    .data               app_button.o
    0x20002098   COMPRESSED   0x00000048   Data   RW         4012    .data               nrf_esb.o
    0x200020e0   COMPRESSED   0x0000000c   Data   RW         4647    .data               sys.o
    0x200020ec   COMPRESSED   0x000000e0   Data   RW         4789    .data               s_rf.o
    0x200021cc   COMPRESSED   0x00000038   Data   RW         4932    .data               test.o
    0x20002204   COMPRESSED   0x0000005c   Data   RW         5077    .data               led.o
    0x20002260   COMPRESSED   0x0000001c   Data   RW         5198    .data               rled.o
    0x2000227c   COMPRESSED   0x0000000c   Data   RW         5287    .data               input.o
    0x20002288   COMPRESSED   0x00000001   Data   RW         5396    .data               persist.o
    0x20002289   COMPRESSED   0x00000001   Data   RW         5449    .data               power.o
    0x2000228a   COMPRESSED   0x00000002   PAD
    0x2000228c   COMPRESSED   0x00000008   Data   RW         5523    .data               fr2522.o
    0x20002294   COMPRESSED   0x00000010   Data   RW         5640    .data               battery.o
    0x200022a4   COMPRESSED   0x00000004   Data   RW         5707    .data               saadc.o
    0x200022a8   COMPRESSED   0x00000004   Data   RW         5874    .data               data.o
    0x200022ac   COMPRESSED   0x00000020   Data   RW         5992    .data               madgwickahrs.o
    0x200022cc   COMPRESSED   0x0000000c   Data   RW         6397    .data               icm_usr.o
    0x200022d8   COMPRESSED   0x00000018   Data   RW         6530    .data               lsm_usr.o
    0x200022f0   COMPRESSED   0x00000044   Data   RW         8675    .data               imucalibration.o
    0x20002334   COMPRESSED   0x00000001   Data   RW         8876    .data               imu_usr.o
    0x20002335   COMPRESSED   0x00000003   PAD
    0x20002338   COMPRESSED   0x00000018   Data   RW         8877    .data               imu_usr.o
    0x20002350   COMPRESSED   0x00000024   Data   RW         8986    .data               imu_wrp.o
    0x20002374   COMPRESSED   0x00000024   Data   RW         9125    .data               akm09911.o
    0x20002398   COMPRESSED   0x00000014   Data   RW         9126    .data               akm09911.o
    0x200023ac   COMPRESSED   0x00000014   Data   RW         9224    .data               aw_common.o
    0x200023c0   COMPRESSED   0x00000040   Data   RW         9225    .data               aw_common.o
    0x20002400   COMPRESSED   0x00000004   Data   RW         9226    .data               aw_common.o
    0x20002404   COMPRESSED   0x00000004   Data   RW         9227    .data               aw_common.o
    0x20002408   COMPRESSED   0x000011b8   Data   RW         9326    .data               aw8624.o
    0x200035c0   COMPRESSED   0x00000004   Data   RW         9636    .data               vib2.o
    0x200035c4   COMPRESSED   0x00000004   Data   RW         9708    .data               system_nrf52.o
    0x200035c8   COMPRESSED   0x00000004   Data   RW         9948    .data               mc_w.l(errno.o)
    0x200035cc   COMPRESSED   0x00000014   Data   RW         2943    fs_data             fds.o
    0x200035e0        -       0x000000b0   Zero   RW           20    .bss                ctll.o
    0x20003690        -       0x00000018   Zero   RW          531    .bss                nrf_drv_spi.o
    0x200036a8        -       0x00000068   Zero   RW         1281    .bss                nrfx_gpiote.o
    0x20003710        -       0x00000024   Zero   RW         1540    .bss                nrfx_spim.o
    0x20003734        -       0x00000030   Zero   RW         1805    .bss                nrfx_saadc.o
    0x20003764        -       0x0000003c   Zero   RW         1972    .bss                nrfx_twi.o
    0x200037a0        -       0x00000018   Zero   RW         2173    .bss                nrfx_timer.o
    0x200037b8        -       0x00000010   Zero   RW         2939    .bss                fds.o
    0x200037c8        -       0x000000e0   Zero   RW         2940    .bss                fds.o
    0x200038a8        -       0x0000010c   Zero   RW         3518    .bss                app_timer.o
    0x200039b4        -       0x00000020   Zero   RW         3678    .bss                bsp.o
    0x200039d4        -       0x00000020   Zero   RW         3679    .bss                bsp.o
    0x200039f4        -       0x0000000c   Zero   RW         3680    .bss                bsp.o
    0x20003a00        -       0x00000020   Zero   RW         3681    .bss                bsp.o
    0x20003a20        -       0x00000020   Zero   RW         3786    .bss                app_button.o
    0x20003a40        -       0x00000324   Zero   RW         4011    .bss                nrf_esb.o
    0x20003d64        -       0x00000088   Zero   RW         4786    .bss                s_rf.o
    0x20003dec        -       0x00000020   Zero   RW         4925    .bss                test.o
    0x20003e0c        -       0x00000020   Zero   RW         4926    .bss                test.o
    0x20003e2c        -       0x00000020   Zero   RW         4927    .bss                test.o
    0x20003e4c        -       0x00000018   Zero   RW         4928    .bss                test.o
    0x20003e64        -       0x00000020   Zero   RW         5075    .bss                led.o
    0x20003e84        -       0x00000020   Zero   RW         5447    .bss                power.o
    0x20003ea4        -       0x00000020   Zero   RW         5521    .bss                fr2522.o
    0x20003ec4        -       0x00000020   Zero   RW         5637    .bss                battery.o
    0x20003ee4        -       0x0000003c   Zero   RW         5638    .bss                battery.o
    0x20003f20        -       0x00000020   Zero   RW         5704    .bss                saadc.o
    0x20003f40        -       0x00000032   Zero   RW         5705    .bss                saadc.o
    0x20003f72   COMPRESSED   0x00000002   PAD
    0x20003f74        -       0x00000484   Zero   RW         5806    .bss                d_packet.o
    0x200043f8        -       0x00000184   Zero   RW         5930    .bss                magfifo.o
    0x2000457c        -       0x00000098   Zero   RW         6395    .bss                icm_usr.o
    0x20004614        -       0x00000070   Zero   RW         6529    .bss                lsm_usr.o
    0x20004684        -       0x000007a0   Zero   RW         8673    .bss                imucalibration.o
    0x20004e24        -       0x00000020   Zero   RW         8983    .bss                imu_wrp.o
    0x20004e44        -       0x0000008c   Zero   RW         8984    .bss                imu_wrp.o
    0x20004ed0        -       0x00000020   Zero   RW         9294    .bss                aw8624.o
    0x20004ef0        -       0x00000400   Zero   RW         9295    .bss                aw8624.o
    0x200052f0        -       0x00002000   Zero   RW         9696    STACK               arm_startup_nrf52.o


==============================================================================

Image component sizes


      Code (inc. data)   RO Data    RW Data    ZI Data      Debug   Object Name

       404         28          6         56          0      11504   akm09911.o
       444         36          8         32         32      16654   app_button.o
       264         16          0         16          0       4235   app_scheduler.o
      1538        120          6         20        268      46939   app_timer.o
        44         10          0          4          0       2720   app_util_platform.o
        36          8        512          0       8192        848   arm_startup_nrf52.o
      3154        162         22       4536       1056      39014   aw8624.o
       216         24        255          0          0       4104   aw8624_debug_attr.o
         0          0          0         92          0       4421   aw_common.o
       196         20          4         16         92       3502   battery.o
       302         34          5          0          0      11453   boards.o
       910         78         44         16        108      12107   bsp.o
      1268        168          6         28        176     126952   ctll.o
       232         20          0          0       1156       4227   d_packet.o
       364         22          0          4          0       3326   data.o
      3302        308         24         68        240      79598   fds.o
       502         50         56          8         32      29253   fr2522.o
      4006         54         24          0          0      30443   icm20601.o
       760         66          6         12        152      22974   icm_usr.o
       330         42         36         25          0      15541   imu_usr.o
      1632        174         22         36        172      12908   imu_wrp.o
      6766        306          0         68       1952      34509   imucalibration.o
       534         74          0         12          0      12661   input.o
       598         98        120         92         32       8688   led.o
      1576          0          0          0          0      53672   lsm6dsr_reg.o
       666         72          0         24        112      46402   lsm_usr.o
      2178         68          0         32          0       9580   madgwickahrs.o
       156         14          0          0        388       2884   magfifo.o
       326          0          0          0          0       5259   nrf_atfifo.o
       294          0          0          0          0       7329   nrf_atomic.o
       168         18         16          0         24       5931   nrf_drv_spi.o
       328         16          6         16          0      23251   nrf_drv_twi.o
      3934        530          0         72        804      29649   nrf_esb.o
       232          0          0          0          0       5057   nrf_fstorage.o
       260         20         44          4          0       8684   nrf_fstorage_nvmc.o
       116         18          0          0          0       1717   nrf_nvmc.o
      1486        110          4          0        104      59370   nrfx_gpiote.o
        84         16          0          8          0       3157   nrfx_prs.o
       194          8          0          8          0       9390   nrfx_pwm.o
      1264        108          6          0         48      21064   nrfx_saadc.o
       854         24          4          0         36      19697   nrfx_spim.o
       546         40          0          0         24      15906   nrfx_timer.o
      1592         54         24          0         60      26242   nrfx_twi.o
         0          0          0          0          0      31955   nrfx_uart.o
         0          0          0          0          0       2012   nrfx_uarte.o
       280         18          0          1          0       4574   persist.o
       344         50         22          1         32       6325   power.o
       368         30          6         28          0      14631   rled.o
      2160        196         16        224        136      18044   s_rf.o
       630         76         29          4         82      18853   saadc.o
       322         66         24         12          0      42334   sys.o
       796         70          0          4          0       2795   system_nrf52.o
      1380        170         22         56        120      12769   test.o
       402         52          6          4          0       7471   vib2.o

    ----------------------------------------------------------------------
     50818       3762       1544       5644      15632    1054585   Object Totals
         0          0         32          0          0          0   (incl. Generated)
        80          0        127          5          2          0   (incl. Padding)

    ----------------------------------------------------------------------

      Code (inc. data)   RO Data    RW Data    ZI Data      Debug   Library Member Name

       744        106        152          0          0        352   atan.o
       512         64          0          0          0        208   atan2.o
       368         46         48          0          0        200   cos_i.o
       104         16          0          0          0        496   dunder.o
        24          0          0          0          0        124   fabs.o
        48          0          0          0          0        124   fpclassify.o
       248          0          0          0          0        152   poly.o
         0          0          8          0          0          0   qnan.o
      1080        142        200          0          0        188   rred.o
       200         20          0          0          0        164   sin.o
       304         24         40          0          0        208   sin_i.o
       122          0          0          0          0        148   sqrt.o
        58          0          0          0          0        136   sqrtf.o
        94          0          0          0          0          0   __dclz77c.o
         0          0          0          0          0          0   entry.o
         0          0          0          0          0          0   entry10a.o
         0          0          0          0          0          0   entry11a.o
         4          0          0          0          0          0   entry12b.o
         8          4          0          0          0          0   entry2.o
         4          0          0          0          0          0   entry5.o
         0          0          0          0          0          0   entry7b.o
         0          0          0          0          0          0   entry8b.o
         8          4          0          0          0          0   entry9a.o
        12          6          0          4          0         68   errno.o
        30          0          0          0          0          0   handlers.o
        36          8          0          0          0         68   init.o
         0          0          0          0          0          0   iusefp.o
        30          0          0          0          0         68   llshl.o
        36          0          0          0          0         68   llsshr.o
        32          0          0          0          0         68   llushr.o
        36          0          0          0          0         68   memcpya.o
        36          0          0          0          0        108   memseta.o
        98          0          0          0          0         92   uldiv.o
        48          0          0          0          0         68   cdcmple.o
        56          0          0          0          0         88   d2f.o
       334          0          0          0          0        148   dadd.o
       222          0          0          0          0        100   ddiv.o
       186          0          0          0          0        176   depilogue.o
        62          0          0          0          0         80   dfixi.o
        34          0          0          0          0         76   dflti.o
        26          0          0          0          0         76   dfltui.o
       228          0          0          0          0         96   dmul.o
       162          0          0          0          0        100   dsqrt.o
        38          0          0          0          0         68   f2d.o
       110          0          0          0          0        168   fepilogue.o

    ----------------------------------------------------------------------
      5790        440        448          4          0       4352   Library Totals
         8          0          0          0          0          0   (incl. Padding)

    ----------------------------------------------------------------------

      Code (inc. data)   RO Data    RW Data    ZI Data      Debug   Library Name

      3812        418        448          0          0       2500   m_wm.l
       464         22          0          4          0        608   mc_w.l
      1506          0          0          0          0       1244   mf_w.l

    ----------------------------------------------------------------------
      5790        440        448          4          0       4352   Library Totals

    ----------------------------------------------------------------------

==============================================================================


      Code (inc. data)   RO Data    RW Data    ZI Data      Debug   

     56608       4202       1992       5648      15632     998637   Grand Totals
     56608       4202       1992       2192      15632     998637   ELF Image Totals (compressed)
     56608       4202       1992       2192          0          0   ROM Totals

==============================================================================

    Total RO  Size (Code + RO Data)                58600 (  57.23kB)
    Total RW  Size (RW Data + ZI Data)             21280 (  20.78kB)
    Total ROM Size (Code + RO Data + RW Data)      60792 (  59.37kB)

==============================================================================

